Archive member included to satisfy reference by file (symbol)

/opt/devkitpro/libctru/lib/libctru.a(console.o)
                              main.o (consoleInit)
/opt/devkitpro/libctru/lib/libctru.a(gfx.o)
                              /opt/devkitpro/libctru/lib/libctru.a(console.o) (gfxIsWide)
/opt/devkitpro/libctru/lib/libctru.a(apt.o)
                              main.o (aptMainLoop)
/opt/devkitpro/libctru/lib/libctru.a(gspgpu.o)
                              /opt/devkitpro/libctru/lib/libctru.a(gfx.o) (gspInit)
/opt/devkitpro/libctru/lib/libctru.a(hid.o)
                              main.o (hidScanInput)
/opt/devkitpro/libctru/lib/libctru.a(httpc.o)
                              main.o (httpcInit)
/opt/devkitpro/libctru/lib/libctru.a(irrst.o)
                              /opt/devkitpro/libctru/lib/libctru.a(hid.o) (irrstInit)
/opt/devkitpro/libctru/lib/libctru.a(soc_init.o)
                              main.o (socInit)
/opt/devkitpro/libctru/lib/libctru.a(soc_recvfrom.o)
                              /opt/devkitpro/libctru/lib/libctru.a(soc_init.o) (soc_recvfrom)
/opt/devkitpro/libctru/lib/libctru.a(soc_sendto.o)
                              /opt/devkitpro/libctru/lib/libctru.a(soc_init.o) (soc_sendto)
/opt/devkitpro/libctru/lib/libctru.a(swkbd.o)
                              main.o (swkbdInit)
/opt/devkitpro/libctru/lib/libctru.a(utf16_to_utf8.o)
                              /opt/devkitpro/libctru/lib/libctru.a(swkbd.o) (utf16_to_utf8)
/opt/devkitpro/libctru/lib/libctru.a(utf8_to_utf16.o)
                              /opt/devkitpro/libctru/lib/libctru.a(swkbd.o) (utf8_to_utf16)
/opt/devkitpro/libctru/lib/libctru.a(ctru_init.o)
                              /opt/devkitpro/libctru/lib/libctru.a(apt.o) (__system_retAddr)
/opt/devkitpro/libctru/lib/libctru.a(initArgv.o)
                              /opt/devkitpro/libctru/lib/libctru.a(ctru_init.o) (__system_initArgv)
/opt/devkitpro/libctru/lib/libctru.a(syscalls.o)
                              /opt/devkitpro/libctru/lib/libctru.a(ctru_init.o) (__system_initSyscalls)
/opt/devkitpro/libctru/lib/libctru.a(svc.o)
                              /opt/devkitpro/libctru/lib/libctru.a(apt.o) (svcSleepThread)
/opt/devkitpro/libctru/lib/libctru.a(stack_adjust.o)
                              /opt/devkitpro/devkitARM/lib/gcc/arm-none-eabi/15.2.0/../../../../arm-none-eabi/lib/armv6k/fpu/3dsx_crt0.o (initSystem)
/opt/devkitpro/libctru/lib/libctru.a(default_font.bin.o)
                              /opt/devkitpro/libctru/lib/libctru.a(console.o) (default_font_bin)
/opt/devkitpro/libctru/lib/libctru.a(linear.o)
                              /opt/devkitpro/libctru/lib/libctru.a(gfx.o) (linearAlloc)
/opt/devkitpro/libctru/lib/libctru.a(mem_pool.o)
                              /opt/devkitpro/libctru/lib/libctru.a(linear.o) (_ZN7MemPool8AllocateER8MemChunkmi)
/opt/devkitpro/libctru/lib/libctru.a(vram.o)
                              /opt/devkitpro/libctru/lib/libctru.a(gfx.o) (vramAlloc)
/opt/devkitpro/libctru/lib/libctru.a(3dslink.o)
                              /opt/devkitpro/libctru/lib/libctru.a(initArgv.o) (__3dslink_host)
/opt/devkitpro/libctru/lib/libctru.a(env.o)
                              /opt/devkitpro/libctru/lib/libctru.a(irrst.o) (envGetHandle)
/opt/devkitpro/libctru/lib/libctru.a(os.o)
                              /opt/devkitpro/libctru/lib/libctru.a(syscalls.o) (osGetTime)
/opt/devkitpro/libctru/lib/libctru.a(srv.o)
                              /opt/devkitpro/libctru/lib/libctru.a(apt.o) (srvInit)
/opt/devkitpro/libctru/lib/libctru.a(synchronization.o)
                              /opt/devkitpro/libctru/lib/libctru.a(ctru_init.o) (__sync_init)
/opt/devkitpro/libctru/lib/libctru.a(thread.o)
                              /opt/devkitpro/libctru/lib/libctru.a(apt.o) (threadCreate)
/opt/devkitpro/libctru/lib/libctru.a(mappable.o)
                              /opt/devkitpro/libctru/lib/libctru.a(apt.o) (mappableAlloc)
/opt/devkitpro/libctru/lib/libctru.a(ptmsysm.o)
                              /opt/devkitpro/libctru/lib/libctru.a(os.o) (ptmSysmInit)
/opt/devkitpro/libctru/lib/libctru.a(srvpm.o)
                              /opt/devkitpro/libctru/lib/libctru.a(srv.o) (srvPmGetSessionHandle)
/opt/devkitpro/libctru/lib/libctru.a(soc_common.o)
                              /opt/devkitpro/libctru/lib/libctru.a(soc_init.o) (_net_convert_error)
/opt/devkitpro/libctru/lib/libctru.a(soc_connect.o)
                              /opt/devkitpro/libctru/lib/libctru.a(3dslink.o) (connect)
/opt/devkitpro/libctru/lib/libctru.a(soc_socket.o)
                              /opt/devkitpro/libctru/lib/libctru.a(3dslink.o) (socket)
/opt/devkitpro/libctru/lib/libctru.a(rbtree_find.o)
                              /opt/devkitpro/libctru/lib/libctru.a(linear.o) (rbtree_find)
/opt/devkitpro/libctru/lib/libctru.a(rbtree_init.o)
                              /opt/devkitpro/libctru/lib/libctru.a(linear.o) (rbtree_init)
/opt/devkitpro/libctru/lib/libctru.a(rbtree_insert.o)
[...]
Memory Configuration

Name             Origin             Length             Attributes
*default*        0x00000000         0xffffffff

Linker script and memory map

                0x00000000                        __sync_synchronize = __sync_synchronize_dmb
                0x00100000                        PROVIDE (__start__ = 0x100000)
                0x00100000                        . = __start__

.text           0x00100000    0x27b94
 *(.crt0)
 .crt0          0x00100000       0x94 /opt/devkitpro/devkitARM/lib/gcc/arm-none-eabi/15.2.0/../../../../arm-none-eabi/lib/armv6k/fpu/3dsx_crt0.o
                0x00100000                _start
                0x00100008                __service_ptr
                0x0010000c                __apt_appid
                0x00100010                __heap_size
                0x00100014                __linear_heap_size
                0x00100018                __system_arglist
                0x0010001c                __system_runflags
 *(.init)
 .init          0x00100094        0xc /opt/devkitpro/devkitARM/lib/gcc/arm-none-eabi/15.2.0/armv6k/fpu/crti.o
                0x00100094                _init
 .init          0x001000a0        0xc /opt/devkitpro/devkitARM/lib/gcc/arm-none-eabi/15.2.0/armv6k/fpu/crtn.o
                0x001000ac                        . = ALIGN (0x4)
 *(.text)
 .text          0x001000ac      0x240 /opt/devkitpro/devkitARM/lib/gcc/arm-none-eabi/15.2.0/armv6k/fpu/libgcc.a(_divsi3.o)
                0x001000ac                __aeabi_idiv
                0x001000ac                __divsi3
                0x001002cc                __aeabi_idivmod
 .text          0x001002ec        0x4 /opt/devkitpro/devkitARM/lib/gcc/arm-none-eabi/15.2.0/armv6k/fpu/libgcc.a(_dvmd_tls.o)
                0x001002ec                __aeabi_ldiv0
                0x001002ec                __aeabi_idiv0
 .text          0x001002f0       0x3c /opt/devkitpro/devkitARM/lib/gcc/arm-none-eabi/15.2.0/armv6k/fpu/libgcc.a(_aeabi_uldivmod.o)
                0x001002f0                __aeabi_uldivmod
 *fill*         0x0010032c       0x14 
 .text          0x00100340      0x390 /opt/devkitpro/devkitARM/lib/gcc/arm-none-eabi/15.2.0/../../../../arm-none-eabi/lib/armv6k/fpu/libg.a(libc_a-strcmp.o)
                0x00100348                strcmp
 .text          0x001006d0      0x20c /opt/devkitpro/devkitARM/lib/gcc/arm-none-eabi/15.2.0/armv6k/fpu/libgcc.a(_udivsi3.o)
                0x001006d0                __udivsi3
                0x001006d0                __aeabi_uidiv
                0x001008bc                __aeabi_uidivmod
 .text          0x001008dc      0x3c0 /opt/devkitpro/devkitARM/lib/gcc/arm-none-eabi/15.2.0/armv6k/fpu/libgcc.a(_arm_addsubdf3.o)
                0x001008dc                __aeabi_drsub
                0x001008e4                __aeabi_dsub
                0x001008e4                __subdf3
                0x001008e8                __adddf3
                0x001008e8                __aeabi_dadd
                0x00100b94                __aeabi_ui2d
                0x00100b94                __floatunsidf
                0x00100bb8                __floatsidf
                0x00100bb8                __aeabi_i2d
                0x00100be0                __extendsfdf2
                0x00100be0                __aeabi_f2d
                0x00100c28                __aeabi_ul2d
                0x00100c28                __floatundidf
                0x00100c3c                __floatdidf
                0x00100c3c                __aeabi_l2d
 *(.text.*)
 .text.__do_global_dtors_aux
                0x00100c9c       0x50 /opt/devkitpro/devkitARM/lib/gcc/arm-none-eabi/15.2.0/armv6k/fpu/crtbegin.o
 .text.frame_dummy
                0x00100cec       0x2c /opt/devkitpro/devkitARM/lib/gcc/arm-none-eabi/15.2.0/armv6k/fpu/crtbegin.o
 .text.cities_load
                0x00100d18       0xa0 cities.o
                0x00100d18                cities_load
 .text.cities_save
                0x00100db8       0x94 cities.o
                0x00100db8                cities_save
 .text.cities_add
                0x00100e4c       0xa4 cities.o
                0x00100e4c                cities_add
 .text.cities_remove
                0x00100ef0       0x60 cities.o
                0x00100ef0                cities_remove
 .text.cities_swap
                0x00100f50       0x64 cities.o
                0x00100f50                cities_swap
 .text.jsmn_init
                0x00100fb4       0x18 jsmn.o
                0x00100fb4                jsmn_init
 .text.jsmn_parse
                0x00100fcc      0x478 jsmn.o
                0x00100fcc                jsmn_parse
 .text.lang_set
                0x00101444       0x14 lang.o
                0x00101444                lang_set
 .text.lang_get
                0x00101458       0x38 lang.o
                0x00101458                lang_get
 .text.lang_name
                0x00101490       0x20 lang.o
                0x00101490                lang_name
 .text.draw_details
                0x001014b0      0x2fc main.o
 .text.draw_language
                0x001017ac       0xf8 main.o
 .text.draw_reorder
                0x001018a4      0x11c main.o
 .text.draw_legend
                0x001019c0      0x138 main.o
 .text.draw_hourly
                0x00101af8      0x13c main.o
 .text.draw_daily
                0x00101c34      0x160 main.o
 .text.draw_city_list
                0x00101d94      0x180 main.o
 .text.draw_current
                0x00101f14      0x268 main.o
 .text.startup.main
                0x0010217c      0xaf8 main.o
                0x0010217c                main
 .text.http_get.constprop.0
                0x00102c74      0x1f4 wheather.o
 .text.weather_geocode
                0x00102e68      0x3ac wheather.o
                0x00102e68                weather_geocode
 .text.weather_fetch
                0x00103214      0xc18 wheather.o
                0x00103214                weather_fetch
 .text.weather_code_desc
                0x00103e2c       0x1c wheather.o
                0x00103e2c                weather_code_desc
 .text.weather_code_icon
                0x00103e48       0xbc wheather.o
                0x00103e48                weather_code_icon
 .text.consoleDrawChar
                0x00103f04      0x1c8 /opt/devkitpro/libctru/lib/libctru.a(console.o)
                0x00103f04                consoleDrawChar
 .text.consolePrintChar
                0x001040cc      0x170 /opt/devkitpro/libctru/lib/libctru.a(console.o)
                0x001040cc                consolePrintChar
 .text.con_write
                0x0010423c      0xcc8 /opt/devkitpro/libctru/lib/libctru.a(console.o)
                0x0010423c                con_write
 .text.newRow   0x00104f04       0xfc /opt/devkitpro/libctru/lib/libctru.a(console.o)
 .text.consoleInit
                0x00105000      0x180 /opt/devkitpro/libctru/lib/libctru.a(console.o)
                0x00105000                consoleInit
 .text.consoleClear
                0x00105180       0xb8 /opt/devkitpro/libctru/lib/libctru.a(console.o)
                0x00105180                consoleClear
 .text.gfxPresentFramebuffer
                0x00105238       0xcc /opt/devkitpro/libctru/lib/libctru.a(gfx.o)
 .text.gfxIsWide
                0x00105304       0x1c /opt/devkitpro/libctru/lib/libctru.a(gfx.o)
                0x00105304                gfxIsWide
 .text.gfxSetScreenFormat
                0x00105320       0xf8 /opt/devkitpro/libctru/lib/libctru.a(gfx.o)
                0x00105320                gfxSetScreenFormat
 .text.gfxSetDoubleBuffering
                0x00105418       0x10 /opt/devkitpro/libctru/lib/libctru.a(gfx.o)
                0x00105418                gfxSetDoubleBuffering
 .text.gfxInit  0x00105428       0xd8 /opt/devkitpro/libctru/lib/libctru.a(gfx.o)
                0x00105428                gfxInit
 .text.gfxInitDefault
                0x00105500       0x10 /opt/devkitpro/libctru/lib/libctru.a(gfx.o)
                0x00105500                gfxInitDefault
 .text.gfxExit  0x00105510       0xb8 /opt/devkitpro/libctru/lib/libctru.a(gfx.o)
                0x00105510                gfxExit
 .text.gfxGetFramebuffer
                0x001055c8       0xa0 /opt/devkitpro/libctru/lib/libctru.a(gfx.o)
                0x001055c8                gfxGetFramebuffer
 .text.gfxFlushBuffers
                0x00105668      0x100 /opt/devkitpro/libctru/lib/libctru.a(gfx.o)
                0x00105668                gfxFlushBuffers
 .text.gfxSwapBuffers
                0x00105768       0x50 /opt/devkitpro/libctru/lib/libctru.a(gfx.o)
                0x00105768                gfxSwapBuffers
 .text.gfxSwapBuffersGpu
                0x001057b8       0x50 /opt/devkitpro/libctru/lib/libctru.a(gfx.o)
                0x001057b8                gfxSwapBuffersGpu
 .text.aptConvertScreenForCapture
                0x00105808      0x180 /opt/devkitpro/libctru/lib/libctru.a(apt.o)
 .text.aptDspSleep
                0x00105988        0x8 /opt/devkitpro/libctru/lib/libctru.a(apt.o)
                0x00105988                aptDspSleep
 .text.aptDspWakeup
                0x00105990        0x4 /opt/devkitpro/libctru/lib/libctru.a(apt.o)
                0x00105990                aptDspWakeup
 .text.aptDspCancel
                0x00105994        0x4 /opt/devkitpro/libctru/lib/libctru.a(apt.o)
                0x00105994                aptDspCancel
 .text.aptSendCommand
                0x00105998      0x138 /opt/devkitpro/libctru/lib/libctru.a(apt.o)
                0x00105998                aptSendCommand
 .text.aptExitProcess
                0x00105ad0       0x44 /opt/devkitpro/libctru/lib/libctru.a(apt.o)
 .text.aptExit  0x00105b14      0x394 /opt/devkitpro/libctru/lib/libctru.a(apt.o)
                0x00105b14                aptExit
 .text.aptHandleSleep
                0x00105ea8       0xd8 /opt/devkitpro/libctru/lib/libctru.a(apt.o)
                0x00105ea8                aptHandleSleep
 .text.aptSetMessageCallback
                0x00105f80       0x1c /opt/devkitpro/libctru/lib/libctru.a(apt.o)
                0x00105f80                aptSetMessageCallback
 .text.APT_SleepIfShellClosed
                0x00105f9c       0x84 /opt/devkitpro/libctru/lib/libctru.a(apt.o)
                0x00105f9c                APT_SleepIfShellClosed
 .text.aptSetSleepAllowed
                0x00106020       0x78 /opt/devkitpro/libctru/lib/libctru.a(apt.o)
                0x00106020                aptSetSleepAllowed
 .text.APT_UnlockTransition
                0x00106098       0x84 /opt/devkitpro/libctru/lib/libctru.a(apt.o)
                0x00106098                APT_UnlockTransition
 *fill*         0x0010611c        0x4 
 .text.aptEventHandler
                0x00106120      0x470 /opt/devkitpro/libctru/lib/libctru.a(apt.o)
 .text.APT_ReceiveParameter
                0x00106590       0xbc /opt/devkitpro/libctru/lib/libctru.a(apt.o)
                0x00106590                APT_ReceiveParameter
 .text.aptReceiveParameter.constprop.0
                0x0010664c       0xb0 /opt/devkitpro/libctru/lib/libctru.a(apt.o)
 *fill*         0x001066fc        0x4 
 .text.aptScreenTransfer
                0x00106700      0x294 /opt/devkitpro/libctru/lib/libctru.a(apt.o)
 .text.aptWaitForWakeUp.isra.0
                0x00106994      0x2d0 /opt/devkitpro/libctru/lib/libctru.a(apt.o)
 .text.aptLaunchLibraryApplet
                0x00106c64      0x114 /opt/devkitpro/libctru/lib/libctru.a(apt.o)
                0x00106c64                aptLaunchLibraryApplet
 .text.aptJumpToHomeMenu
                0x00106d78       0xf4 /opt/devkitpro/libctru/lib/libctru.a(apt.o)
                0x00106d78                aptJumpToHomeMenu
 .text.aptMainLoop
                0x00106e6c       0x58 /opt/devkitpro/libctru/lib/libctru.a(apt.o)
                0x00106e6c                aptMainLoop
 .text.aptInit  0x00106ec4      0x240 /opt/devkitpro/libctru/lib/libctru.a(apt.o)
                0x00106ec4                aptInit
 .text.APT_SendParameter
                0x00107104       0x5c /opt/devkitpro/libctru/lib/libctru.a(apt.o)
                0x00107104                APT_SendParameter
 .text.APT_CheckNew3DS
                0x00107160       0x90 /opt/devkitpro/libctru/lib/libctru.a(apt.o)
                0x00107160                APT_CheckNew3DS
 .text.gspHardwareInit
                0x001071f0      0xc70 /opt/devkitpro/libctru/lib/libctru.a(gspgpu.o)
 .text.gspInit  0x00107e60      0x288 /opt/devkitpro/libctru/lib/libctru.a(gspgpu.o)
                0x00107e60                gspInit
 .text.gspExit  0x001080e8      0x104 /opt/devkitpro/libctru/lib/libctru.a(gspgpu.o)
                0x001080e8                gspExit
 .text.gspHasGpuRight
                0x001081ec       0x10 /opt/devkitpro/libctru/lib/libctru.a(gspgpu.o)
                0x001081ec                gspHasGpuRight
 .text.gspPresentBuffer
                0x001081fc       0xa4 /opt/devkitpro/libctru/lib/libctru.a(gspgpu.o)
                0x001081fc                gspPresentBuffer
 .text.gspWaitForEvent
                0x001082a0       0x50 /opt/devkitpro/libctru/lib/libctru.a(gspgpu.o)
                0x001082a0                gspWaitForEvent
 .text.gxCmdQueueInterrupt
                0x001082f0        0x4 /opt/devkitpro/libctru/lib/libctru.a(gspgpu.o)
                0x001082f0                gxCmdQueueInterrupt
 .text.gspEventThreadMain
                0x001082f4      0x154 /opt/devkitpro/libctru/lib/libctru.a(gspgpu.o)
 .text.GSPGPU_FlushDataCache
                0x00108448       0x50 /opt/devkitpro/libctru/lib/libctru.a(gspgpu.o)
                0x00108448                GSPGPU_FlushDataCache
 .text.GSPGPU_SetLcdForceBlack
                0x00108498       0x34 /opt/devkitpro/libctru/lib/libctru.a(gspgpu.o)
                0x00108498                GSPGPU_SetLcdForceBlack
 .text.GSPGPU_AcquireRight
                0x001084cc       0x84 /opt/devkitpro/libctru/lib/libctru.a(gspgpu.o)
                0x001084cc                GSPGPU_AcquireRight
 .text.GSPGPU_ReleaseRight
                0x00108550       0x64 /opt/devkitpro/libctru/lib/libctru.a(gspgpu.o)
                0x00108550                GSPGPU_ReleaseRight
 .text.GSPGPU_ImportDisplayCaptureInfo
                0x001085b4       0x7c /opt/devkitpro/libctru/lib/libctru.a(gspgpu.o)
                0x001085b4                GSPGPU_ImportDisplayCaptureInfo
 .text.GSPGPU_SaveVramSysArea
                0x00108630       0x2c /opt/devkitpro/libctru/lib/libctru.a(gspgpu.o)
                0x00108630                GSPGPU_SaveVramSysArea
 .text.GSPGPU_RestoreVramSysArea
                0x0010865c       0x2c /opt/devkitpro/libctru/lib/libctru.a(gspgpu.o)
                0x0010865c                GSPGPU_RestoreVramSysArea
 .text.hidShouldUseIrrst
                0x00108688       0x24 /opt/devkitpro/libctru/lib/libctru.a(hid.o)
                0x00108688                hidShouldUseIrrst
 .text.hidInit  0x001086ac      0x1cc /opt/devkitpro/libctru/lib/libctru.a(hid.o)
                0x001086ac                hidInit
 .text.hidExit  0x00108878       0xe8 /opt/devkitpro/libctru/lib/libctru.a(hid.o)
                0x00108878                hidExit
 .text.hidScanInput
                0x00108960      0x2a0 /opt/devkitpro/libctru/lib/libctru.a(hid.o)
                0x00108960                hidScanInput
 .text.hidKeysDown
                0x00108c00       0x10 /opt/devkitpro/libctru/lib/libctru.a(hid.o)
                0x00108c00                hidKeysDown
 .text.httpcInit
                0x00108c10      0x200 /opt/devkitpro/libctru/lib/libctru.a(httpc.o)
                0x00108c10                httpcInit
 .text.httpcExit
                0x00108e10       0xbc /opt/devkitpro/libctru/lib/libctru.a(httpc.o)
                0x00108e10                httpcExit
 .text.httpcOpenContext
                0x00108ecc      0x170 /opt/devkitpro/libctru/lib/libctru.a(httpc.o)
                0x00108ecc                httpcOpenContext
 .text.httpcCloseContext
                0x0010903c       0x40 /opt/devkitpro/libctru/lib/libctru.a(httpc.o)
                0x0010903c                httpcCloseContext
 .text.httpcAddRequestHeaderField
                0x0010907c       0x8c /opt/devkitpro/libctru/lib/libctru.a(httpc.o)
                0x0010907c                httpcAddRequestHeaderField
 .text.httpcBeginRequest
                0x00109108       0x30 /opt/devkitpro/libctru/lib/libctru.a(httpc.o)
                0x00109108                httpcBeginRequest
 .text.httpcReceiveData
                0x00109138       0x44 /opt/devkitpro/libctru/lib/libctru.a(httpc.o)
                0x00109138                httpcReceiveData
 .text.httpcGetDownloadSizeState
                0x0010917c       0x64 /opt/devkitpro/libctru/lib/libctru.a(httpc.o)
                0x0010917c                httpcGetDownloadSizeState
 .text.httpcGetResponseHeader
                0x001091e0       0x8c /opt/devkitpro/libctru/lib/libctru.a(httpc.o)
                0x001091e0                httpcGetResponseHeader
 .text.httpcGetResponseStatusCode
                0x0010926c       0x3c /opt/devkitpro/libctru/lib/libctru.a(httpc.o)
                0x0010926c                httpcGetResponseStatusCode
 .text.httpcSetSSLOpt
                0x001092a8       0x34 /opt/devkitpro/libctru/lib/libctru.a(httpc.o)
                0x001092a8                httpcSetSSLOpt
 .text.httpcSetKeepAlive
                0x001092dc       0x34 /opt/devkitpro/libctru/lib/libctru.a(httpc.o)
                0x001092dc                httpcSetKeepAlive
 .text.irrstInit
                0x00109310      0x1a4 /opt/devkitpro/libctru/lib/libctru.a(irrst.o)
                0x00109310                irrstInit
 .text.irrstExit
                0x001094b4       0xdc /opt/devkitpro/libctru/lib/libctru.a(irrst.o)
                0x001094b4                irrstExit
 .text.irrstScanInput
                0x00109590       0xb4 /opt/devkitpro/libctru/lib/libctru.a(irrst.o)
                0x00109590                irrstScanInput
 .text.irrstKeysHeld
                0x00109644       0x24 /opt/devkitpro/libctru/lib/libctru.a(irrst.o)
                0x00109644                irrstKeysHeld
 .text.soc_read
                0x00109668       0x34 /opt/devkitpro/libctru/lib/libctru.a(soc_init.o)
 .text.soc_write
                0x0010969c       0x34 /opt/devkitpro/libctru/lib/libctru.a(soc_init.o)
 .text.soc_close
                0x001096d0       0xb0 /opt/devkitpro/libctru/lib/libctru.a(soc_init.o)
 .text.socInit  0x00109780      0x190 /opt/devkitpro/libctru/lib/libctru.a(soc_init.o)
                0x00109780                socInit
 .text.socExit  0x00109910       0x88 /opt/devkitpro/libctru/lib/libctru.a(soc_init.o)
                0x00109910                socExit
 .text.socuipc_cmd7
                0x00109998      0x148 /opt/devkitpro/libctru/lib/libctru.a(soc_recvfrom.o)
                0x00109998                socuipc_cmd7
 .text.socuipc_cmd8
                0x00109ae0      0x168 /opt/devkitpro/libctru/lib/libctru.a(soc_recvfrom.o)
                0x00109ae0                socuipc_cmd8
 .text.soc_recvfrom
                0x00109c48       0x10 /opt/devkitpro/libctru/lib/libctru.a(soc_recvfrom.o)
                0x00109c48                soc_recvfrom
 .text.socuipc_cmd9
                0x00109c58      0x15c /opt/devkitpro/libctru/lib/libctru.a(soc_sendto.o)
                0x00109c58                socuipc_cmd9
 .text.socuipc_cmda
                0x00109db4      0x160 /opt/devkitpro/libctru/lib/libctru.a(soc_sendto.o)
                0x00109db4                socuipc_cmda
 .text.soc_sendto
                0x00109f14       0x10 /opt/devkitpro/libctru/lib/libctru.a(soc_sendto.o)
                0x00109f14                soc_sendto
 .text.swkbdMessageCallback
                0x00109f24      0x190 /opt/devkitpro/libctru/lib/libctru.a(swkbd.o)
 .text.swkbdInit
                0x0010a0b4       0x84 /opt/devkitpro/libctru/lib/libctru.a(swkbd.o)
                0x0010a0b4                swkbdInit
 .text.swkbdSetHintText
                0x0010a138       0x64 /opt/devkitpro/libctru/lib/libctru.a(swkbd.o)
                0x0010a138                swkbdSetHintText
 .text.swkbdSetButton
                0x0010a19c       0x88 /opt/devkitpro/libctru/lib/libctru.a(swkbd.o)
                0x0010a19c                swkbdSetButton
 .text.swkbdInputText
                0x0010a224      0x3a8 /opt/devkitpro/libctru/lib/libctru.a(swkbd.o)
                0x0010a224                swkbdInputText
 .text.utf16_to_utf8
                0x0010a5cc       0xe8 /opt/devkitpro/libctru/lib/libctru.a(utf16_to_utf8.o)
                0x0010a5cc                utf16_to_utf8
 .text.utf8_to_utf16
                0x0010a6b4       0xc0 /opt/devkitpro/libctru/lib/libctru.a(utf8_to_utf16.o)
                0x0010a6b4                utf8_to_utf16
 .text.__libctru_init
                0x0010a774       0x38 /opt/devkitpro/libctru/lib/libctru.a(ctru_init.o)
                0x0010a774                __libctru_init
 .text.__system_initArgv
                0x0010a7ac      0x16c /opt/devkitpro/libctru/lib/libctru.a(initArgv.o)
                0x0010a7ac                __system_initArgv
 .text.__syscall_getreent
                0x0010a918       0x30 /opt/devkitpro/libctru/lib/libctru.a(syscalls.o)
                0x0010a918                __syscall_getreent
 .text.__syscall_lock_acquire
                0x0010a948        0x4 /opt/devkitpro/libctru/lib/libctru.a(syscalls.o)
                0x0010a948                __syscall_lock_acquire
 .text.__syscall_lock_release
                0x0010a94c        0x4 /opt/devkitpro/libctru/lib/libctru.a(syscalls.o)
                0x0010a94c                __syscall_lock_release
 .text.__syscall_lock_acquire_recursive
                0x0010a950        0x4 /opt/devkitpro/libctru/lib/libctru.a(syscalls.o)
                0x0010a950                __syscall_lock_acquire_recursive
 .text.__syscall_lock_release_recursive
                0x0010a954        0x4 /opt/devkitpro/libctru/lib/libctru.a(syscalls.o)
                0x0010a954                __syscall_lock_release_recursive
 .text.__syscall_exit
                0x0010a958        0x4 /opt/devkitpro/libctru/lib/libctru.a(syscalls.o)
                0x0010a958                __syscall_exit
 .text.initThreadVars
                0x0010a95c       0x54 /opt/devkitpro/libctru/lib/libctru.a(syscalls.o)
                0x0010a95c                initThreadVars
 .text.__system_initSyscalls
                0x0010a9b0       0x80 /opt/devkitpro/libctru/lib/libctru.a(syscalls.o)
                0x0010a9b0                __system_initSyscalls
 .text.svcControlMemory
                0x0010aa30       0x20 /opt/devkitpro/libctru/lib/libctru.a(svc.o)
                0x0010aa30                svcControlMemory
 .text.svcQueryMemory
                0x0010aa50       0x30 /opt/devkitpro/libctru/lib/libctru.a(svc.o)
                0x0010aa50                svcQueryMemory
 .text.svcExitProcess
                0x0010aa80        0x8 /opt/devkitpro/libctru/lib/libctru.a(svc.o)
                0x0010aa80                svcExitProcess
 .text.svcCreateThread
                0x0010aa88       0x20 /opt/devkitpro/libctru/lib/libctru.a(svc.o)
                0x0010aa88                svcCreateThread
 .text.svcExitThread
                0x0010aaa8        0x8 /opt/devkitpro/libctru/lib/libctru.a(svc.o)
                0x0010aaa8                svcExitThread
 .text.svcSleepThread
                0x0010aab0        0x8 /opt/devkitpro/libctru/lib/libctru.a(svc.o)
                0x0010aab0                svcSleepThread
 .text.svcReleaseMutex
                0x0010aab8        0x8 /opt/devkitpro/libctru/lib/libctru.a(svc.o)
                0x0010aab8                svcReleaseMutex
 .text.svcCreateEvent
                0x0010aac0       0x14 /opt/devkitpro/libctru/lib/libctru.a(svc.o)
                0x0010aac0                svcCreateEvent
 .text.svcSignalEvent
                0x0010aad4        0x8 /opt/devkitpro/libctru/lib/libctru.a(svc.o)
                0x0010aad4                svcSignalEvent
 .text.svcClearEvent
                0x0010aadc        0x8 /opt/devkitpro/libctru/lib/libctru.a(svc.o)
                0x0010aadc                svcClearEvent
 .text.svcCreateMemoryBlock
                0x0010aae4       0x18 /opt/devkitpro/libctru/lib/libctru.a(svc.o)
                0x0010aae4                svcCreateMemoryBlock
 .text.svcMapMemoryBlock
                0x0010aafc        0x8 /opt/devkitpro/libctru/lib/libctru.a(svc.o)
                0x0010aafc                svcMapMemoryBlock
 .text.svcUnmapMemoryBlock
                0x0010ab04        0x8 /opt/devkitpro/libctru/lib/libctru.a(svc.o)
                0x0010ab04                svcUnmapMemoryBlock
 .text.svcCreateAddressArbiter
                0x0010ab0c       0x14 /opt/devkitpro/libctru/lib/libctru.a(svc.o)
                0x0010ab0c                svcCreateAddressArbiter
 .text.svcArbitrateAddressNoTimeout
                0x0010ab20        0x8 /opt/devkitpro/libctru/lib/libctru.a(svc.o)
                0x0010ab20                svcArbitrateAddressNoTimeout
 .text.svcCloseHandle
                0x0010ab28        0x8 /opt/devkitpro/libctru/lib/libctru.a(svc.o)
                0x0010ab28                svcCloseHandle
 .text.svcWaitSynchronization
                0x0010ab30        0x8 /opt/devkitpro/libctru/lib/libctru.a(svc.o)
                0x0010ab30                svcWaitSynchronization
 .text.svcWaitSynchronizationN
                0x0010ab38       0x28 /opt/devkitpro/libctru/lib/libctru.a(svc.o)
                0x0010ab38                svcWaitSynchronizationN
 .text.svcDuplicateHandle
                0x0010ab60       0x14 /opt/devkitpro/libctru/lib/libctru.a(svc.o)
                0x0010ab60                svcDuplicateHandle
 .text.svcConnectToPort
                0x0010ab74       0x14 /opt/devkitpro/libctru/lib/libctru.a(svc.o)
                0x0010ab74                svcConnectToPort
 .text.svcSendSyncRequest
                0x0010ab88        0x8 /opt/devkitpro/libctru/lib/libctru.a(svc.o)
                0x0010ab88                svcSendSyncRequest
 .text.svcGetResourceLimit
                0x0010ab90       0x14 /opt/devkitpro/libctru/lib/libctru.a(svc.o)
                0x0010ab90                svcGetResourceLimit
 .text.svcGetResourceLimitLimitValues
                0x0010aba4        0x8 /opt/devkitpro/libctru/lib/libctru.a(svc.o)
                0x0010aba4                svcGetResourceLimitLimitValues
 .text.svcGetResourceLimitCurrentValues
                0x0010abac        0x8 /opt/devkitpro/libctru/lib/libctru.a(svc.o)
                0x0010abac                svcGetResourceLimitCurrentValues
 .text.svcBreak
                0x0010abb4        0x8 /opt/devkitpro/libctru/lib/libctru.a(svc.o)
                0x0010abb4                svcBreak
 .text.initSystem
                0x0010abbc       0x50 /opt/devkitpro/libctru/lib/libctru.a(stack_adjust.o)
                0x0010abbc                initSystem
 .text.__ctru_exit
                0x0010ac0c       0x14 /opt/devkitpro/libctru/lib/libctru.a(stack_adjust.o)
                0x0010ac0c                __ctru_exit
 .text._ZL21addrMapNodeComparatorPK11rbtree_nodeS1_
                0x0010ac20       0x24 /opt/devkitpro/libctru/lib/libctru.a(linear.o)
 .text._ZL21addrMapNodeDestructorP11rbtree_node
                0x0010ac44        0x4 /opt/devkitpro/libctru/lib/libctru.a(linear.o)
 .text.linearMemAlign
                0x0010ac48      0x12c /opt/devkitpro/libctru/lib/libctru.a(linear.o)
                0x0010ac48                linearMemAlign
 .text.linearAlloc
                0x0010ad74        0x8 /opt/devkitpro/libctru/lib/libctru.a(linear.o)
                0x0010ad74                linearAlloc
 .text.linearFree
                0x0010ad7c       0x5c /opt/devkitpro/libctru/lib/libctru.a(linear.o)
                0x0010ad7c                linearFree
 .text._ZN7MemPool13CoalesceRightEP8MemBlock
                0x0010add8       0x88 /opt/devkitpro/libctru/lib/libctru.a(mem_pool.o)
                0x0010add8                _ZN7MemPool13CoalesceRightEP8MemBlock
 .text._ZN7MemPool8AllocateER8MemChunkmi
                0x0010ae60      0x178 /opt/devkitpro/libctru/lib/libctru.a(mem_pool.o)
                0x0010ae60                _ZN7MemPool8AllocateER8MemChunkmi
 .text._ZN7MemPool10DeallocateERK8MemChunk
                0x0010afd8      0x118 /opt/devkitpro/libctru/lib/libctru.a(mem_pool.o)
                0x0010afd8                _ZN7MemPool10DeallocateERK8MemChunk
 .text._ZN7MemPool12GetFreeSpaceEv
                0x0010b0f0       0x30 /opt/devkitpro/libctru/lib/libctru.a(mem_pool.o)
                0x0010b0f0                _ZN7MemPool12GetFreeSpaceEv
 .text._ZL21addrMapNodeComparatorPK11rbtree_nodeS1_
                0x0010b120       0x24 /opt/devkitpro/libctru/lib/libctru.a(vram.o)
 .text._ZL21addrMapNodeDestructorP11rbtree_node
                0x0010b144        0x4 /opt/devkitpro/libctru/lib/libctru.a(vram.o)
 .text.vramMemAlignAt
                0x0010b148      0x248 /opt/devkitpro/libctru/lib/libctru.a(vram.o)
                0x0010b148                vramMemAlignAt
 .text.vramAlloc
                0x0010b390        0xc /opt/devkitpro/libctru/lib/libctru.a(vram.o)
                0x0010b390                vramAlloc
 .text.vramFree
                0x0010b39c       0x94 /opt/devkitpro/libctru/lib/libctru.a(vram.o)
                0x0010b39c                vramFree
 .text.envGetHandle
                0x0010b430       0x8c /opt/devkitpro/libctru/lib/libctru.a(env.o)
                0x0010b430                envGetHandle
 .text.envDestroyHandles
                0x0010b4bc       0x50 /opt/devkitpro/libctru/lib/libctru.a(env.o)
                0x0010b4bc                envDestroyHandles
 .text.__ctru_speedup_config
                0x0010b50c       0x34 /opt/devkitpro/libctru/lib/libctru.a(os.o)
                0x0010b50c                __ctru_speedup_config
 .text.srvInit  0x0010b540      0x164 /opt/devkitpro/libctru/lib/libctru.a(srv.o)
                0x0010b540                srvInit
 .text.srvExit  0x0010b6a4       0x64 /opt/devkitpro/libctru/lib/libctru.a(srv.o)
                0x0010b6a4                srvExit
 .text.srvEnableNotification
                0x0010b708       0x60 /opt/devkitpro/libctru/lib/libctru.a(srv.o)
                0x0010b708                srvEnableNotification
 .text.srvGetServiceHandleDirect
                0x0010b768       0xa0 /opt/devkitpro/libctru/lib/libctru.a(srv.o)
                0x0010b768                srvGetServiceHandleDirect
 .text.srvGetServiceHandle
                0x0010b808       0x48 /opt/devkitpro/libctru/lib/libctru.a(srv.o)
                0x0010b808                srvGetServiceHandle
 .text.srvSubscribe
                0x0010b850       0x34 /opt/devkitpro/libctru/lib/libctru.a(srv.o)
                0x0010b850                srvSubscribe
 .text.srvReceiveNotification
                0x0010b884       0x60 /opt/devkitpro/libctru/lib/libctru.a(srv.o)
                0x0010b884                srvReceiveNotification
 .text.srvPublishToSubscriber
                0x0010b8e4       0x38 /opt/devkitpro/libctru/lib/libctru.a(srv.o)
                0x0010b8e4                srvPublishToSubscriber
 .text.__sync_init
                0x0010b91c        0xc /opt/devkitpro/libctru/lib/libctru.a(synchronization.o)
                0x0010b91c                __sync_init
 .text.__sync_fini
                0x0010b928       0x18 /opt/devkitpro/libctru/lib/libctru.a(synchronization.o)
                0x0010b928                __sync_fini
 .text.syncArbitrateAddress
                0x0010b940       0x28 /opt/devkitpro/libctru/lib/libctru.a(synchronization.o)
                0x0010b940                syncArbitrateAddress
 .text.LightLock_Lock
                0x0010b968       0xac /opt/devkitpro/libctru/lib/libctru.a(synchronization.o)
                0x0010b968                LightLock_Lock
 .text.LightLock_Unlock
                0x0010ba14       0x40 /opt/devkitpro/libctru/lib/libctru.a(synchronization.o)
                0x0010ba14                LightLock_Unlock
 .text.RecursiveLock_Lock
                0x0010ba54       0x54 /opt/devkitpro/libctru/lib/libctru.a(synchronization.o)
                0x0010ba54                RecursiveLock_Lock
 .text.RecursiveLock_Unlock
                0x0010baa8       0x54 /opt/devkitpro/libctru/lib/libctru.a(synchronization.o)
                0x0010baa8                RecursiveLock_Unlock
 .text.LightEvent_Init
                0x0010bafc       0x44 /opt/devkitpro/libctru/lib/libctru.a(synchronization.o)
                0x0010bafc                LightEvent_Init
 .text.LightEvent_Clear
                0x0010bb40       0xb8 /opt/devkitpro/libctru/lib/libctru.a(synchronization.o)
                0x0010bb40                LightEvent_Clear
 .text.LightEvent_Signal
                0x0010bbf8       0xdc /opt/devkitpro/libctru/lib/libctru.a(synchronization.o)
                0x0010bbf8                LightEvent_Signal
 .text.LightEvent_TryWait
                0x0010bcd4       0x50 /opt/devkitpro/libctru/lib/libctru.a(synchronization.o)
                0x0010bcd4                LightEvent_TryWait
 .text.LightEvent_Wait
                0x0010bd24       0xac /opt/devkitpro/libctru/lib/libctru.a(synchronization.o)
                0x0010bd24                LightEvent_Wait
 .text.threadCreate
                0x0010bdd0      0x1fc /opt/devkitpro/libctru/lib/libctru.a(thread.o)
                0x0010bdd0                threadCreate
 .text.threadFree
                0x0010bfcc       0x38 /opt/devkitpro/libctru/lib/libctru.a(thread.o)
                0x0010bfcc                threadFree
 .text.threadJoin
                0x0010c004       0x24 /opt/devkitpro/libctru/lib/libctru.a(thread.o)
                0x0010c004                threadJoin
 .text.threadGetCurrent
                0x0010c028       0x30 /opt/devkitpro/libctru/lib/libctru.a(thread.o)
                0x0010c028                threadGetCurrent
 .text.threadExit
                0x0010c058       0x40 /opt/devkitpro/libctru/lib/libctru.a(thread.o)
                0x0010c058                threadExit
 .text._thread_begin
                0x0010c098       0x20 /opt/devkitpro/libctru/lib/libctru.a(thread.o)
 .text.mappableFindAddressWithin
                0x0010c0b8       0x90 /opt/devkitpro/libctru/lib/libctru.a(mappable.o)
 .text.mappableInit
                0x0010c148       0x28 /opt/devkitpro/libctru/lib/libctru.a(mappable.o)
                0x0010c148                mappableInit
 .text.mappableAlloc
                0x0010c170       0x7c /opt/devkitpro/libctru/lib/libctru.a(mappable.o)
                0x0010c170                mappableAlloc
 .text.mappableFree
                0x0010c1ec        0x4 /opt/devkitpro/libctru/lib/libctru.a(mappable.o)
                0x0010c1ec                mappableFree
 .text.ptmSysmInit
                0x0010c1f0       0x78 /opt/devkitpro/libctru/lib/libctru.a(ptmsysm.o)
                0x0010c1f0                ptmSysmInit
 .text.ptmSysmExit
                0x0010c268       0x3c /opt/devkitpro/libctru/lib/libctru.a(ptmsysm.o)
                0x0010c268                ptmSysmExit
 .text.PTMSYSM_ConfigureNew3DSCPU
                0x0010c2a4       0x34 /opt/devkitpro/libctru/lib/libctru.a(ptmsysm.o)
                0x0010c2a4                PTMSYSM_ConfigureNew3DSCPU
 .text.srvPmGetSessionHandle
                0x0010c2d8        0xc /opt/devkitpro/libctru/lib/libctru.a(srvpm.o)
                0x0010c2d8                srvPmGetSessionHandle
 .text._net_convert_error
                0x0010c2e4       0x3c /opt/devkitpro/libctru/lib/libctru.a(soc_common.o)
                0x0010c2e4                _net_convert_error
 .text.rbtree_find
                0x0010c320       0x74 /opt/devkitpro/libctru/lib/libctru.a(rbtree_find.o)
                0x0010c320                rbtree_find
 .text.rbtree_init
                0x0010c394       0x10 /opt/devkitpro/libctru/lib/libctru.a(rbtree_init.o)
                0x0010c394                rbtree_init
 .text.do_insert
                0x0010c3a4      0x198 /opt/devkitpro/libctru/lib/libctru.a(rbtree_insert.o)
 .text.rbtree_insert
                0x0010c53c        0x8 /opt/devkitpro/libctru/lib/libctru.a(rbtree_insert.o)
                0x0010c53c                rbtree_insert
 .text.rbtree_remove
                0x0010c544      0x310 /opt/devkitpro/libctru/lib/libctru.a(rbtree_remove.o)
                0x0010c544                rbtree_remove
 .text.rbtree_rotate
                0x0010c854       0x90 /opt/devkitpro/libctru/lib/libctru.a(rbtree_rotate.o)
                0x0010c854                rbtree_rotate
 .text.decode_utf16
                0x0010c8e4       0x54 /opt/devkitpro/libctru/lib/libctru.a(decode_utf16.o)
                0x0010c8e4                decode_utf16
 .text.decode_utf8
                0x0010c938      0x140 /opt/devkitpro/libctru/lib/libctru.a(decode_utf8.o)
                0x0010c938                decode_utf8
 .text.encode_utf16
                0x0010ca78       0x54 /opt/devkitpro/libctru/lib/libctru.a(encode_utf16.o)
                0x0010ca78                encode_utf16
 .text.encode_utf8
                0x0010cacc       0xe0 /opt/devkitpro/libctru/lib/libctru.a(encode_utf8.o)
                0x0010cacc                encode_utf8
 *fill*         0x0010cbac        0x4 
 .text.__system_allocateHeaps
                0x0010cbb0      0x1e8 /opt/devkitpro/libctru/lib/libctru.a(allocateHeaps.o)
                0x0010cbb0                __system_allocateHeaps
 .text.__appExit
                0x0010cd98       0x30 /opt/devkitpro/libctru/lib/libctru.a(appExit.o)
                0x0010cd98                __appExit
 .text.__appInit
                0x0010cdc8       0x30 /opt/devkitpro/libctru/lib/libctru.a(appInit.o)
                0x0010cdc8                __appInit
 .text.__libctru_exit
                0x0010cdf8       0x90 /opt/devkitpro/libctru/lib/libctru.a(ctru_exit.o)
                0x0010cdf8                __libctru_exit
 .text.error_cmp
                0x0010ce88       0x24 /opt/devkitpro/libctru/lib/libctru.a(archive_dev.o)
 .text.archive_translate_error
                0x0010ceac       0x50 /opt/devkitpro/libctru/lib/libctru.a(archive_dev.o)
 .text.archive_seek
                0x0010cefc       0xc0 /opt/devkitpro/libctru/lib/libctru.a(archive_dev.o)
 .text._archiveInit.part.0
                0x0010cfbc       0x78 /opt/devkitpro/libctru/lib/libctru.a(archive_dev.o)
 .text.archiveFindDevice.part.0
                0x0010d034      0x110 /opt/devkitpro/libctru/lib/libctru.a(archive_dev.o)
 .text.archive_utf16path
                0x0010d144      0x298 /opt/devkitpro/libctru/lib/libctru.a(archive_dev.o)
 .text._archiveUnmountDeviceStruct.part.0
                0x0010d3dc       0x98 /opt/devkitpro/libctru/lib/libctru.a(archive_dev.o)
 .text._archiveMountDevice
                0x0010d474      0x178 /opt/devkitpro/libctru/lib/libctru.a(archive_dev.o)
 .text.archive_diropen
                0x0010d5ec       0xf8 /opt/devkitpro/libctru/lib/libctru.a(archive_dev.o)
 .text.archive_fstat
                0x0010d6e4       0xac /opt/devkitpro/libctru/lib/libctru.a(archive_dev.o)
 .text.archive_fsync
                0x0010d790       0x74 /opt/devkitpro/libctru/lib/libctru.a(archive_dev.o)
 .text.archive_close
                0x0010d804       0x74 /opt/devkitpro/libctru/lib/libctru.a(archive_dev.o)
 .text.archive_dirclose
                0x0010d878       0x78 /opt/devkitpro/libctru/lib/libctru.a(archive_dev.o)
 .text.sdmc_statvfs
                0x0010d8f0       0xec /opt/devkitpro/libctru/lib/libctru.a(archive_dev.o)
 .text.archive_chdir
                0x0010d9dc       0xf8 /opt/devkitpro/libctru/lib/libctru.a(archive_dev.o)
 .text.archive_ftruncate
                0x0010dad4       0x8c /opt/devkitpro/libctru/lib/libctru.a(archive_dev.o)
 .text.archive_read
                0x0010db60       0xbc /opt/devkitpro/libctru/lib/libctru.a(archive_dev.o)
 .text.archive_unlink
                0x0010dc1c       0xa8 /opt/devkitpro/libctru/lib/libctru.a(archive_dev.o)
 .text.archive_rmdir
                0x0010dcc4       0xc0 /opt/devkitpro/libctru/lib/libctru.a(archive_dev.o)
 .text.archive_mkdir
                0x0010dd84       0xd8 /opt/devkitpro/libctru/lib/libctru.a(archive_dev.o)
 .text.archive_stat
                0x0010de5c      0x1a0 /opt/devkitpro/libctru/lib/libctru.a(archive_dev.o)
 .text.archive_dirnext
                0x0010dffc      0x164 /opt/devkitpro/libctru/lib/libctru.a(archive_dev.o)
 .text.archive_write
                0x0010e160      0x13c /opt/devkitpro/libctru/lib/libctru.a(archive_dev.o)
 *fill*         0x0010e29c        0x4 
 .text.archive_open
                0x0010e2a0      0x254 /opt/devkitpro/libctru/lib/libctru.a(archive_dev.o)
 .text.archive_rename
                0x0010e4f4      0x270 /opt/devkitpro/libctru/lib/libctru.a(archive_dev.o)
 .text.archiveMountSdmc
                0x0010e764      0x1c8 /opt/devkitpro/libctru/lib/libctru.a(archive_dev.o)
                0x0010e764                archiveMountSdmc
 .text.archiveUnmountAll
                0x0010e92c       0x54 /opt/devkitpro/libctru/lib/libctru.a(archive_dev.o)
                0x0010e92c                archiveUnmountAll
 .text.fsInit   0x0010e980      0x104 /opt/devkitpro/libctru/lib/libctru.a(fs.o)
                0x0010e980                fsInit
 .text.fsExit   0x0010ea84       0x3c /opt/devkitpro/libctru/lib/libctru.a(fs.o)
                0x0010ea84                fsExit
 .text.fsExemptFromSession
                0x0010eac0       0x68 /opt/devkitpro/libctru/lib/libctru.a(fs.o)
                0x0010eac0                fsExemptFromSession
 .text.fsUnexemptFromSession
                0x0010eb28       0x50 /opt/devkitpro/libctru/lib/libctru.a(fs.o)
                0x0010eb28                fsUnexemptFromSession
 .text.FSUSER_OpenFile
                0x0010eb78       0xcc /opt/devkitpro/libctru/lib/libctru.a(fs.o)
                0x0010eb78                FSUSER_OpenFile
 .text.FSUSER_DeleteFile
                0x0010ec44       0xb8 /opt/devkitpro/libctru/lib/libctru.a(fs.o)
                0x0010ec44                FSUSER_DeleteFile
 .text.FSUSER_RenameFile
                0x0010ecfc       0xf4 /opt/devkitpro/libctru/lib/libctru.a(fs.o)
                0x0010ecfc                FSUSER_RenameFile
 .text.FSUSER_DeleteDirectory
                0x0010edf0       0xb8 /opt/devkitpro/libctru/lib/libctru.a(fs.o)
                0x0010edf0                FSUSER_DeleteDirectory
 .text.FSUSER_CreateFile
                0x0010eea8       0xd0 /opt/devkitpro/libctru/lib/libctru.a(fs.o)
                0x0010eea8                FSUSER_CreateFile
 .text.FSUSER_CreateDirectory
                0x0010ef78       0xc0 /opt/devkitpro/libctru/lib/libctru.a(fs.o)
                0x0010ef78                FSUSER_CreateDirectory
 .text.FSUSER_RenameDirectory
                0x0010f038       0xf4 /opt/devkitpro/libctru/lib/libctru.a(fs.o)
                0x0010f038                FSUSER_RenameDirectory
 .text.FSUSER_OpenDirectory
                0x0010f12c       0xb4 /opt/devkitpro/libctru/lib/libctru.a(fs.o)
                0x0010f12c                FSUSER_OpenDirectory
 .text.FSUSER_OpenArchive
                0x0010f1e0       0x90 /opt/devkitpro/libctru/lib/libctru.a(fs.o)
                0x0010f1e0                FSUSER_OpenArchive
 .text.FSUSER_CloseArchive
                0x0010f270       0x8c /opt/devkitpro/libctru/lib/libctru.a(fs.o)
                0x0010f270                FSUSER_CloseArchive
 .text.FSUSER_GetSdmcArchiveResource
                0x0010f2fc       0x74 /opt/devkitpro/libctru/lib/libctru.a(fs.o)
                0x0010f2fc                FSUSER_GetSdmcArchiveResource
 .text.FSUSER_IsSdmcWritable
                0x0010f370       0x64 /opt/devkitpro/libctru/lib/libctru.a(fs.o)
                0x0010f370                FSUSER_IsSdmcWritable
 .text.FSFILE_Read
                0x0010f3d4       0x64 /opt/devkitpro/libctru/lib/libctru.a(fs.o)
                0x0010f3d4                FSFILE_Read
 .text.FSFILE_Write
                0x0010f438       0x6c /opt/devkitpro/libctru/lib/libctru.a(fs.o)
                0x0010f438                FSFILE_Write
 .text.FSFILE_GetSize
                0x0010f4a4       0x44 /opt/devkitpro/libctru/lib/libctru.a(fs.o)
                0x0010f4a4                FSFILE_GetSize
 .text.FSFILE_SetSize
                0x0010f4e8       0x28 /opt/devkitpro/libctru/lib/libctru.a(fs.o)
                0x0010f4e8                FSFILE_SetSize
 .text.FSFILE_Close
                0x0010f510       0x3c /opt/devkitpro/libctru/lib/libctru.a(fs.o)
                0x0010f510                FSFILE_Close
 .text.FSFILE_Flush
                0x0010f54c       0x24 /opt/devkitpro/libctru/lib/libctru.a(fs.o)
                0x0010f54c                FSFILE_Flush
 .text.FSDIR_Read
                0x0010f570       0x60 /opt/devkitpro/libctru/lib/libctru.a(fs.o)
                0x0010f570                FSDIR_Read
 .text.FSDIR_Close
                0x0010f5d0       0x3c /opt/devkitpro/libctru/lib/libctru.a(fs.o)
                0x0010f5d0                FSDIR_Close
 .text.rbtree_node_next
                0x0010f60c       0x60 /opt/devkitpro/libctru/lib/libctru.a(rbtree_iterator.o)
                0x0010f60c                rbtree_node_next
 .text.__aeabi_read_tp
                0x0010f66c        0xc /opt/devkitpro/libctru/lib/libctru.a(readtp.o)
                0x0010f66c                __aeabi_read_tp
 .text.__fixdfdi
                0x0010f678       0x2c /opt/devkitpro/devkitARM/lib/gcc/arm-none-eabi/15.2.0/armv6k/fpu/libgcc.a(_fixdfdi.o)
                0x0010f678                __aeabi_d2lz
                0x0010f678                __fixdfdi
 *fill*         0x0010f6a4        0x4 
 .text.__fixunsdfdi
                0x0010f6a8       0x40 /opt/devkitpro/devkitARM/lib/gcc/arm-none-eabi/15.2.0/armv6k/fpu/libgcc.a(_fixunsdfdi.o)
                0x0010f6a8                __aeabi_d2ulz
                0x0010f6a8                __fixunsdfdi
 .text.__udivmoddi4
                0x0010f6e8      0x130 /opt/devkitpro/devkitARM/lib/gcc/arm-none-eabi/15.2.0/armv6k/fpu/libgcc.a(_udivmoddi4.o)
                0x0010f6e8                __udivmoddi4
 .text.strncat  0x0010f818       0xe4 /opt/devkitpro/devkitARM/lib/gcc/arm-none-eabi/15.2.0/../../../../arm-none-eabi/lib/armv6k/fpu/libg.a(libc_a-strncat.o)
                0x0010f818                strncat
 .text.memcpy   0x0010f8fc      0x128 /opt/devkitpro/devkitARM/lib/gcc/arm-none-eabi/15.2.0/../../../../arm-none-eabi/lib/armv6k/fpu/libg.a(libc_a-memcpy-stub.o)
                0x0010f8fc                memcpy
 .text.strlen   0x0010fa24       0x8c /opt/devkitpro/devkitARM/lib/gcc/arm-none-eabi/15.2.0/../../../../arm-none-eabi/lib/armv6k/fpu/libg.a(libc_a-strlen.o)
                0x0010fa24                strlen
 .text.bsearch  0x0010fab0       0x78 /opt/devkitpro/devkitARM/lib/gcc/arm-none-eabi/15.2.0/../../../../arm-none-eabi/lib/armv6k/fpu/libg.a(libc_a-bsearch.o)
                0x0010fab0                bsearch
 .text._fopen_r
                0x0010fb28      0x134 /opt/devkitpro/devkitARM/lib/gcc/arm-none-eabi/15.2.0/../../../../arm-none-eabi/lib/armv6k/fpu/libg.a(libc_a-fopen.o)
                0x0010fb28                _fopen_r
 .text.fopen    0x0010fc5c       0x28 /opt/devkitpro/devkitARM/lib/gcc/arm-none-eabi/15.2.0/../../../../arm-none-eabi/lib/armv6k/fpu/libg.a(libc_a-fopen.o)
                0x0010fc5c                fopen
 .text.sulp     0x0010fc84       0x60 /opt/devkitpro/devkitARM/lib/gcc/arm-none-eabi/15.2.0/../../../../arm-none-eabi/lib/armv6k/fpu/libg.a(libc_a-strtod.o)
 *fill*         0x0010fce4        0x4 
 .text._strtod_l
                0x0010fce8     0x1428 /opt/devkitpro/devkitARM/lib/gcc/arm-none-eabi/15.2.0/../../../../arm-none-eabi/lib/armv6k/fpu/libg.a(libc_a-strtod.o)
                0x0010fce8                _strtod_l
 .text._strtod_r
                0x00111110       0x44 /opt/devkitpro/devkitARM/lib/gcc/arm-none-eabi/15.2.0/../../../../arm-none-eabi/lib/armv6k/fpu/libg.a(libc_a-strtod.o)
                0x00111110                _strtod_r
 *fill*         0x00111154        0x4 
 .text.strtof   0x00111158      0x110 /opt/devkitpro/devkitARM/lib/gcc/arm-none-eabi/15.2.0/../../../../arm-none-eabi/lib/armv6k/fpu/libg.a(libc_a-strtod.o)
                0x00111158                strtof
 .text.memalign
                0x00111268       0x28 /opt/devkitpro/devkitARM/lib/gcc/arm-none-eabi/15.2.0/../../../../arm-none-eabi/lib/armv6k/fpu/libg.a(libc_a-malign.o)
                0x00111268                memalign
 .text.rshift   0x00111290       0xf4 /opt/devkitpro/devkitARM/lib/gcc/arm-none-eabi/15.2.0/../../../../arm-none-eabi/lib/armv6k/fpu/libg.a(libc_a-gdtoa-gethex.o)
 .text.__gethex
                0x00111384      0x8b4 /opt/devkitpro/devkitARM/lib/gcc/arm-none-eabi/15.2.0/../../../../arm-none-eabi/lib/armv6k/fpu/libg.a(libc_a-gdtoa-gethex.o)
                0x00111384                __gethex
 .text.snprintf
                0x00111c38       0xa0 /opt/devkitpro/devkitARM/lib/gcc/arm-none-eabi/15.2.0/../../../../arm-none-eabi/lib/armv6k/fpu/libg.a(libc_a-snprintf.o)
                0x00111c38                snprintf
 .text.printf   0x00111cd8       0x34 /opt/devkitpro/devkitARM/lib/gcc/arm-none-eabi/15.2.0/../../../../arm-none-eabi/lib/armv6k/fpu/libg.a(libc_a-printf.o)
                0x00111cd8                printf
 .text._strtoul_l.isra.0
                0x00111d0c      0x1ec /opt/devkitpro/devkitARM/lib/gcc/arm-none-eabi/15.2.0/../../../../arm-none-eabi/lib/armv6k/fpu/libg.a(libc_a-strtoul.o)
 .text._strtoul_r
                0x00111ef8       0x38 /opt/devkitpro/devkitARM/lib/gcc/arm-none-eabi/15.2.0/../../../../arm-none-eabi/lib/armv6k/fpu/libg.a(libc_a-strtoul.o)
                0x00111ef8                _strtoul_r
 .text.strtoul  0x00111f30       0x3c /opt/devkitpro/devkitARM/lib/gcc/arm-none-eabi/15.2.0/../../../../arm-none-eabi/lib/armv6k/fpu/libg.a(libc_a-strtoul.o)
                0x00111f30                strtoul
 .text._memalign_r
                0x00111f6c      0x16c /opt/devkitpro/devkitARM/lib/gcc/arm-none-eabi/15.2.0/../../../../arm-none-eabi/lib/armv6k/fpu/libg.a(libc_a-malignr.o)
                0x00111f6c                _memalign_r
 .text.__errno  0x001120d8        0xc /opt/devkitpro/devkitARM/lib/gcc/arm-none-eabi/15.2.0/../../../../arm-none-eabi/lib/armv6k/fpu/libg.a(libc_a-errno.o)
                0x001120d8                __errno
 .text.__locale_mb_cur_max
                0x001120e4       0x24 /opt/devkitpro/devkitARM/lib/gcc/arm-none-eabi/15.2.0/../../../../arm-none-eabi/lib/armv6k/fpu/libg.a(libc_a-locale.o)
                0x001120e4                __locale_mb_cur_max
 .text.memset   0x00112108       0xe4 /opt/devkitpro/devkitARM/lib/gcc/arm-none-eabi/15.2.0/../../../../arm-none-eabi/lib/armv6k/fpu/libg.a(libc_a-memset.o)
                0x00112108                memset
 .text.__sflush_r
                0x001121ec      0x22c /opt/devkitpro/devkitARM/lib/gcc/arm-none-eabi/15.2.0/../../../../arm-none-eabi/lib/armv6k/fpu/libg.a(libc_a-fflush.o)
                0x001121ec                __sflush_r
 .text._fflush_r
                0x00112418       0xc4 /opt/devkitpro/devkitARM/lib/gcc/arm-none-eabi/15.2.0/../../../../arm-none-eabi/lib/armv6k/fpu/libg.a(libc_a-fflush.o)
                0x00112418                _fflush_r
 .text.fscanf   0x001124dc       0x3c /opt/devkitpro/devkitARM/lib/gcc/arm-none-eabi/15.2.0/../../../../arm-none-eabi/lib/armv6k/fpu/libg.a(libc_a-fscanf.o)
                0x001124dc                fscanf
 .text._malloc_r
                0x00112518      0x82c /opt/devkitpro/devkitARM/lib/gcc/arm-none-eabi/15.2.0/../../../../arm-none-eabi/lib/armv6k/fpu/libg.a(libc_a-mallocr.o)
                0x00112518                _malloc_r
 .text._malloc_trim_r
                0x00112d44      0x114 /opt/devkitpro/devkitARM/lib/gcc/arm-none-eabi/15.2.0/../../../../arm-none-eabi/lib/armv6k/fpu/libg.a(libc_a-freer.o)
                0x00112d44                _malloc_trim_r
 .text._free_r  0x00112e58      0x314 /opt/devkitpro/devkitARM/lib/gcc/arm-none-eabi/15.2.0/../../../../arm-none-eabi/lib/armv6k/fpu/libg.a(libc_a-freer.o)
                0x00112e58                _free_r
 .text.setvbuf  0x0011316c      0x294 /opt/devkitpro/devkitARM/lib/gcc/arm-none-eabi/15.2.0/../../../../arm-none-eabi/lib/armv6k/fpu/libg.a(libc_a-setvbuf.o)
                0x0011316c                setvbuf
 .text.stdio_exit_handler
                0x00113400       0x1c /opt/devkitpro/devkitARM/lib/gcc/arm-none-eabi/15.2.0/../../../../arm-none-eabi/lib/armv6k/fpu/libg.a(libc_a-findfp.o)
 .text.cleanup_stdio
                0x0011341c       0x5c /opt/devkitpro/devkitARM/lib/gcc/arm-none-eabi/15.2.0/../../../../arm-none-eabi/lib/armv6k/fpu/libg.a(libc_a-findfp.o)
 .text.global_stdio_init.part.0
                0x00113478      0x154 /opt/devkitpro/devkitARM/lib/gcc/arm-none-eabi/15.2.0/../../../../arm-none-eabi/lib/armv6k/fpu/libg.a(libc_a-findfp.o)
 .text.__sfp    0x001135cc      0x138 /opt/devkitpro/devkitARM/lib/gcc/arm-none-eabi/15.2.0/../../../../arm-none-eabi/lib/armv6k/fpu/libg.a(libc_a-findfp.o)
                0x001135cc                __sfp
 .text.__sinit  0x00113704       0x5c /opt/devkitpro/devkitARM/lib/gcc/arm-none-eabi/15.2.0/../../../../arm-none-eabi/lib/armv6k/fpu/libg.a(libc_a-findfp.o)
                0x00113704                __sinit
 .text.__sfp_lock_acquire
                0x00113760        0xc /opt/devkitpro/devkitARM/lib/gcc/arm-none-eabi/15.2.0/../../../../arm-none-eabi/lib/armv6k/fpu/libg.a(libc_a-findfp.o)
                0x00113760                __sfp_lock_acquire
 .text.__sfp_lock_release
                0x0011376c        0xc /opt/devkitpro/devkitARM/lib/gcc/arm-none-eabi/15.2.0/../../../../arm-none-eabi/lib/armv6k/fpu/libg.a(libc_a-findfp.o)
                0x0011376c                __sfp_lock_release
 .text.atoi     0x00113778        0xc /opt/devkitpro/devkitARM/lib/gcc/arm-none-eabi/15.2.0/../../../../arm-none-eabi/lib/armv6k/fpu/libg.a(libc_a-atoi.o)
                0x00113778                atoi
 .text._strtol_l.part.0
                0x00113784      0x384 /opt/devkitpro/devkitARM/lib/gcc/arm-none-eabi/15.2.0/../../../../arm-none-eabi/lib/armv6k/fpu/libg.a(libc_a-strtol.o)
 .text._strtol_r
                0x00113b08       0x6c /opt/devkitpro/devkitARM/lib/gcc/arm-none-eabi/15.2.0/../../../../arm-none-eabi/lib/armv6k/fpu/libg.a(libc_a-strtol.o)
                0x00113b08                _strtol_r
 .text.strtol   0x00113b74       0x74 /opt/devkitpro/devkitARM/lib/gcc/arm-none-eabi/15.2.0/../../../../arm-none-eabi/lib/armv6k/fpu/libg.a(libc_a-strtol.o)
                0x00113b74                strtol
 .text.__libc_init_array
                0x00113be8       0x84 /opt/devkitpro/devkitARM/lib/gcc/arm-none-eabi/15.2.0/../../../../arm-none-eabi/lib/armv6k/fpu/libg.a(libc_a-init.o)
                0x00113be8                __libc_init_array
 .text.strncpy  0x00113c6c       0xd4 /opt/devkitpro/devkitARM/lib/gcc/arm-none-eabi/15.2.0/../../../../arm-none-eabi/lib/armv6k/fpu/libg.a(libc_a-strncpy.o)
                0x00113c6c                strncpy
 .text._fseek_r
                0x00113d40       0x1c /opt/devkitpro/devkitARM/lib/gcc/arm-none-eabi/15.2.0/../../../../arm-none-eabi/lib/armv6k/fpu/libg.a(libc_a-fseek.o)
                0x00113d40                _fseek_r
 .text.malloc   0x00113d5c       0x40 /opt/devkitpro/devkitARM/lib/gcc/arm-none-eabi/15.2.0/../../../../arm-none-eabi/lib/armv6k/fpu/libg.a(libc_a-malloc.o)
                0x00113d5c                malloc
 .text.free     0x00113d9c       0x20 /opt/devkitpro/devkitARM/lib/gcc/arm-none-eabi/15.2.0/../../../../arm-none-eabi/lib/armv6k/fpu/libg.a(libc_a-malloc.o)
                0x00113d9c                free
 .text.__sread  0x00113dbc       0x44 /opt/devkitpro/devkitARM/lib/gcc/arm-none-eabi/15.2.0/../../../../arm-none-eabi/lib/armv6k/fpu/libg.a(libc_a-stdio.o)
                0x00113dbc                __sread
 .text.__swrite
                0x00113e00       0x68 /opt/devkitpro/devkitARM/lib/gcc/arm-none-eabi/15.2.0/../../../../arm-none-eabi/lib/armv6k/fpu/libg.a(libc_a-stdio.o)
                0x00113e00                __swrite
 .text.__sseek  0x00113e68       0x40 /opt/devkitpro/devkitARM/lib/gcc/arm-none-eabi/15.2.0/../../../../arm-none-eabi/lib/armv6k/fpu/libg.a(libc_a-stdio.o)
                0x00113e68                __sseek
 .text.__sclose
                0x00113ea8        0x8 /opt/devkitpro/devkitARM/lib/gcc/arm-none-eabi/15.2.0/../../../../arm-none-eabi/lib/armv6k/fpu/libg.a(libc_a-stdio.o)
                0x00113ea8                __sclose
 .text.__malloc_lock
                0x00113eb0        0xc /opt/devkitpro/devkitARM/lib/gcc/arm-none-eabi/15.2.0/../../../../arm-none-eabi/lib/armv6k/fpu/libg.a(libc_a-mlock.o)
                0x00113eb0                __malloc_lock
 .text.__malloc_unlock
                0x00113ebc        0xc /opt/devkitpro/devkitARM/lib/gcc/arm-none-eabi/15.2.0/../../../../arm-none-eabi/lib/armv6k/fpu/libg.a(libc_a-mlock.o)
                0x00113ebc                __malloc_unlock
 .text._fseeko_r
                0x00113ec8      0x588 /opt/devkitpro/devkitARM/lib/gcc/arm-none-eabi/15.2.0/../../../../arm-none-eabi/lib/armv6k/fpu/libg.a(libc_a-fseeko.o)
                0x00113ec8                _fseeko_r
 .text._fclose_r
                0x00114450      0x148 /opt/devkitpro/devkitARM/lib/gcc/arm-none-eabi/15.2.0/../../../../arm-none-eabi/lib/armv6k/fpu/libg.a(libc_a-fclose.o)
                0x00114450                _fclose_r
 .text.fclose   0x00114598       0x20 /opt/devkitpro/devkitARM/lib/gcc/arm-none-eabi/15.2.0/../../../../arm-none-eabi/lib/armv6k/fpu/libg.a(libc_a-fclose.o)
                0x00114598                fclose
 .text.putchar  0x001145b8       0x24 /opt/devkitpro/devkitARM/lib/gcc/arm-none-eabi/15.2.0/../../../../arm-none-eabi/lib/armv6k/fpu/libg.a(libc_a-putchar.o)
                0x001145b8                putchar
 .text.fprintf  0x001145dc       0x3c /opt/devkitpro/devkitARM/lib/gcc/arm-none-eabi/15.2.0/../../../../arm-none-eabi/lib/armv6k/fpu/libg.a(libc_a-fprintf.o)
                0x001145dc                fprintf
 .text.__call_exitprocs
                0x00114618        0x4 /opt/devkitpro/devkitARM/lib/gcc/arm-none-eabi/15.2.0/../../../../arm-none-eabi/lib/armv6k/fpu/libg.a(libc_a-exit.o)
                0x00114618                __call_exitprocs
 .text.exit     0x0011461c       0x30 /opt/devkitpro/devkitARM/lib/gcc/arm-none-eabi/15.2.0/../../../../arm-none-eabi/lib/armv6k/fpu/libg.a(libc_a-exit.o)
                0x0011461c                exit
 .text.get_arg  0x0011464c      0x5e0 /opt/devkitpro/devkitARM/lib/gcc/arm-none-eabi/15.2.0/../../../../arm-none-eabi/lib/armv6k/fpu/libg.a(libc_a-svfprintf.o)
 *fill*         0x00114c2c        0x4 
 .text._svfprintf_r
                0x00114c30     0x345c /opt/devkitpro/devkitARM/lib/gcc/arm-none-eabi/15.2.0/../../../../arm-none-eabi/lib/armv6k/fpu/libg.a(libc_a-svfprintf.o)
                0x00114c30                _svfprintf_r
 .text.__sflags
                0x0011808c       0xb8 /opt/devkitpro/devkitARM/lib/gcc/arm-none-eabi/15.2.0/../../../../arm-none-eabi/lib/armv6k/fpu/libg.a(libc_a-flags.o)
                0x0011808c                __sflags
 .text.__utf8_wctomb
                0x00118144       0xf8 /opt/devkitpro/devkitARM/lib/gcc/arm-none-eabi/15.2.0/../../../../arm-none-eabi/lib/armv6k/fpu/libg.a(libc_a-wctomb_r.o)
                0x00118144                __utf8_wctomb
 .text.__libc_fini_array
                0x0011823c       0x3c /opt/devkitpro/devkitARM/lib/gcc/arm-none-eabi/15.2.0/../../../../arm-none-eabi/lib/armv6k/fpu/libg.a(libc_a-fini.o)
                0x0011823c                __libc_fini_array
 .text.strnlen  0x00118278       0x3c /opt/devkitpro/devkitARM/lib/gcc/arm-none-eabi/15.2.0/../../../../arm-none-eabi/lib/armv6k/fpu/libg.a(libc_a-strnlen.o)
                0x00118278                strnlen
 .text.strncmp  0x001182b4       0xd8 /opt/devkitpro/devkitARM/lib/gcc/arm-none-eabi/15.2.0/../../../../arm-none-eabi/lib/armv6k/fpu/libg.a(libc_a-strncmp.o)
                0x001182b4                strncmp
 .text.__match  0x0011838c       0x70 /opt/devkitpro/devkitARM/lib/gcc/arm-none-eabi/15.2.0/../../../../arm-none-eabi/lib/armv6k/fpu/libg.a(libc_a-gdtoa-hexnan.o)
                0x0011838c                __match
 .text.__hexnan
                0x001183fc      0x2a8 /opt/devkitpro/devkitARM/lib/gcc/arm-none-eabi/15.2.0/../../../../arm-none-eabi/lib/armv6k/fpu/libg.a(libc_a-gdtoa-hexnan.o)
                0x001183fc                __hexnan
 .text.lflush   0x001186a4       0x38 /opt/devkitpro/devkitARM/lib/gcc/arm-none-eabi/15.2.0/../../../../arm-none-eabi/lib/armv6k/fpu/libg.a(libc_a-refill.o)
 .text.__srefill_r
                0x001186dc      0x1a8 /opt/devkitpro/devkitARM/lib/gcc/arm-none-eabi/15.2.0/../../../../arm-none-eabi/lib/armv6k/fpu/libg.a(libc_a-refill.o)
                0x001186dc                __srefill_r
 *fill*         0x00118884        0x4 
 .text.nan      0x00118888       0x10 /opt/devkitpro/devkitARM/lib/gcc/arm-none-eabi/15.2.0/../../../../arm-none-eabi/lib/armv6k/fpu/libg.a(libm_a-s_nan.o)
                0x00118888                nan
 .text.nanf     0x00118898        0xc /opt/devkitpro/devkitARM/lib/gcc/arm-none-eabi/15.2.0/../../../../arm-none-eabi/lib/armv6k/fpu/libg.a(libm_a-sf_nan.o)
                0x00118898                nanf
 *fill*         0x001188a4        0x4 
 .text.frexp    0x001188a8       0x88 /opt/devkitpro/devkitARM/lib/gcc/arm-none-eabi/15.2.0/../../../../arm-none-eabi/lib/armv6k/fpu/libg.a(libm_a-s_frexp.o)
                0x001188a8                frexp
 .text.__assert_func
                0x00118930       0x5c /opt/devkitpro/devkitARM/lib/gcc/arm-none-eabi/15.2.0/../../../../arm-none-eabi/lib/armv6k/fpu/libg.a(libc_a-assert.o)
                0x00118930                __assert_func
 .text._Balloc  0x0011898c       0x88 /opt/devkitpro/devkitARM/lib/gcc/arm-none-eabi/15.2.0/../../../../arm-none-eabi/lib/armv6k/fpu/libg.a(libc_a-mprec.o)
                0x0011898c                _Balloc
 .text._Bfree   0x00118a14       0x1c /opt/devkitpro/devkitARM/lib/gcc/arm-none-eabi/15.2.0/../../../../arm-none-eabi/lib/armv6k/fpu/libg.a(libc_a-mprec.o)
                0x00118a14                _Bfree
 .text.__multadd
                0x00118a30       0xf4 /opt/devkitpro/devkitARM/lib/gcc/arm-none-eabi/15.2.0/../../../../arm-none-eabi/lib/armv6k/fpu/libg.a(libc_a-mprec.o)
                0x00118a30                __multadd
 .text.__s2b    0x00118b24      0x10c /opt/devkitpro/devkitARM/lib/gcc/arm-none-eabi/15.2.0/../../../../arm-none-eabi/lib/armv6k/fpu/libg.a(libc_a-mprec.o)
                0x00118b24                __s2b
 .text.__hi0bits
                0x00118c30       0x80 /opt/devkitpro/devkitARM/lib/gcc/arm-none-eabi/15.2.0/../../../../arm-none-eabi/lib/armv6k/fpu/libg.a(libc_a-mprec.o)
                0x00118c30                __hi0bits
 .text.__lo0bits
                0x00118cb0       0xf0 /opt/devkitpro/devkitARM/lib/gcc/arm-none-eabi/15.2.0/../../../../arm-none-eabi/lib/armv6k/fpu/libg.a(libc_a-mprec.o)
                0x00118cb0                __lo0bits
 .text.__i2b    0x00118da0       0xa4 /opt/devkitpro/devkitARM/lib/gcc/arm-none-eabi/15.2.0/../../../../arm-none-eabi/lib/armv6k/fpu/libg.a(libc_a-mprec.o)
                0x00118da0                __i2b
 .text.__multiply
                0x00118e44      0x230 /opt/devkitpro/devkitARM/lib/gcc/arm-none-eabi/15.2.0/../../../../arm-none-eabi/lib/armv6k/fpu/libg.a(libc_a-mprec.o)
                0x00118e44                __multiply
 .text.__pow5mult
                0x00119074      0x130 /opt/devkitpro/devkitARM/lib/gcc/arm-none-eabi/15.2.0/../../../../arm-none-eabi/lib/armv6k/fpu/libg.a(libc_a-mprec.o)
                0x00119074                __pow5mult
 .text.__lshift
                0x001191a4      0x138 /opt/devkitpro/devkitARM/lib/gcc/arm-none-eabi/15.2.0/../../../../arm-none-eabi/lib/armv6k/fpu/libg.a(libc_a-mprec.o)
                0x001191a4                __lshift
 .text.__mcmp   0x001192dc       0x58 /opt/devkitpro/devkitARM/lib/gcc/arm-none-eabi/15.2.0/../../../../arm-none-eabi/lib/armv6k/fpu/libg.a(libc_a-mprec.o)
                0x001192dc                __mcmp
 .text.__mdiff  0x00119334      0x218 /opt/devkitpro/devkitARM/lib/gcc/arm-none-eabi/15.2.0/../../../../arm-none-eabi/lib/armv6k/fpu/libg.a(libc_a-mprec.o)
                0x00119334                __mdiff
 .text.__ulp    0x0011954c       0x68 /opt/devkitpro/devkitARM/lib/gcc/arm-none-eabi/15.2.0/../../../../arm-none-eabi/lib/armv6k/fpu/libg.a(libc_a-mprec.o)
                0x0011954c                __ulp
 .text.__b2d    0x001195b4       0xd4 /opt/devkitpro/devkitARM/lib/gcc/arm-none-eabi/15.2.0/../../../../arm-none-eabi/lib/armv6k/fpu/libg.a(libc_a-mprec.o)
                0x001195b4                __b2d
 .text.__d2b    0x00119688      0x120 /opt/devkitpro/devkitARM/lib/gcc/arm-none-eabi/15.2.0/../../../../arm-none-eabi/lib/armv6k/fpu/libg.a(libc_a-mprec.o)
                0x00119688                __d2b
 .text.__ratio  0x001197a8       0x78 /opt/devkitpro/devkitARM/lib/gcc/arm-none-eabi/15.2.0/../../../../arm-none-eabi/lib/armv6k/fpu/libg.a(libc_a-mprec.o)
                0x001197a8                __ratio
 .text.__copybits
                0x00119820       0x8c /opt/devkitpro/devkitARM/lib/gcc/arm-none-eabi/15.2.0/../../../../arm-none-eabi/lib/armv6k/fpu/libg.a(libc_a-mprec.o)
                0x00119820                __copybits
 .text.__any_on
                0x001198ac       0x5c /opt/devkitpro/devkitARM/lib/gcc/arm-none-eabi/15.2.0/../../../../arm-none-eabi/lib/armv6k/fpu/libg.a(libc_a-mprec.o)
                0x001198ac                __any_on
 .text._fwalk_sglue
                0x00119908       0x70 /opt/devkitpro/devkitARM/lib/gcc/arm-none-eabi/15.2.0/../../../../arm-none-eabi/lib/armv6k/fpu/libg.a(libc_a-fwalk.o)
                0x00119908                _fwalk_sglue
 .text.get_arg  0x00119978      0x5e0 /opt/devkitpro/devkitARM/lib/gcc/arm-none-eabi/15.2.0/../../../../arm-none-eabi/lib/armv6k/fpu/libg.a(libc_a-vfprintf.o)
 .text._vfprintf_r
                0x00119f58     0x3554 /opt/devkitpro/devkitARM/lib/gcc/arm-none-eabi/15.2.0/../../../../arm-none-eabi/lib/armv6k/fpu/libg.a(libc_a-vfprintf.o)
                0x00119f58                _vfprintf_r
 .text.__sbprintf
                0x0011d4ac       0xb4 /opt/devkitpro/devkitARM/lib/gcc/arm-none-eabi/15.2.0/../../../../arm-none-eabi/lib/armv6k/fpu/libg.a(libc_a-vfprintf.o)
 .text._wcrtomb_r
                0x0011d560       0xa0 /opt/devkitpro/devkitARM/lib/gcc/arm-none-eabi/15.2.0/../../../../arm-none-eabi/lib/armv6k/fpu/libg.a(libc_a-wcrtomb.o)
                0x0011d560                _wcrtomb_r
 .text.__ssprint_r
                0x0011d600       0xa4 /opt/devkitpro/devkitARM/lib/gcc/arm-none-eabi/15.2.0/../../../../arm-none-eabi/lib/armv6k/fpu/libg.a(libc_a-ssprint_r.o)
                0x0011d600                __ssprint_r
 .text.__utf8_mbtowc
                0x0011d6a4      0x340 /opt/devkitpro/devkitARM/lib/gcc/arm-none-eabi/15.2.0/../../../../arm-none-eabi/lib/armv6k/fpu/libg.a(libc_a-mbtowc_r.o)
                0x0011d6a4                __utf8_mbtowc
 .text.fiprintf
                0x0011d9e4       0x3c /opt/devkitpro/devkitARM/lib/gcc/arm-none-eabi/15.2.0/../../../../arm-none-eabi/lib/armv6k/fpu/libg.a(libc_a-fiprintf.o)
                0x0011d9e4                fiprintf
 .text.strchr   0x0011da20      0x140 /opt/devkitpro/devkitARM/lib/gcc/arm-none-eabi/15.2.0/../../../../arm-none-eabi/lib/armv6k/fpu/libg.a(libc_a-strchr.o)
                0x0011da20                strchr
 .text.abort    0x0011db60       0x14 /opt/devkitpro/devkitARM/lib/gcc/arm-none-eabi/15.2.0/../../../../arm-none-eabi/lib/armv6k/fpu/libg.a(libc_a-abort.o)
                0x0011db60                abort
 .text.__smakebuf_r
                0x0011db74      0x164 /opt/devkitpro/devkitARM/lib/gcc/arm-none-eabi/15.2.0/../../../../arm-none-eabi/lib/armv6k/fpu/libg.a(libc_a-makebuf.o)
                0x0011db74                __smakebuf_r
 .text.__swhatbuf_r
                0x0011dcd8       0x90 /opt/devkitpro/devkitARM/lib/gcc/arm-none-eabi/15.2.0/../../../../arm-none-eabi/lib/armv6k/fpu/libg.a(libc_a-makebuf.o)
                0x0011dcd8                __swhatbuf_r
 .text._calloc_r
                0x0011dd68       0xd8 /opt/devkitpro/devkitARM/lib/gcc/arm-none-eabi/15.2.0/../../../../arm-none-eabi/lib/armv6k/fpu/libg.a(libc_a-callocr.o)
                0x0011dd68                _calloc_r
 .text.__sprint_r
                0x0011de40       0x30 /opt/devkitpro/devkitARM/lib/gcc/arm-none-eabi/15.2.0/../../../../arm-none-eabi/lib/armv6k/fpu/libg.a(libc_a-sprint_r.o)
                0x0011de40                __sprint_r
 .text.get_arg  0x0011de70       0x50 /opt/devkitpro/devkitARM/lib/gcc/arm-none-eabi/15.2.0/../../../../arm-none-eabi/lib/armv6k/fpu/libg.a(libc_a-vfscanf.o)
 .text.__svfscanf_r
                0x0011dec0     0x2bc4 /opt/devkitpro/devkitARM/lib/gcc/arm-none-eabi/15.2.0/../../../../arm-none-eabi/lib/armv6k/fpu/libg.a(libc_a-vfscanf.o)
                0x0011dec0                __svfscanf_r
 .text._vfscanf_r
                0x00120a84       0x40 /opt/devkitpro/devkitARM/lib/gcc/arm-none-eabi/15.2.0/../../../../arm-none-eabi/lib/armv6k/fpu/libg.a(libc_a-vfscanf.o)
                0x00120a84                _vfscanf_r
 .text._putc_r  0x00120ac4       0xfc /opt/devkitpro/devkitARM/lib/gcc/arm-none-eabi/15.2.0/../../../../arm-none-eabi/lib/armv6k/fpu/libg.a(libc_a-putc.o)
                0x00120ac4                _putc_r
 .text.quorem   0x00120bc0      0x1c0 /opt/devkitpro/devkitARM/lib/gcc/arm-none-eabi/15.2.0/../../../../arm-none-eabi/lib/armv6k/fpu/libg.a(libc_a-dtoa.o)
 .text._dtoa_r  0x00120d80     0x1420 /opt/devkitpro/devkitARM/lib/gcc/arm-none-eabi/15.2.0/../../../../arm-none-eabi/lib/armv6k/fpu/libg.a(libc_a-dtoa.o)
                0x00120d80                _dtoa_r
 .text.__swbuf_r
                0x001221a0      0x124 /opt/devkitpro/devkitARM/lib/gcc/arm-none-eabi/15.2.0/../../../../arm-none-eabi/lib/armv6k/fpu/libg.a(libc_a-wbuf.o)
                0x001221a0                __swbuf_r
 .text.memchr   0x001222c4       0xe8 /opt/devkitpro/devkitARM/lib/gcc/arm-none-eabi/15.2.0/../../../../arm-none-eabi/lib/armv6k/fpu/libg.a(libc_a-memchr-stub.o)
                0x001222c4                memchr
 .text._wcsrtombs_r
                0x001223ac       0x28 /opt/devkitpro/devkitARM/lib/gcc/arm-none-eabi/15.2.0/../../../../arm-none-eabi/lib/armv6k/fpu/libg.a(libc_a-wcsrtombs.o)
                0x001223ac                _wcsrtombs_r
 .text.__swsetup_r
                0x001223d4      0x140 /opt/devkitpro/devkitARM/lib/gcc/arm-none-eabi/15.2.0/../../../../arm-none-eabi/lib/armv6k/fpu/libg.a(libc_a-wsetup.o)
                0x001223d4                __swsetup_r
 .text._localeconv_r
                0x00122514       0x24 /opt/devkitpro/devkitARM/lib/gcc/arm-none-eabi/15.2.0/../../../../arm-none-eabi/lib/armv6k/fpu/libg.a(libc_a-localeconv.o)
                0x00122514                _localeconv_r
 .text.__ssputs_r
                0x00122538      0x12c /opt/devkitpro/devkitARM/lib/gcc/arm-none-eabi/15.2.0/../../../../arm-none-eabi/lib/armv6k/fpu/libg.a(libc_a-ssputs_r.o)
                0x00122538                __ssputs_r
 .text.get_arg  0x00122664      0x5e0 /opt/devkitpro/devkitARM/lib/gcc/arm-none-eabi/15.2.0/../../../../arm-none-eabi/lib/armv6k/fpu/libg.a(libc_a-vfiprintf.o)
 .text._vfiprintf_r
                0x00122c44     0x22f8 /opt/devkitpro/devkitARM/lib/gcc/arm-none-eabi/15.2.0/../../../../arm-none-eabi/lib/armv6k/fpu/libg.a(libc_a-vfiprintf.o)
                0x00122c44                _vfiprintf_r
 .text.__sbprintf
                0x00124f3c       0xb4 /opt/devkitpro/devkitARM/lib/gcc/arm-none-eabi/15.2.0/../../../../arm-none-eabi/lib/armv6k/fpu/libg.a(libc_a-vfiprintf.o)
 .text._wcsnrtombs_l
                0x00124ff0      0x15c /opt/devkitpro/devkitARM/lib/gcc/arm-none-eabi/15.2.0/../../../../arm-none-eabi/lib/armv6k/fpu/libg.a(libc_a-wcsnrtombs.o)
                0x00124ff0                _wcsnrtombs_l
 .text._wcsnrtombs_r
                0x0012514c       0x64 /opt/devkitpro/devkitARM/lib/gcc/arm-none-eabi/15.2.0/../../../../arm-none-eabi/lib/armv6k/fpu/libg.a(libc_a-wcsnrtombs.o)
                0x0012514c                _wcsnrtombs_r
 .text.sprintf  0x001251b0       0x68 /opt/devkitpro/devkitARM/lib/gcc/arm-none-eabi/15.2.0/../../../../arm-none-eabi/lib/armv6k/fpu/libg.a(libc_a-sprintf.o)
                0x001251b0                sprintf
 .text.stpncpy  0x00125218       0xdc /opt/devkitpro/devkitARM/lib/gcc/arm-none-eabi/15.2.0/../../../../arm-none-eabi/lib/armv6k/fpu/libg.a(libc_a-stpncpy.o)
                0x00125218                stpncpy
 .text._fread_r
                0x001252f4      0x334 /opt/devkitpro/devkitARM/lib/gcc/arm-none-eabi/15.2.0/../../../../arm-none-eabi/lib/armv6k/fpu/libg.a(libc_a-fread.o)
                0x001252f4                _fread_r
 .text.iswspace
                0x00125628        0x8 /opt/devkitpro/devkitARM/lib/gcc/arm-none-eabi/15.2.0/../../../../arm-none-eabi/lib/armv6k/fpu/libg.a(libc_a-iswspace.o)
                0x00125628                iswspace
 .text._strtoull_l.isra.0
                0x00125630      0x264 /opt/devkitpro/devkitARM/lib/gcc/arm-none-eabi/15.2.0/../../../../arm-none-eabi/lib/armv6k/fpu/libg.a(libc_a-strtoull.o)
 .text._strtoull_r
                0x00125894       0x38 /opt/devkitpro/devkitARM/lib/gcc/arm-none-eabi/15.2.0/../../../../arm-none-eabi/lib/armv6k/fpu/libg.a(libc_a-strtoull.o)
                0x00125894                _strtoull_r
 .text.__submore
                0x001258cc       0xb8 /opt/devkitpro/devkitARM/lib/gcc/arm-none-eabi/15.2.0/../../../../arm-none-eabi/lib/armv6k/fpu/libg.a(libc_a-ungetc.o)
                0x001258cc                __submore
 .text._ungetc_r
                0x00125984      0x230 /opt/devkitpro/devkitARM/lib/gcc/arm-none-eabi/15.2.0/../../../../arm-none-eabi/lib/armv6k/fpu/libg.a(libc_a-ungetc.o)
                0x00125984                _ungetc_r
 .text._mbrtowc_r
                0x00125bb4       0xc4 /opt/devkitpro/devkitARM/lib/gcc/arm-none-eabi/15.2.0/../../../../arm-none-eabi/lib/armv6k/fpu/libg.a(libc_a-mbrtowc.o)
                0x00125bb4                _mbrtowc_r
 .text.__sfvwrite_r
                0x00125c78      0x4a4 /opt/devkitpro/devkitARM/lib/gcc/arm-none-eabi/15.2.0/../../../../arm-none-eabi/lib/armv6k/fpu/libg.a(libc_a-fvwrite.o)
                0x00125c78                __sfvwrite_r
 .text._raise_r
                0x0012611c       0x9c /opt/devkitpro/devkitARM/lib/gcc/arm-none-eabi/15.2.0/../../../../arm-none-eabi/lib/armv6k/fpu/libg.a(libc_a-signal.o)
                0x0012611c                _raise_r
 .text.raise    0x001261b8       0x20 /opt/devkitpro/devkitARM/lib/gcc/arm-none-eabi/15.2.0/../../../../arm-none-eabi/lib/armv6k/fpu/libg.a(libc_a-signal.o)
                0x001261b8                raise
 .text.__sccl   0x001261d8       0xf8 /opt/devkitpro/devkitARM/lib/gcc/arm-none-eabi/15.2.0/../../../../arm-none-eabi/lib/armv6k/fpu/libg.a(libc_a-sccl.o)
                0x001261d8                __sccl
 .text._strtoll_l.isra.0
                0x001262d0      0x47c /opt/devkitpro/devkitARM/lib/gcc/arm-none-eabi/15.2.0/../../../../arm-none-eabi/lib/armv6k/fpu/libg.a(libc_a-strtoll.o)
 .text._strtoll_r
                0x0012674c       0x38 /opt/devkitpro/devkitARM/lib/gcc/arm-none-eabi/15.2.0/../../../../arm-none-eabi/lib/armv6k/fpu/libg.a(libc_a-strtoll.o)
                0x0012674c                _strtoll_r
 .text.realloc  0x00126784       0x28 /opt/devkitpro/devkitARM/lib/gcc/arm-none-eabi/15.2.0/../../../../arm-none-eabi/lib/armv6k/fpu/libg.a(libc_a-realloc.o)
                0x00126784                realloc
 .text.memmove  0x001267ac      0x1a8 /opt/devkitpro/devkitARM/lib/gcc/arm-none-eabi/15.2.0/../../../../arm-none-eabi/lib/armv6k/fpu/libg.a(libc_a-memmove.o)
                0x001267ac                memmove
 .text._realloc_r
                0x00126954      0x4f0 /opt/devkitpro/devkitARM/lib/gcc/arm-none-eabi/15.2.0/../../../../arm-none-eabi/lib/armv6k/fpu/libg.a(libc_a-reallocr.o)
                0x00126954                _realloc_r
 .text.iswspace_l
                0x00126e44       0x38 /opt/devkitpro/devkitARM/lib/gcc/arm-none-eabi/15.2.0/../../../../arm-none-eabi/lib/armv6k/fpu/libg.a(libc_a-iswspace_l.o)
                0x00126e44                iswspace_l
 .text.category
                0x00126e7c       0x90 /opt/devkitpro/devkitARM/lib/gcc/arm-none-eabi/15.2.0/../../../../arm-none-eabi/lib/armv6k/fpu/libg.a(libc_a-categories.o)
                0x00126e7c                category
 .text._exit    0x00126f0c       0x20 /opt/devkitpro/devkitARM/lib/gcc/arm-none-eabi/15.2.0/../../../../arm-none-eabi/lib/armv6k/fpu/libsysbase.a(libsysbase_libsysbase_a-_exit.o)
                0x00126f0c                _exit
 .text.chdir    0x00126f2c      0x140 /opt/devkitpro/devkitARM/lib/gcc/arm-none-eabi/15.2.0/../../../../arm-none-eabi/lib/armv6k/fpu/libsysbase.a(libsysbase_libsysbase_a-chdir.o)
                0x00126f2c                chdir
 .text._concatenate_path
                0x0012706c      0x1c8 /opt/devkitpro/devkitARM/lib/gcc/arm-none-eabi/15.2.0/../../../../arm-none-eabi/lib/armv6k/fpu/libsysbase.a(libsysbase_libsysbase_a-concatenate.o)
                0x0012706c                _concatenate_path
 .text._fstat_r
                0x00127234       0x9c /opt/devkitpro/devkitARM/lib/gcc/arm-none-eabi/15.2.0/../../../../arm-none-eabi/lib/armv6k/fpu/libsysbase.a(libsysbase_libsysbase_a-fstat.o)
                0x00127234                _fstat_r
 .text._getpid_r
                0x001272d0       0x14 /opt/devkitpro/devkitARM/lib/gcc/arm-none-eabi/15.2.0/../../../../arm-none-eabi/lib/armv6k/fpu/libsysbase.a(libsysbase_libsysbase_a-getpid.o)
                0x001272d0                _getpid_r
 .text.__getreent
                0x001272e4       0x2c /opt/devkitpro/devkitARM/lib/gcc/arm-none-eabi/15.2.0/../../../../arm-none-eabi/lib/armv6k/fpu/libsysbase.a(libsysbase_libsysbase_a-getreent.o)
                0x001272e4                __getreent
 .text.__release_handle
                0x00127310       0xa0 /opt/devkitpro/devkitARM/lib/gcc/arm-none-eabi/15.2.0/../../../../arm-none-eabi/lib/armv6k/fpu/libsysbase.a(libsysbase_libsysbase_a-handle_manager.o)
                0x00127310                __release_handle
 .text.__alloc_handle
                0x001273b0       0xb0 /opt/devkitpro/devkitARM/lib/gcc/arm-none-eabi/15.2.0/../../../../arm-none-eabi/lib/armv6k/fpu/libsysbase.a(libsysbase_libsysbase_a-handle_manager.o)
                0x001273b0                __alloc_handle
 .text.__get_handle
                0x00127460       0x58 /opt/devkitpro/devkitARM/lib/gcc/arm-none-eabi/15.2.0/../../../../arm-none-eabi/lib/armv6k/fpu/libsysbase.a(libsysbase_libsysbase_a-handle_manager.o)
                0x00127460                __get_handle
 .text._close_r
                0x001274b8      0x110 /opt/devkitpro/devkitARM/lib/gcc/arm-none-eabi/15.2.0/../../../../arm-none-eabi/lib/armv6k/fpu/libsysbase.a(libsysbase_libsysbase_a-handle_manager.o)
                0x001274b8                _close_r
 .text.null_write
                0x001275c8        0x8 /opt/devkitpro/devkitARM/lib/gcc/arm-none-eabi/15.2.0/../../../../arm-none-eabi/lib/armv6k/fpu/libsysbase.a(libsysbase_libsysbase_a-iosupport.o)
 .text.setDefaultDevice
                0x001275d0       0x18 /opt/devkitpro/devkitARM/lib/gcc/arm-none-eabi/15.2.0/../../../../arm-none-eabi/lib/armv6k/fpu/libsysbase.a(libsysbase_libsysbase_a-iosupport.o)
                0x001275d0                setDefaultDevice
 .text.FindDevice
                0x001275e8       0x98 /opt/devkitpro/devkitARM/lib/gcc/arm-none-eabi/15.2.0/../../../../arm-none-eabi/lib/armv6k/fpu/libsysbase.a(libsysbase_libsysbase_a-iosupport.o)
                0x001275e8                FindDevice
 .text.RemoveDevice
                0x00127680       0x24 /opt/devkitpro/devkitARM/lib/gcc/arm-none-eabi/15.2.0/../../../../arm-none-eabi/lib/armv6k/fpu/libsysbase.a(libsysbase_libsysbase_a-iosupport.o)
                0x00127680                RemoveDevice
 .text.AddDevice
                0x001276a4       0x88 /opt/devkitpro/devkitARM/lib/gcc/arm-none-eabi/15.2.0/../../../../arm-none-eabi/lib/armv6k/fpu/libsysbase.a(libsysbase_libsysbase_a-iosupport.o)
                0x001276a4                AddDevice
 .text.GetDeviceOpTab
                0x0012772c       0x20 /opt/devkitpro/devkitARM/lib/gcc/arm-none-eabi/15.2.0/../../../../arm-none-eabi/lib/armv6k/fpu/libsysbase.a(libsysbase_libsysbase_a-iosupport.o)
                0x0012772c                GetDeviceOpTab
 .text._isatty_r
                0x0012774c        0x8 /opt/devkitpro/devkitARM/lib/gcc/arm-none-eabi/15.2.0/../../../../arm-none-eabi/lib/armv6k/fpu/libsysbase.a(libsysbase_libsysbase_a-isatty.o)
                0x0012774c                _isatty_r
 .text._kill_r  0x00127754       0x14 /opt/devkitpro/devkitARM/lib/gcc/arm-none-eabi/15.2.0/../../../../arm-none-eabi/lib/armv6k/fpu/libsysbase.a(libsysbase_libsysbase_a-kill.o)
                0x00127754                _kill_r
 .text._lseek_r
                0x00127768       0x94 /opt/devkitpro/devkitARM/lib/gcc/arm-none-eabi/15.2.0/../../../../arm-none-eabi/lib/armv6k/fpu/libsysbase.a(libsysbase_libsysbase_a-lseek.o)
                0x00127768                _lseek_r
 .text.mkdir    0x001277fc       0x68 /opt/devkitpro/devkitARM/lib/gcc/arm-none-eabi/15.2.0/../../../../arm-none-eabi/lib/armv6k/fpu/libsysbase.a(libsysbase_libsysbase_a-mkdir.o)
                0x001277fc                mkdir
 .text._open_r  0x00127864       0xc0 /opt/devkitpro/devkitARM/lib/gcc/arm-none-eabi/15.2.0/../../../../arm-none-eabi/lib/armv6k/fpu/libsysbase.a(libsysbase_libsysbase_a-open.o)
                0x00127864                _open_r
 .text._read_r  0x00127924       0x94 /opt/devkitpro/devkitARM/lib/gcc/arm-none-eabi/15.2.0/../../../../arm-none-eabi/lib/armv6k/fpu/libsysbase.a(libsysbase_libsysbase_a-read.o)
                0x00127924                _read_r
 .text._sbrk_r  0x001279b8       0x78 /opt/devkitpro/devkitARM/lib/gcc/arm-none-eabi/15.2.0/../../../../arm-none-eabi/lib/armv6k/fpu/libsysbase.a(libsysbase_libsysbase_a-sbrk.o)
                0x001279b8                _sbrk_r
 .text.__libc_lock_acquire
                0x00127a30       0x1c /opt/devkitpro/devkitARM/lib/gcc/arm-none-eabi/15.2.0/../../../../arm-none-eabi/lib/armv6k/fpu/libsysbase.a(libsysbase_libsysbase_a-syscall_support.o)
                0x00127a30                __libc_lock_acquire
 .text.__libc_lock_release
                0x00127a4c       0x1c /opt/devkitpro/devkitARM/lib/gcc/arm-none-eabi/15.2.0/../../../../arm-none-eabi/lib/armv6k/fpu/libsysbase.a(libsysbase_libsysbase_a-syscall_support.o)
                0x00127a4c                __libc_lock_release
 .text.__libc_lock_acquire_recursive
                0x00127a68       0x1c /opt/devkitpro/devkitARM/lib/gcc/arm-none-eabi/15.2.0/../../../../arm-none-eabi/lib/armv6k/fpu/libsysbase.a(libsysbase_libsysbase_a-syscall_support.o)
                0x00127a68                __libc_lock_acquire_recursive
 .text.__libc_lock_release_recursive
                0x00127a84       0x1c /opt/devkitpro/devkitARM/lib/gcc/arm-none-eabi/15.2.0/../../../../arm-none-eabi/lib/armv6k/fpu/libsysbase.a(libsysbase_libsysbase_a-syscall_support.o)
                0x00127a84                __libc_lock_release_recursive
 .text._write_r
                0x00127aa0       0x94 /opt/devkitpro/devkitARM/lib/gcc/arm-none-eabi/15.2.0/../../../../arm-none-eabi/lib/armv6k/fpu/libsysbase.a(libsysbase_libsysbase_a-write.o)
                0x00127aa0                _write_r
 .text.strrchr  0x00127b34       0x48 /opt/devkitpro/devkitARM/lib/gcc/arm-none-eabi/15.2.0/../../../../arm-none-eabi/lib/armv6k/fpu/libg.a(libc_a-strrchr.o)
                0x00127b34                strrchr
 *(.glue_7)
 .glue_7        0x00127b7c        0x0 linker stubs
 *(.glue_7t)
 .glue_7t       0x00127b7c        0x0 linker stubs
 *(.stub)
 *(.gnu.warning)
 *(.gnu.linkonce.t*)
                0x00127b7c                        . = ALIGN (0x4)
 *(.fini)
 .fini          0x00127b7c        0xc /opt/devkitpro/devkitARM/lib/gcc/arm-none-eabi/15.2.0/armv6k/fpu/crti.o
                0x00127b7c                _fini
 .fini          0x00127b88        0xc /opt/devkitpro/devkitARM/lib/gcc/arm-none-eabi/15.2.0/armv6k/fpu/crtn.o
                0x00127b94                        . = ALIGN (0x4)

.vfp11_veneer   0x00127b94        0x0
 .vfp11_veneer  0x00127b94        0x0 linker stubs

.v4_bx          0x00127b94        0x0
 .v4_bx         0x00127b94        0x0 linker stubs

.iplt           0x00127b94        0x0
 .iplt          0x00127b94        0x0 /opt/devkitpro/devkitARM/lib/gcc/arm-none-eabi/15.2.0/../../../../arm-none-eabi/lib/armv6k/fpu/3dsx_crt0.o
                0x00128000                        . = ALIGN (0x1000)

.rodata         0x00128000     0x7e78
 *(.rodata)
 .rodata        0x00128000      0x674 lang.o
 .rodata        0x00128674       0x48 main.o
 .rodata        0x001286bc      0x190 wheather.o
 .rodata        0x0012884c        0xc /opt/devkitpro/libctru/lib/libctru.a(archive_dev.o)
 *(.roda)
 *(.rodata.*)
 .rodata.str1.4
                0x00128858     0x2720 cities.o
                                 0x4d (size before relaxing)
 .rodata.str1.4
                0x0012af78        0x0 lang.o
                               0x1973 (size before relaxing)
 .rodata.str1.4
                0x0012af78        0x0 main.o
                                0x5d7 (size before relaxing)
 .rodata.str1.4
                0x0012af78        0x0 wheather.o
                                0x55a (size before relaxing)
 .rodata.consolePrintChar
                0x0012af78        0x6 /opt/devkitpro/libctru/lib/libctru.a(console.o)
 .rodata.con_write
                0x0012af7e      0x23c /opt/devkitpro/libctru/lib/libctru.a(console.o)
 .rodata.str1.4
                0x0012b1ba        0x0 /opt/devkitpro/libctru/lib/libctru.a(console.o)
                                 0x10 (size before relaxing)
 *fill*         0x0012b1ba        0x2 
 .rodata.dotab_stdout
                0x0012b1bc       0x80 /opt/devkitpro/libctru/lib/libctru.a(console.o)
 .rodata.grayScale
                0x0012b23c       0x18 /opt/devkitpro/libctru/lib/libctru.a(console.o)
 .rodata.colorCube
                0x0012b254        0x6 /opt/devkitpro/libctru/lib/libctru.a(console.o)
 *fill*         0x0012b25a        0x2 
 .rodata.colorTable
                0x0012b25c       0x30 /opt/devkitpro/libctru/lib/libctru.a(console.o)
 .rodata.aptEventHandler
                0x0012b28c        0xb /opt/devkitpro/libctru/lib/libctru.a(apt.o)
 .rodata.aptWaitForWakeUp.isra.0
                0x0012b297       0x11 /opt/devkitpro/libctru/lib/libctru.a(apt.o)
 .rodata.morton_y.2
                0x0012b2a8        0x8 /opt/devkitpro/libctru/lib/libctru.a(apt.o)
 .rodata.morton_x.3
                0x0012b2b0        0x8 /opt/devkitpro/libctru/lib/libctru.a(apt.o)
 .rodata.s_sleepWakeEvents.4
                0x0012b2b8        0x8 /opt/devkitpro/libctru/lib/libctru.a(apt.o)
 .rodata.str1.4
                0x0012b2c0        0x0 /opt/devkitpro/libctru/lib/libctru.a(apt.o)
                                 0x16 (size before relaxing)
 .rodata.serviceNameTable.5
                0x0012b2c0        0xc /opt/devkitpro/libctru/lib/libctru.a(apt.o)
 .rodata.gspInit.str1.4
                0x0012b2cc        0x0 /opt/devkitpro/libctru/lib/libctru.a(gspgpu.o)
                                  0x9 (size before relaxing)
 .rodata.hidInit.str1.4
                0x0012b2cc        0x0 /opt/devkitpro/libctru/lib/libctru.a(hid.o)
                                 0x15 (size before relaxing)
 .rodata.httpcInit.str1.4
                0x0012b2cc        0x0 /opt/devkitpro/libctru/lib/libctru.a(httpc.o)
                                  0x7 (size before relaxing)
 .rodata.irrstInit.str1.4
                0x0012b2cc        0x0 /opt/devkitpro/libctru/lib/libctru.a(irrst.o)
                                  0x7 (size before relaxing)
 .rodata.socInit.str1.4
                0x0012b2cc        0x0 /opt/devkitpro/libctru/lib/libctru.a(soc_init.o)
                                  0xe (size before relaxing)
 .rodata.str1.4
                0x0012b2cc        0x0 /opt/devkitpro/libctru/lib/libctru.a(soc_init.o)
                                  0x4 (size before relaxing)
 .rodata.__system_initArgv.str1.4
                0x0012b2cc        0x0 /opt/devkitpro/libctru/lib/libctru.a(initArgv.o)
                                  0xa (size before relaxing)
 .rodata.default_font_bin
                0x0012b2cc      0x800 /opt/devkitpro/libctru/lib/libctru.a(default_font.bin.o)
                0x0012b2cc                default_font_bin
                0x0012bacc                default_font_bin_end
 .rodata.srvInit.str1.4
                0x0012bacc        0x0 /opt/devkitpro/libctru/lib/libctru.a(srv.o)
                                  0x5 (size before relaxing)
 .rodata.ptmSysmInit.str1.4
                0x0012bacc        0x0 /opt/devkitpro/libctru/lib/libctru.a(ptmsysm.o)
                                  0x9 (size before relaxing)
 .rodata._net_error_code_map
                0x0012bacc       0x4d /opt/devkitpro/libctru/lib/libctru.a(soc_common.o)
 .rodata.archive_utf16path.str1.4
                0x0012bb19        0x0 /opt/devkitpro/libctru/lib/libctru.a(archive_dev.o)
                                  0x2 (size before relaxing)
 .rodata._archiveUnmountDeviceStruct.part.0.str1.4
                0x0012bb19        0x0 /opt/devkitpro/libctru/lib/libctru.a(archive_dev.o)
                                  0x2 (size before relaxing)
 .rodata._archiveMountDevice.str1.4
                0x0012bb19        0x0 /opt/devkitpro/libctru/lib/libctru.a(archive_dev.o)
                                  0xc (size before relaxing)
 .rodata.archiveMountSdmc.str1.4
                0x0012bb19        0x0 /opt/devkitpro/libctru/lib/libctru.a(archive_dev.o)
                                  0x5 (size before relaxing)
 *fill*         0x0012bb19        0x3 
 .rodata.error_table
                0x0012bb1c       0x30 /opt/devkitpro/libctru/lib/libctru.a(archive_dev.o)
 .rodata.str1.4
                0x0012bb4c        0x0 /opt/devkitpro/libctru/lib/libctru.a(archive_dev.o)
                                  0x8 (size before relaxing)
 .rodata.archive_devoptab
                0x0012bb4c       0x80 /opt/devkitpro/libctru/lib/libctru.a(archive_dev.o)
 .rodata.fsInit.str1.4
                0x0012bbcc        0x0 /opt/devkitpro/libctru/lib/libctru.a(fs.o)
                                  0x8 (size before relaxing)
 .rodata._strtod_l.str1.4
                0x0012bbcc        0x0 /opt/devkitpro/devkitARM/lib/gcc/arm-none-eabi/15.2.0/../../../../arm-none-eabi/lib/armv6k/fpu/libg.a(libc_a-strtod.o)
                                 0x15 (size before relaxing)
 .rodata._strtod_l
                0x0012bbcc       0x61 /opt/devkitpro/devkitARM/lib/gcc/arm-none-eabi/15.2.0/../../../../arm-none-eabi/lib/armv6k/fpu/libg.a(libc_a-strtod.o)
 *fill*         0x0012bc2d        0x3 
 .rodata.fpinan.0
                0x0012bc30       0x14 /opt/devkitpro/devkitARM/lib/gcc/arm-none-eabi/15.2.0/../../../../arm-none-eabi/lib/armv6k/fpu/libg.a(libc_a-strtod.o)
 .rodata.fpi.1  0x0012bc44       0x14 /opt/devkitpro/devkitARM/lib/gcc/arm-none-eabi/15.2.0/../../../../arm-none-eabi/lib/armv6k/fpu/libg.a(libc_a-strtod.o)
 .rodata.tinytens
                0x0012bc58       0x28 /opt/devkitpro/devkitARM/lib/gcc/arm-none-eabi/15.2.0/../../../../arm-none-eabi/lib/armv6k/fpu/libg.a(libc_a-strtod.o)
 .rodata.__gethex.str1.4
                0x0012bc80        0x0 /opt/devkitpro/devkitARM/lib/gcc/arm-none-eabi/15.2.0/../../../../arm-none-eabi/lib/armv6k/fpu/libg.a(libc_a-gdtoa-gethex.o)
                                 0x94 (size before relaxing)
 .rodata.__hexdig
                0x0012bc80      0x100 /opt/devkitpro/devkitARM/lib/gcc/arm-none-eabi/15.2.0/../../../../arm-none-eabi/lib/armv6k/fpu/libg.a(libc_a-gdtoa-gethex.o)
                0x0012bc80                __hexdig
 .rodata.str1.4
                0x0012bd80        0x0 /opt/devkitpro/devkitARM/lib/gcc/arm-none-eabi/15.2.0/../../../../arm-none-eabi/lib/armv6k/fpu/libg.a(libc_a-locale.o)
                                 0x4c (size before relaxing)
 .rodata.get_arg
                0x0012bd80       0x34 /opt/devkitpro/devkitARM/lib/gcc/arm-none-eabi/15.2.0/../../../../arm-none-eabi/lib/armv6k/fpu/libg.a(libc_a-svfprintf.o)
 .rodata._svfprintf_r.str1.1
                0x0012bdb4       0x40 /opt/devkitpro/devkitARM/lib/gcc/arm-none-eabi/15.2.0/../../../../arm-none-eabi/lib/armv6k/fpu/libg.a(libc_a-svfprintf.o)
                                 0x3b (size before relaxing)
 .rodata._svfprintf_r
                0x0012bdf4       0xb6 /opt/devkitpro/devkitARM/lib/gcc/arm-none-eabi/15.2.0/../../../../arm-none-eabi/lib/armv6k/fpu/libg.a(libc_a-svfprintf.o)
 *fill*         0x0012beaa        0x2 
 .rodata.zeroes.0
                0x0012beac       0x10 /opt/devkitpro/devkitARM/lib/gcc/arm-none-eabi/15.2.0/../../../../arm-none-eabi/lib/armv6k/fpu/libg.a(libc_a-svfprintf.o)
 .rodata.blanks.1
                0x0012bebc       0x10 /opt/devkitpro/devkitARM/lib/gcc/arm-none-eabi/15.2.0/../../../../arm-none-eabi/lib/armv6k/fpu/libg.a(libc_a-svfprintf.o)
 .rodata._ctype_
                0x0012becc      0x101 /opt/devkitpro/devkitARM/lib/gcc/arm-none-eabi/15.2.0/../../../../arm-none-eabi/lib/armv6k/fpu/libg.a(libc_a-ctype_.o)
                0x0012becc                _ctype_
 .rodata.__assert_func.str1.4
                0x0012bfcd        0x0 /opt/devkitpro/devkitARM/lib/gcc/arm-none-eabi/15.2.0/../../../../arm-none-eabi/lib/armv6k/fpu/libg.a(libc_a-assert.o)
                                 0x43 (size before relaxing)
 .rodata.__multadd.str1.4
                0x0012bfcd        0x0 /opt/devkitpro/devkitARM/lib/gcc/arm-none-eabi/15.2.0/../../../../arm-none-eabi/lib/armv6k/fpu/libg.a(libc_a-mprec.o)
                                 0x89 (size before relaxing)
 *fill*         0x0012bfcd        0x3 
 .rodata.p05.0  0x0012bfd0        0xc /opt/devkitpro/devkitARM/lib/gcc/arm-none-eabi/15.2.0/../../../../arm-none-eabi/lib/armv6k/fpu/libg.a(libc_a-mprec.o)
 *fill*         0x0012bfdc        0x4 
 .rodata.__mprec_bigtens
                0x0012bfe0       0x28 /opt/devkitpro/devkitARM/lib/gcc/arm-none-eabi/15.2.0/../../../../arm-none-eabi/lib/armv6k/fpu/libg.a(libc_a-mprec.o)
                0x0012bfe0                __mprec_bigtens
 .rodata.__mprec_tens
                0x0012c008       0xc8 /opt/devkitpro/devkitARM/lib/gcc/arm-none-eabi/15.2.0/../../../../arm-none-eabi/lib/armv6k/fpu/libg.a(libc_a-mprec.o)