Archive member included to satisfy reference by file (symbol)

/opt/devkitpro/libctru/lib/libctru.a(console.o)
                              main.o (consoleInit)
/opt/devkitpro/libctru/lib/libctru.a(gfx.o)
                              /opt/devkitpro/libctru/lib/libctru.a(console.o) (gfxIsWide)
/opt/devkitpro/libctru/lib/libctru.a(apt.o)
                              main.o (aptMainLoop)
/opt/devkitpro/libctru/lib/libctru.a(gspgpu.o)
                              /opt/devkitpro/libctru/lib/libctru.a(gfx.o) (gspInit)
/opt/devkitpro/libctru/lib/libctru.a(hid.o)
                              main.o (hidScanInput)
/opt/devkitpro/libctru/lib/libctru.a(httpc.o)
                              main.o (httpcInit)
/opt/devkitpro/libctru/lib/libctru.a(irrst.o)
                              /opt/devkitpro/libctru/lib/libctru.a(hid.o) (irrstInit)
/opt/devkitpro/libctru/lib/libctru.a(soc_init.o)
                              main.o (socInit)
/opt/devkitpro/libctru/lib/libctru.a(soc_recvfrom.o)
                              /opt/devkitpro/libctru/lib/libctru.a(soc_init.o) (soc_recvfrom)
/opt/devkitpro/libctru/lib/libctru.a(soc_sendto.o)
                              /opt/devkitpro/libctru/lib/libctru.a(soc_init.o) (soc_sendto)
/opt/devkitpro/libctru/lib/libctru.a(swkbd.o)
                              main.o (swkbdInit)
/opt/devkitpro/libctru/lib/libctru.a(utf16_to_utf8.o)
                              /opt/devkitpro/libctru/lib/libctru.a(swkbd.o) (utf16_to_utf8)
/opt/devkitpro/libctru/lib/libctru.a(utf8_to_utf16.o)
                              /opt/devkitpro/libctru/lib/libctru.a(swkbd.o) (utf8_to_utf16)
/opt/devkitpro/libctru/lib/libctru.a(ctru_init.o)
                              /opt/devkitpro/libctru/lib/libctru.a(apt.o) (__system_retAddr)
/opt/devkitpro/libctru/lib/libctru.a(initArgv.o)
                              /opt/devkitpro/libctru/lib/libctru.a(ctru_init.o) (__system_initArgv)
/opt/devkitpro/libctru/lib/libctru.a(syscalls.o)
                              /opt/devkitpro/libctru/lib/libctru.a(ctru_init.o) (__system_initSyscalls)
/opt/devkitpro/libctru/lib/libctru.a(svc.o)
                              /opt/devkitpro/libctru/lib/libctru.a(apt.o) (svcSleepThread)
/opt/devkitpro/libctru/lib/libctru.a(stack_adjust.o)
                              /opt/devkitpro/devkitARM/lib/gcc/arm-none-eabi/15.2.0/../../../../arm-none-eabi/lib/armv6k/fpu/3dsx_crt0.o (initSystem)
/opt/devkitpro/libctru/lib/libctru.a(default_font.bin.o)
                              /opt/devkitpro/libctru/lib/libctru.a(console.o) (default_font_bin)
/opt/devkitpro/libctru/lib/libctru.a(linear.o)
                              /opt/devkitpro/libctru/lib/libctru.a(gfx.o) (linearAlloc)
/opt/devkitpro/libctru/lib/libctru.a(mem_pool.o)
                              /opt/devkitpro/libctru/lib/libctru.a(linear.o) (_ZN7MemPool8AllocateER8MemChunkmi)
/opt/devkitpro/libctru/lib/libctru.a(vram.o)
                              /opt/devkitpro/libctru/lib/libctru.a(gfx.o) (vramAlloc)
/opt/devkitpro/libctru/lib/libctru.a(3dslink.o)
                              /opt/devkitpro/libctru/lib/libctru.a(initArgv.o) (__3dslink_host)
/opt/devkitpro/libctru/lib/libctru.a(env.o)
                              /opt/devkitpro/libctru/lib/libctru.a(irrst.o) (envGetHandle)
/opt/devkitpro/libctru/lib/libctru.a(os.o)
                              /opt/devkitpro/libctru/lib/libctru.a(syscalls.o) (osGetTime)
/opt/devkitpro/libctru/lib/libctru.a(srv.o)
                              /opt/devkitpro/libctru/lib/libctru.a(apt.o) (srvInit)
/opt/devkitpro/libctru/lib/libctru.a(synchronization.o)
                              /opt/devkitpro/libctru/lib/libctru.a(ctru_init.o) (__sync_init)
/opt/devkitpro/libctru/lib/libctru.a(thread.o)
                              /opt/devkitpro/libctru/lib/libctru.a(apt.o) (threadCreate)
/opt/devkitpro/libctru/lib/libctru.a(mappable.o)
                              /opt/devkitpro/libctru/lib/libctru.a(apt.o) (mappableAlloc)
/opt/devkitpro/libctru/lib/libctru.a(ptmsysm.o)
                              /opt/devkitpro/libctru/lib/libctru.a(os.o) (ptmSysmInit)
/opt/devkitpro/libctru/lib/libctru.a(srvpm.o)
                              /opt/devkitpro/libctru/lib/libctru.a(srv.o) (srvPmGetSessionHandle)
/opt/devkitpro/libctru/lib/libctru.a(soc_common.o)
                              /opt/devkitpro/libctru/lib/libctru.a(soc_init.o) (_net_convert_error)
/opt/devkitpro/libctru/lib/libctru.a(soc_connect.o)
                              /opt/devkitpro/libctru/lib/libctru.a(3dslink.o) (connect)
/opt/devkitpro/libctru/lib/libctru.a(soc_socket.o)
                              /opt/devkitpro/libctru/lib/libctru.a(3dslink.o) (socket)
/opt/devkitpro/libctru/lib/libctru.a(rbtree_find.o)
                              /opt/devkitpro/libctru/lib/libctru.a(linear.o) (rbtree_find)
/opt/devkitpro/libctru/lib/libctru.a(rbtree_init.o)
                              /opt/devkitpro/libctru/lib/libctru.a(linear.o) (rbtree_init)
/opt/devkitpro/libctru/lib/libctru.a(rbtree_insert.o)
[...]
Memory Configuration

Name             Origin             Length             Attributes
*default*        0x00000000         0xffffffff

Linker script and memory map

                0x00000000                        __sync_synchronize = __sync_synchronize_dmb
                0x00100000                        PROVIDE (__start__ = 0x100000)
                0x00100000                        . = __start__

.text           0x00100000    0x27ea4
 *(.crt0)
 .crt0          0x00100000       0x94 /opt/devkitpro/devkitARM/lib/gcc/arm-none-eabi/15.2.0/../../../../arm-none-eabi/lib/armv6k/fpu/3dsx_crt0.o
                0x00100000                _start
                0x00100008                __service_ptr
                0x0010000c                __apt_appid
                0x00100010                __heap_size
                0x00100014                __linear_heap_size
                0x00100018                __system_arglist
                0x0010001c                __system_runflags
 *(.init)
 .init          0x00100094        0xc /opt/devkitpro/devkitARM/lib/gcc/arm-none-eabi/15.2.0/armv6k/fpu/crti.o
                0x00100094                _init
 .init          0x001000a0        0xc /opt/devkitpro/devkitARM/lib/gcc/arm-none-eabi/15.2.0/armv6k/fpu/crtn.o
                0x001000ac                        . = ALIGN (0x4)
 *(.text)
 .text          0x001000ac      0x240 /opt/devkitpro/devkitARM/lib/gcc/arm-none-eabi/15.2.0/armv6k/fpu/libgcc.a(_divsi3.o)
                0x001000ac                __aeabi_idiv
                0x001000ac                __divsi3
                0x001002cc                __aeabi_idivmod
 .text          0x001002ec        0x4 /opt/devkitpro/devkitARM/lib/gcc/arm-none-eabi/15.2.0/armv6k/fpu/libgcc.a(_dvmd_tls.o)
                0x001002ec                __aeabi_ldiv0
                0x001002ec                __aeabi_idiv0
 .text          0x001002f0       0x3c /opt/devkitpro/devkitARM/lib/gcc/arm-none-eabi/15.2.0/armv6k/fpu/libgcc.a(_aeabi_uldivmod.o)
                0x001002f0                __aeabi_uldivmod
 *fill*         0x0010032c       0x14 
 .text          0x00100340      0x390 /opt/devkitpro/devkitARM/lib/gcc/arm-none-eabi/15.2.0/../../../../arm-none-eabi/lib/armv6k/fpu/libg.a(libc_a-strcmp.o)
                0x00100348                strcmp
 .text          0x001006d0      0x20c /opt/devkitpro/devkitARM/lib/gcc/arm-none-eabi/15.2.0/armv6k/fpu/libgcc.a(_udivsi3.o)
                0x001006d0                __udivsi3
                0x001006d0                __aeabi_uidiv
                0x001008bc                __aeabi_uidivmod
 .text          0x001008dc      0x3c0 /opt/devkitpro/devkitARM/lib/gcc/arm-none-eabi/15.2.0/armv6k/fpu/libgcc.a(_arm_addsubdf3.o)
                0x001008dc                __aeabi_drsub
                0x001008e4                __aeabi_dsub
                0x001008e4                __subdf3
                0x001008e8                __adddf3
                0x001008e8                __aeabi_dadd
                0x00100b94                __aeabi_ui2d
                0x00100b94                __floatunsidf
                0x00100bb8                __floatsidf
                0x00100bb8                __aeabi_i2d
                0x00100be0                __extendsfdf2
                0x00100be0                __aeabi_f2d
                0x00100c28                __aeabi_ul2d
                0x00100c28                __floatundidf
                0x00100c3c                __floatdidf
                0x00100c3c                __aeabi_l2d
 *(.text.*)
 .text.__do_global_dtors_aux
                0x00100c9c       0x50 /opt/devkitpro/devkitARM/lib/gcc/arm-none-eabi/15.2.0/armv6k/fpu/crtbegin.o
 .text.frame_dummy
                0x00100cec       0x2c /opt/devkitpro/devkitARM/lib/gcc/arm-none-eabi/15.2.0/armv6k/fpu/crtbegin.o
 .text.cities_load
                0x00100d18       0xa0 cities.o
                0x00100d18                cities_load
 .text.cities_save
                0x00100db8       0x94 cities.o
                0x00100db8                cities_save
 .text.cities_add
                0x00100e4c       0xa4 cities.o
                0x00100e4c                cities_add
 .text.cities_remove
                0x00100ef0       0x60 cities.o
                0x00100ef0                cities_remove
 .text.cities_swap
                0x00100f50       0x64 cities.o
                0x00100f50                cities_swap
 .text.jsmn_init
                0x00100fb4       0x18 jsmn.o
                0x00100fb4                jsmn_init
 .text.jsmn_parse
                0x00100fcc      0x478 jsmn.o
                0x00100fcc                jsmn_parse
 .text.lang_set
                0x00101444       0x14 lang.o
                0x00101444                lang_set
 .text.lang_get
                0x00101458       0x38 lang.o
                0x00101458                lang_get
 .text.lang_name
                0x00101490       0x20 lang.o
                0x00101490                lang_name
 .text.draw_details
                0x001014b0      0x2fc main.o
 .text.draw_language
                0x001017ac       0xf8 main.o
 .text.draw_reorder
                0x001018a4      0x11c main.o
 .text.draw_legend
                0x001019c0      0x138 main.o
 .text.draw_daily
                0x00101af8      0x160 main.o
 .text.draw_city_list
                0x00101c58      0x180 main.o
 .text.draw_hourly
                0x00101dd8      0x178 main.o
 .text.draw_current
                0x00101f50      0x268 main.o
 .text.startup.main
                0x001021b8      0xadc main.o
                0x001021b8                main
 .text.http_get.constprop.0
                0x00102c94      0x1f4 wheather.o
 .text.weather_geocode
                0x00102e88      0x3ac wheather.o
                0x00102e88                weather_geocode
 .text.weather_fetch
                0x00103234      0xf04 wheather.o
                0x00103234                weather_fetch
 .text.weather_code_desc
                0x00104138       0x1c wheather.o
                0x00104138                weather_code_desc
 .text.weather_code_icon
                0x00104154       0xbc wheather.o
                0x00104154                weather_code_icon
 .text.consoleDrawChar
                0x00104210      0x1c8 /opt/devkitpro/libctru/lib/libctru.a(console.o)
                0x00104210                consoleDrawChar
 .text.consolePrintChar
                0x001043d8      0x170 /opt/devkitpro/libctru/lib/libctru.a(console.o)
                0x001043d8                consolePrintChar
 .text.con_write
                0x00104548      0xcc8 /opt/devkitpro/libctru/lib/libctru.a(console.o)
                0x00104548                con_write
 .text.newRow   0x00105210       0xfc /opt/devkitpro/libctru/lib/libctru.a(console.o)
 .text.consoleInit
                0x0010530c      0x180 /opt/devkitpro/libctru/lib/libctru.a(console.o)
                0x0010530c                consoleInit
 .text.consoleClear
                0x0010548c       0xb8 /opt/devkitpro/libctru/lib/libctru.a(console.o)
                0x0010548c                consoleClear
 .text.gfxPresentFramebuffer
                0x00105544       0xcc /opt/devkitpro/libctru/lib/libctru.a(gfx.o)
 .text.gfxIsWide
                0x00105610       0x1c /opt/devkitpro/libctru/lib/libctru.a(gfx.o)
                0x00105610                gfxIsWide
 .text.gfxSetScreenFormat
                0x0010562c       0xf8 /opt/devkitpro/libctru/lib/libctru.a(gfx.o)
                0x0010562c                gfxSetScreenFormat
 .text.gfxSetDoubleBuffering
                0x00105724       0x10 /opt/devkitpro/libctru/lib/libctru.a(gfx.o)
                0x00105724                gfxSetDoubleBuffering
 .text.gfxInit  0x00105734       0xd8 /opt/devkitpro/libctru/lib/libctru.a(gfx.o)
                0x00105734                gfxInit
 .text.gfxInitDefault
                0x0010580c       0x10 /opt/devkitpro/libctru/lib/libctru.a(gfx.o)
                0x0010580c                gfxInitDefault
 .text.gfxExit  0x0010581c       0xb8 /opt/devkitpro/libctru/lib/libctru.a(gfx.o)
                0x0010581c                gfxExit
 .text.gfxGetFramebuffer
                0x001058d4       0xa0 /opt/devkitpro/libctru/lib/libctru.a(gfx.o)
                0x001058d4                gfxGetFramebuffer
 .text.gfxFlushBuffers
                0x00105974      0x100 /opt/devkitpro/libctru/lib/libctru.a(gfx.o)
                0x00105974                gfxFlushBuffers
 .text.gfxSwapBuffers
                0x00105a74       0x50 /opt/devkitpro/libctru/lib/libctru.a(gfx.o)
                0x00105a74                gfxSwapBuffers
 .text.gfxSwapBuffersGpu
                0x00105ac4       0x50 /opt/devkitpro/libctru/lib/libctru.a(gfx.o)
                0x00105ac4                gfxSwapBuffersGpu
 .text.aptConvertScreenForCapture
                0x00105b14      0x180 /opt/devkitpro/libctru/lib/libctru.a(apt.o)
 .text.aptDspSleep
                0x00105c94        0x8 /opt/devkitpro/libctru/lib/libctru.a(apt.o)
                0x00105c94                aptDspSleep
 .text.aptDspWakeup
                0x00105c9c        0x4 /opt/devkitpro/libctru/lib/libctru.a(apt.o)
                0x00105c9c                aptDspWakeup
 .text.aptDspCancel
                0x00105ca0        0x4 /opt/devkitpro/libctru/lib/libctru.a(apt.o)
                0x00105ca0                aptDspCancel
 .text.aptSendCommand
                0x00105ca4      0x138 /opt/devkitpro/libctru/lib/libctru.a(apt.o)
                0x00105ca4                aptSendCommand
 *fill*         0x00105ddc        0x4 
 .text.aptExitProcess
                0x00105de0       0x44 /opt/devkitpro/libctru/lib/libctru.a(apt.o)
 .text.aptExit  0x00105e24      0x394 /opt/devkitpro/libctru/lib/libctru.a(apt.o)
                0x00105e24                aptExit
 .text.aptHandleSleep
                0x001061b8       0xd8 /opt/devkitpro/libctru/lib/libctru.a(apt.o)
                0x001061b8                aptHandleSleep
 .text.aptSetMessageCallback
                0x00106290       0x1c /opt/devkitpro/libctru/lib/libctru.a(apt.o)
                0x00106290                aptSetMessageCallback
 .text.APT_SleepIfShellClosed
                0x001062ac       0x84 /opt/devkitpro/libctru/lib/libctru.a(apt.o)
                0x001062ac                APT_SleepIfShellClosed
 .text.aptSetSleepAllowed
                0x00106330       0x78 /opt/devkitpro/libctru/lib/libctru.a(apt.o)
                0x00106330                aptSetSleepAllowed
 .text.APT_UnlockTransition
                0x001063a8       0x84 /opt/devkitpro/libctru/lib/libctru.a(apt.o)
                0x001063a8                APT_UnlockTransition
 *fill*         0x0010642c        0x4 
 .text.aptEventHandler
                0x00106430      0x470 /opt/devkitpro/libctru/lib/libctru.a(apt.o)
 .text.APT_ReceiveParameter
                0x001068a0       0xbc /opt/devkitpro/libctru/lib/libctru.a(apt.o)
                0x001068a0                APT_ReceiveParameter
 .text.aptReceiveParameter.constprop.0
                0x0010695c       0xb0 /opt/devkitpro/libctru/lib/libctru.a(apt.o)
 *fill*         0x00106a0c        0x4 
 .text.aptScreenTransfer
                0x00106a10      0x294 /opt/devkitpro/libctru/lib/libctru.a(apt.o)
 .text.aptWaitForWakeUp.isra.0
                0x00106ca4      0x2d0 /opt/devkitpro/libctru/lib/libctru.a(apt.o)
 .text.aptLaunchLibraryApplet
                0x00106f74      0x114 /opt/devkitpro/libctru/lib/libctru.a(apt.o)
                0x00106f74                aptLaunchLibraryApplet
 .text.aptJumpToHomeMenu
                0x00107088       0xf4 /opt/devkitpro/libctru/lib/libctru.a(apt.o)
                0x00107088                aptJumpToHomeMenu
 .text.aptMainLoop
                0x0010717c       0x58 /opt/devkitpro/libctru/lib/libctru.a(apt.o)
                0x0010717c                aptMainLoop
 .text.aptInit  0x001071d4      0x240 /opt/devkitpro/libctru/lib/libctru.a(apt.o)
                0x001071d4                aptInit
 .text.APT_SendParameter
                0x00107414       0x5c /opt/devkitpro/libctru/lib/libctru.a(apt.o)
                0x00107414                APT_SendParameter
 .text.APT_CheckNew3DS
                0x00107470       0x90 /opt/devkitpro/libctru/lib/libctru.a(apt.o)
                0x00107470                APT_CheckNew3DS
 .text.gspHardwareInit
                0x00107500      0xc70 /opt/devkitpro/libctru/lib/libctru.a(gspgpu.o)
 .text.gspInit  0x00108170      0x288 /opt/devkitpro/libctru/lib/libctru.a(gspgpu.o)
                0x00108170                gspInit
 .text.gspExit  0x001083f8      0x104 /opt/devkitpro/libctru/lib/libctru.a(gspgpu.o)
                0x001083f8                gspExit
 .text.gspHasGpuRight
                0x001084fc       0x10 /opt/devkitpro/libctru/lib/libctru.a(gspgpu.o)
                0x001084fc                gspHasGpuRight
 .text.gspPresentBuffer
                0x0010850c       0xa4 /opt/devkitpro/libctru/lib/libctru.a(gspgpu.o)
                0x0010850c                gspPresentBuffer
 .text.gspWaitForEvent
                0x001085b0       0x50 /opt/devkitpro/libctru/lib/libctru.a(gspgpu.o)
                0x001085b0                gspWaitForEvent
 .text.gxCmdQueueInterrupt
                0x00108600        0x4 /opt/devkitpro/libctru/lib/libctru.a(gspgpu.o)
                0x00108600                gxCmdQueueInterrupt
 .text.gspEventThreadMain
                0x00108604      0x154 /opt/devkitpro/libctru/lib/libctru.a(gspgpu.o)
 .text.GSPGPU_FlushDataCache
                0x00108758       0x50 /opt/devkitpro/libctru/lib/libctru.a(gspgpu.o)
                0x00108758                GSPGPU_FlushDataCache
 .text.GSPGPU_SetLcdForceBlack
                0x001087a8       0x34 /opt/devkitpro/libctru/lib/libctru.a(gspgpu.o)
                0x001087a8                GSPGPU_SetLcdForceBlack
 .text.GSPGPU_AcquireRight
                0x001087dc       0x84 /opt/devkitpro/libctru/lib/libctru.a(gspgpu.o)
                0x001087dc                GSPGPU_AcquireRight
 .text.GSPGPU_ReleaseRight
                0x00108860       0x64 /opt/devkitpro/libctru/lib/libctru.a(gspgpu.o)
                0x00108860                GSPGPU_ReleaseRight
 .text.GSPGPU_ImportDisplayCaptureInfo
                0x001088c4       0x7c /opt/devkitpro/libctru/lib/libctru.a(gspgpu.o)
                0x001088c4                GSPGPU_ImportDisplayCaptureInfo
 .text.GSPGPU_SaveVramSysArea
                0x00108940       0x2c /opt/devkitpro/libctru/lib/libctru.a(gspgpu.o)
                0x00108940                GSPGPU_SaveVramSysArea
 .text.GSPGPU_RestoreVramSysArea
                0x0010896c       0x2c /opt/devkitpro/libctru/lib/libctru.a(gspgpu.o)
                0x0010896c                GSPGPU_RestoreVramSysArea
 .text.hidShouldUseIrrst
                0x00108998       0x24 /opt/devkitpro/libctru/lib/libctru.a(hid.o)
                0x00108998                hidShouldUseIrrst
 .text.hidInit  0x001089bc      0x1cc /opt/devkitpro/libctru/lib/libctru.a(hid.o)
                0x001089bc                hidInit
 .text.hidExit  0x00108b88       0xe8 /opt/devkitpro/libctru/lib/libctru.a(hid.o)
                0x00108b88                hidExit
 .text.hidScanInput
                0x00108c70      0x2a0 /opt/devkitpro/libctru/lib/libctru.a(hid.o)
                0x00108c70                hidScanInput
 .text.hidKeysDown
                0x00108f10       0x10 /opt/devkitpro/libctru/lib/libctru.a(hid.o)
                0x00108f10                hidKeysDown
 .text.httpcInit
                0x00108f20      0x200 /opt/devkitpro/libctru/lib/libctru.a(httpc.o)
                0x00108f20                httpcInit
 .text.httpcExit
                0x00109120       0xbc /opt/devkitpro/libctru/lib/libctru.a(httpc.o)
                0x00109120                httpcExit
 .text.httpcOpenContext
                0x001091dc      0x170 /opt/devkitpro/libctru/lib/libctru.a(httpc.o)
                0x001091dc                httpcOpenContext
 .text.httpcCloseContext
                0x0010934c       0x40 /opt/devkitpro/libctru/lib/libctru.a(httpc.o)
                0x0010934c                httpcCloseContext
 .text.httpcAddRequestHeaderField
                0x0010938c       0x8c /opt/devkitpro/libctru/lib/libctru.a(httpc.o)
                0x0010938c                httpcAddRequestHeaderField
 .text.httpcBeginRequest
                0x00109418       0x30 /opt/devkitpro/libctru/lib/libctru.a(httpc.o)
                0x00109418                httpcBeginRequest
 .text.httpcReceiveData
                0x00109448       0x44 /opt/devkitpro/libctru/lib/libctru.a(httpc.o)
                0x00109448                httpcReceiveData
 .text.httpcGetDownloadSizeState
                0x0010948c       0x64 /opt/devkitpro/libctru/lib/libctru.a(httpc.o)
                0x0010948c                httpcGetDownloadSizeState
 .text.httpcGetResponseHeader
                0x001094f0       0x8c /opt/devkitpro/libctru/lib/libctru.a(httpc.o)
                0x001094f0                httpcGetResponseHeader
 .text.httpcGetResponseStatusCode
                0x0010957c       0x3c /opt/devkitpro/libctru/lib/libctru.a(httpc.o)
                0x0010957c                httpcGetResponseStatusCode
 .text.httpcSetSSLOpt
                0x001095b8       0x34 /opt/devkitpro/libctru/lib/libctru.a(httpc.o)
                0x001095b8                httpcSetSSLOpt
 .text.httpcSetKeepAlive
                0x001095ec       0x34 /opt/devkitpro/libctru/lib/libctru.a(httpc.o)
                0x001095ec                httpcSetKeepAlive
 .text.irrstInit
                0x00109620      0x1a4 /opt/devkitpro/libctru/lib/libctru.a(irrst.o)
                0x00109620                irrstInit
 .text.irrstExit
                0x001097c4       0xdc /opt/devkitpro/libctru/lib/libctru.a(irrst.o)
                0x001097c4                irrstExit
 .text.irrstScanInput
                0x001098a0       0xb4 /opt/devkitpro/libctru/lib/libctru.a(irrst.o)
                0x001098a0                irrstScanInput
 .text.irrstKeysHeld
                0x00109954       0x24 /opt/devkitpro/libctru/lib/libctru.a(irrst.o)
                0x00109954                irrstKeysHeld
 .text.soc_read
                0x00109978       0x34 /opt/devkitpro/libctru/lib/libctru.a(soc_init.o)
 .text.soc_write
                0x001099ac       0x34 /opt/devkitpro/libctru/lib/libctru.a(soc_init.o)
 .text.soc_close
                0x001099e0       0xb0 /opt/devkitpro/libctru/lib/libctru.a(soc_init.o)
 .text.socInit  0x00109a90      0x190 /opt/devkitpro/libctru/lib/libctru.a(soc_init.o)
                0x00109a90                socInit
 .text.socExit  0x00109c20       0x88 /opt/devkitpro/libctru/lib/libctru.a(soc_init.o)
                0x00109c20                socExit
 .text.socuipc_cmd7
                0x00109ca8      0x148 /opt/devkitpro/libctru/lib/libctru.a(soc_recvfrom.o)
                0x00109ca8                socuipc_cmd7
 .text.socuipc_cmd8
                0x00109df0      0x168 /opt/devkitpro/libctru/lib/libctru.a(soc_recvfrom.o)
                0x00109df0                socuipc_cmd8
 .text.soc_recvfrom
                0x00109f58       0x10 /opt/devkitpro/libctru/lib/libctru.a(soc_recvfrom.o)
                0x00109f58                soc_recvfrom
 .text.socuipc_cmd9
                0x00109f68      0x15c /opt/devkitpro/libctru/lib/libctru.a(soc_sendto.o)
                0x00109f68                socuipc_cmd9
 .text.socuipc_cmda
                0x0010a0c4      0x160 /opt/devkitpro/libctru/lib/libctru.a(soc_sendto.o)
                0x0010a0c4                socuipc_cmda
 .text.soc_sendto
                0x0010a224       0x10 /opt/devkitpro/libctru/lib/libctru.a(soc_sendto.o)
                0x0010a224                soc_sendto
 .text.swkbdMessageCallback
                0x0010a234      0x190 /opt/devkitpro/libctru/lib/libctru.a(swkbd.o)
 .text.swkbdInit
                0x0010a3c4       0x84 /opt/devkitpro/libctru/lib/libctru.a(swkbd.o)
                0x0010a3c4                swkbdInit
 .text.swkbdSetHintText
                0x0010a448       0x64 /opt/devkitpro/libctru/lib/libctru.a(swkbd.o)
                0x0010a448                swkbdSetHintText
 .text.swkbdSetButton
                0x0010a4ac       0x88 /opt/devkitpro/libctru/lib/libctru.a(swkbd.o)
                0x0010a4ac                swkbdSetButton
 .text.swkbdInputText
                0x0010a534      0x3a8 /opt/devkitpro/libctru/lib/libctru.a(swkbd.o)
                0x0010a534                swkbdInputText
 .text.utf16_to_utf8
                0x0010a8dc       0xe8 /opt/devkitpro/libctru/lib/libctru.a(utf16_to_utf8.o)
                0x0010a8dc                utf16_to_utf8
 .text.utf8_to_utf16
                0x0010a9c4       0xc0 /opt/devkitpro/libctru/lib/libctru.a(utf8_to_utf16.o)
                0x0010a9c4                utf8_to_utf16
 .text.__libctru_init
                0x0010aa84       0x38 /opt/devkitpro/libctru/lib/libctru.a(ctru_init.o)
                0x0010aa84                __libctru_init
 .text.__system_initArgv
                0x0010aabc      0x16c /opt/devkitpro/libctru/lib/libctru.a(initArgv.o)
                0x0010aabc                __system_initArgv
 .text.__syscall_getreent
                0x0010ac28       0x30 /opt/devkitpro/libctru/lib/libctru.a(syscalls.o)
                0x0010ac28                __syscall_getreent
 .text.__syscall_lock_acquire
                0x0010ac58        0x4 /opt/devkitpro/libctru/lib/libctru.a(syscalls.o)
                0x0010ac58                __syscall_lock_acquire
 .text.__syscall_lock_release
                0x0010ac5c        0x4 /opt/devkitpro/libctru/lib/libctru.a(syscalls.o)
                0x0010ac5c                __syscall_lock_release
 .text.__syscall_lock_acquire_recursive
                0x0010ac60        0x4 /opt/devkitpro/libctru/lib/libctru.a(syscalls.o)
                0x0010ac60                __syscall_lock_acquire_recursive
 .text.__syscall_lock_release_recursive
                0x0010ac64        0x4 /opt/devkitpro/libctru/lib/libctru.a(syscalls.o)
                0x0010ac64                __syscall_lock_release_recursive
 .text.__syscall_exit
                0x0010ac68        0x4 /opt/devkitpro/libctru/lib/libctru.a(syscalls.o)
                0x0010ac68                __syscall_exit
 .text.initThreadVars
                0x0010ac6c       0x54 /opt/devkitpro/libctru/lib/libctru.a(syscalls.o)
                0x0010ac6c                initThreadVars
 .text.__system_initSyscalls
                0x0010acc0       0x80 /opt/devkitpro/libctru/lib/libctru.a(syscalls.o)
                0x0010acc0                __system_initSyscalls
 .text.svcControlMemory
                0x0010ad40       0x20 /opt/devkitpro/libctru/lib/libctru.a(svc.o)
                0x0010ad40                svcControlMemory
 .text.svcQueryMemory
                0x0010ad60       0x30 /opt/devkitpro/libctru/lib/libctru.a(svc.o)
                0x0010ad60                svcQueryMemory
 .text.svcExitProcess
                0x0010ad90        0x8 /opt/devkitpro/libctru/lib/libctru.a(svc.o)
                0x0010ad90                svcExitProcess
 .text.svcCreateThread
                0x0010ad98       0x20 /opt/devkitpro/libctru/lib/libctru.a(svc.o)
                0x0010ad98                svcCreateThread
 .text.svcExitThread
                0x0010adb8        0x8 /opt/devkitpro/libctru/lib/libctru.a(svc.o)
                0x0010adb8                svcExitThread
 .text.svcSleepThread
                0x0010adc0        0x8 /opt/devkitpro/libctru/lib/libctru.a(svc.o)
                0x0010adc0                svcSleepThread
 .text.svcReleaseMutex
                0x0010adc8        0x8 /opt/devkitpro/libctru/lib/libctru.a(svc.o)
                0x0010adc8                svcReleaseMutex
 .text.svcCreateEvent
                0x0010add0       0x14 /opt/devkitpro/libctru/lib/libctru.a(svc.o)
                0x0010add0                svcCreateEvent
 .text.svcSignalEvent
                0x0010ade4        0x8 /opt/devkitpro/libctru/lib/libctru.a(svc.o)
                0x0010ade4                svcSignalEvent
 .text.svcClearEvent
                0x0010adec        0x8 /opt/devkitpro/libctru/lib/libctru.a(svc.o)
                0x0010adec                svcClearEvent
 .text.svcCreateMemoryBlock
                0x0010adf4       0x18 /opt/devkitpro/libctru/lib/libctru.a(svc.o)
                0x0010adf4                svcCreateMemoryBlock
 .text.svcMapMemoryBlock
                0x0010ae0c        0x8 /opt/devkitpro/libctru/lib/libctru.a(svc.o)
                0x0010ae0c                svcMapMemoryBlock
 .text.svcUnmapMemoryBlock
                0x0010ae14        0x8 /opt/devkitpro/libctru/lib/libctru.a(svc.o)
                0x0010ae14                svcUnmapMemoryBlock
 .text.svcCreateAddressArbiter
                0x0010ae1c       0x14 /opt/devkitpro/libctru/lib/libctru.a(svc.o)
                0x0010ae1c                svcCreateAddressArbiter
 .text.svcArbitrateAddressNoTimeout
                0x0010ae30        0x8 /opt/devkitpro/libctru/lib/libctru.a(svc.o)
                0x0010ae30                svcArbitrateAddressNoTimeout
 .text.svcCloseHandle
                0x0010ae38        0x8 /opt/devkitpro/libctru/lib/libctru.a(svc.o)
                0x0010ae38                svcCloseHandle
 .text.svcWaitSynchronization
                0x0010ae40        0x8 /opt/devkitpro/libctru/lib/libctru.a(svc.o)
                0x0010ae40                svcWaitSynchronization
 .text.svcWaitSynchronizationN
                0x0010ae48       0x28 /opt/devkitpro/libctru/lib/libctru.a(svc.o)
                0x0010ae48                svcWaitSynchronizationN
 .text.svcDuplicateHandle
                0x0010ae70       0x14 /opt/devkitpro/libctru/lib/libctru.a(svc.o)
                0x0010ae70                svcDuplicateHandle
 .text.svcConnectToPort
                0x0010ae84       0x14 /opt/devkitpro/libctru/lib/libctru.a(svc.o)
                0x0010ae84                svcConnectToPort
 .text.svcSendSyncRequest
                0x0010ae98        0x8 /opt/devkitpro/libctru/lib/libctru.a(svc.o)
                0x0010ae98                svcSendSyncRequest
 .text.svcGetResourceLimit
                0x0010aea0       0x14 /opt/devkitpro/libctru/lib/libctru.a(svc.o)
                0x0010aea0                svcGetResourceLimit
 .text.svcGetResourceLimitLimitValues
                0x0010aeb4        0x8 /opt/devkitpro/libctru/lib/libctru.a(svc.o)
                0x0010aeb4                svcGetResourceLimitLimitValues
 .text.svcGetResourceLimitCurrentValues
                0x0010aebc        0x8 /opt/devkitpro/libctru/lib/libctru.a(svc.o)
                0x0010aebc                svcGetResourceLimitCurrentValues
 .text.svcBreak
                0x0010aec4        0x8 /opt/devkitpro/libctru/lib/libctru.a(svc.o)
                0x0010aec4                svcBreak
 .text.initSystem
                0x0010aecc       0x50 /opt/devkitpro/libctru/lib/libctru.a(stack_adjust.o)
                0x0010aecc                initSystem
 .text.__ctru_exit
                0x0010af1c       0x14 /opt/devkitpro/libctru/lib/libctru.a(stack_adjust.o)
                0x0010af1c                __ctru_exit
 .text._ZL21addrMapNodeComparatorPK11rbtree_nodeS1_
                0x0010af30       0x24 /opt/devkitpro/libctru/lib/libctru.a(linear.o)
 .text._ZL21addrMapNodeDestructorP11rbtree_node
                0x0010af54        0x4 /opt/devkitpro/libctru/lib/libctru.a(linear.o)
 .text.linearMemAlign
                0x0010af58      0x12c /opt/devkitpro/libctru/lib/libctru.a(linear.o)
                0x0010af58                linearMemAlign
 .text.linearAlloc
                0x0010b084        0x8 /opt/devkitpro/libctru/lib/libctru.a(linear.o)
                0x0010b084                linearAlloc
 .text.linearFree
                0x0010b08c       0x5c /opt/devkitpro/libctru/lib/libctru.a(linear.o)
                0x0010b08c                linearFree
 .text._ZN7MemPool13CoalesceRightEP8MemBlock
                0x0010b0e8       0x88 /opt/devkitpro/libctru/lib/libctru.a(mem_pool.o)
                0x0010b0e8                _ZN7MemPool13CoalesceRightEP8MemBlock
 .text._ZN7MemPool8AllocateER8MemChunkmi
                0x0010b170      0x178 /opt/devkitpro/libctru/lib/libctru.a(mem_pool.o)
                0x0010b170                _ZN7MemPool8AllocateER8MemChunkmi
 .text._ZN7MemPool10DeallocateERK8MemChunk
                0x0010b2e8      0x118 /opt/devkitpro/libctru/lib/libctru.a(mem_pool.o)
                0x0010b2e8                _ZN7MemPool10DeallocateERK8MemChunk
 .text._ZN7MemPool12GetFreeSpaceEv
                0x0010b400       0x30 /opt/devkitpro/libctru/lib/libctru.a(mem_pool.o)
                0x0010b400                _ZN7MemPool12GetFreeSpaceEv
 .text._ZL21addrMapNodeComparatorPK11rbtree_nodeS1_
                0x0010b430       0x24 /opt/devkitpro/libctru/lib/libctru.a(vram.o)
 .text._ZL21addrMapNodeDestructorP11rbtree_node
                0x0010b454        0x4 /opt/devkitpro/libctru/lib/libctru.a(vram.o)
 .text.vramMemAlignAt
                0x0010b458      0x248 /opt/devkitpro/libctru/lib/libctru.a(vram.o)
                0x0010b458                vramMemAlignAt
 .text.vramAlloc
                0x0010b6a0        0xc /opt/devkitpro/libctru/lib/libctru.a(vram.o)
                0x0010b6a0                vramAlloc
 .text.vramFree
                0x0010b6ac       0x94 /opt/devkitpro/libctru/lib/libctru.a(vram.o)
                0x0010b6ac                vramFree
 .text.envGetHandle
                0x0010b740       0x8c /opt/devkitpro/libctru/lib/libctru.a(env.o)
                0x0010b740                envGetHandle
 .text.envDestroyHandles
                0x0010b7cc       0x50 /opt/devkitpro/libctru/lib/libctru.a(env.o)
                0x0010b7cc                envDestroyHandles
 .text.__ctru_speedup_config
                0x0010b81c       0x34 /opt/devkitpro/libctru/lib/libctru.a(os.o)
                0x0010b81c                __ctru_speedup_config
 .text.srvInit  0x0010b850      0x164 /opt/devkitpro/libctru/lib/libctru.a(srv.o)
                0x0010b850                srvInit
 .text.srvExit  0x0010b9b4       0x64 /opt/devkitpro/libctru/lib/libctru.a(srv.o)
                0x0010b9b4                srvExit
 .text.srvEnableNotification
                0x0010ba18       0x60 /opt/devkitpro/libctru/lib/libctru.a(srv.o)
                0x0010ba18                srvEnableNotification
 .text.srvGetServiceHandleDirect
                0x0010ba78       0xa0 /opt/devkitpro/libctru/lib/libctru.a(srv.o)
                0x0010ba78                srvGetServiceHandleDirect
 .text.srvGetServiceHandle
                0x0010bb18       0x48 /opt/devkitpro/libctru/lib/libctru.a(srv.o)
                0x0010bb18                srvGetServiceHandle
 .text.srvSubscribe
                0x0010bb60       0x34 /opt/devkitpro/libctru/lib/libctru.a(srv.o)
                0x0010bb60                srvSubscribe
 .text.srvReceiveNotification
                0x0010bb94       0x60 /opt/devkitpro/libctru/lib/libctru.a(srv.o)
                0x0010bb94                srvReceiveNotification
 .text.srvPublishToSubscriber
                0x0010bbf4       0x38 /opt/devkitpro/libctru/lib/libctru.a(srv.o)
                0x0010bbf4                srvPublishToSubscriber
 .text.__sync_init
                0x0010bc2c        0xc /opt/devkitpro/libctru/lib/libctru.a(synchronization.o)
                0x0010bc2c                __sync_init
 .text.__sync_fini
                0x0010bc38       0x18 /opt/devkitpro/libctru/lib/libctru.a(synchronization.o)
                0x0010bc38                __sync_fini
 .text.syncArbitrateAddress
                0x0010bc50       0x28 /opt/devkitpro/libctru/lib/libctru.a(synchronization.o)
                0x0010bc50                syncArbitrateAddress
 .text.LightLock_Lock
                0x0010bc78       0xac /opt/devkitpro/libctru/lib/libctru.a(synchronization.o)
                0x0010bc78                LightLock_Lock
 .text.LightLock_Unlock
                0x0010bd24       0x40 /opt/devkitpro/libctru/lib/libctru.a(synchronization.o)
                0x0010bd24                LightLock_Unlock
 .text.RecursiveLock_Lock
                0x0010bd64       0x54 /opt/devkitpro/libctru/lib/libctru.a(synchronization.o)
                0x0010bd64                RecursiveLock_Lock
 .text.RecursiveLock_Unlock
                0x0010bdb8       0x54 /opt/devkitpro/libctru/lib/libctru.a(synchronization.o)
                0x0010bdb8                RecursiveLock_Unlock
 .text.LightEvent_Init
                0x0010be0c       0x44 /opt/devkitpro/libctru/lib/libctru.a(synchronization.o)
                0x0010be0c                LightEvent_Init
 .text.LightEvent_Clear
                0x0010be50       0xb8 /opt/devkitpro/libctru/lib/libctru.a(synchronization.o)
                0x0010be50                LightEvent_Clear
 .text.LightEvent_Signal
                0x0010bf08       0xdc /opt/devkitpro/libctru/lib/libctru.a(synchronization.o)
                0x0010bf08                LightEvent_Signal
 .text.LightEvent_TryWait
                0x0010bfe4       0x50 /opt/devkitpro/libctru/lib/libctru.a(synchronization.o)
                0x0010bfe4                LightEvent_TryWait
 .text.LightEvent_Wait
                0x0010c034       0xac /opt/devkitpro/libctru/lib/libctru.a(synchronization.o)
                0x0010c034                LightEvent_Wait
 .text.threadCreate
                0x0010c0e0      0x1fc /opt/devkitpro/libctru/lib/libctru.a(thread.o)
                0x0010c0e0                threadCreate
 .text.threadFree
                0x0010c2dc       0x38 /opt/devkitpro/libctru/lib/libctru.a(thread.o)
                0x0010c2dc                threadFree
 .text.threadJoin
                0x0010c314       0x24 /opt/devkitpro/libctru/lib/libctru.a(thread.o)
                0x0010c314                threadJoin
 .text.threadGetCurrent
                0x0010c338       0x30 /opt/devkitpro/libctru/lib/libctru.a(thread.o)
                0x0010c338                threadGetCurrent
 .text.threadExit
                0x0010c368       0x40 /opt/devkitpro/libctru/lib/libctru.a(thread.o)
                0x0010c368                threadExit
 .text._thread_begin
                0x0010c3a8       0x20 /opt/devkitpro/libctru/lib/libctru.a(thread.o)
 .text.mappableFindAddressWithin
                0x0010c3c8       0x90 /opt/devkitpro/libctru/lib/libctru.a(mappable.o)
 .text.mappableInit
                0x0010c458       0x28 /opt/devkitpro/libctru/lib/libctru.a(mappable.o)
                0x0010c458                mappableInit
 .text.mappableAlloc
                0x0010c480       0x7c /opt/devkitpro/libctru/lib/libctru.a(mappable.o)
                0x0010c480                mappableAlloc
 .text.mappableFree
                0x0010c4fc        0x4 /opt/devkitpro/libctru/lib/libctru.a(mappable.o)
                0x0010c4fc                mappableFree
 .text.ptmSysmInit
                0x0010c500       0x78 /opt/devkitpro/libctru/lib/libctru.a(ptmsysm.o)
                0x0010c500                ptmSysmInit
 .text.ptmSysmExit
                0x0010c578       0x3c /opt/devkitpro/libctru/lib/libctru.a(ptmsysm.o)
                0x0010c578                ptmSysmExit
 .text.PTMSYSM_ConfigureNew3DSCPU
                0x0010c5b4       0x34 /opt/devkitpro/libctru/lib/libctru.a(ptmsysm.o)
                0x0010c5b4                PTMSYSM_ConfigureNew3DSCPU
 .text.srvPmGetSessionHandle
                0x0010c5e8        0xc /opt/devkitpro/libctru/lib/libctru.a(srvpm.o)
                0x0010c5e8                srvPmGetSessionHandle
 .text._net_convert_error
                0x0010c5f4       0x3c /opt/devkitpro/libctru/lib/libctru.a(soc_common.o)
                0x0010c5f4                _net_convert_error
 .text.rbtree_find
                0x0010c630       0x74 /opt/devkitpro/libctru/lib/libctru.a(rbtree_find.o)
                0x0010c630                rbtree_find
 .text.rbtree_init
                0x0010c6a4       0x10 /opt/devkitpro/libctru/lib/libctru.a(rbtree_init.o)
                0x0010c6a4                rbtree_init
 .text.do_insert
                0x0010c6b4      0x198 /opt/devkitpro/libctru/lib/libctru.a(rbtree_insert.o)
 .text.rbtree_insert
                0x0010c84c        0x8 /opt/devkitpro/libctru/lib/libctru.a(rbtree_insert.o)
                0x0010c84c                rbtree_insert
 .text.rbtree_remove
                0x0010c854      0x310 /opt/devkitpro/libctru/lib/libctru.a(rbtree_remove.o)
                0x0010c854                rbtree_remove
 .text.rbtree_rotate
                0x0010cb64       0x90 /opt/devkitpro/libctru/lib/libctru.a(rbtree_rotate.o)
                0x0010cb64                rbtree_rotate
 .text.decode_utf16
                0x0010cbf4       0x54 /opt/devkitpro/libctru/lib/libctru.a(decode_utf16.o)
                0x0010cbf4                decode_utf16
 .text.decode_utf8
                0x0010cc48      0x140 /opt/devkitpro/libctru/lib/libctru.a(decode_utf8.o)
                0x0010cc48                decode_utf8
 .text.encode_utf16
                0x0010cd88       0x54 /opt/devkitpro/libctru/lib/libctru.a(encode_utf16.o)
                0x0010cd88                encode_utf16
 .text.encode_utf8
                0x0010cddc       0xe0 /opt/devkitpro/libctru/lib/libctru.a(encode_utf8.o)
                0x0010cddc                encode_utf8
 *fill*         0x0010cebc        0x4 
 .text.__system_allocateHeaps
                0x0010cec0      0x1e8 /opt/devkitpro/libctru/lib/libctru.a(allocateHeaps.o)
                0x0010cec0                __system_allocateHeaps
 .text.__appExit
                0x0010d0a8       0x30 /opt/devkitpro/libctru/lib/libctru.a(appExit.o)
                0x0010d0a8                __appExit
 .text.__appInit
                0x0010d0d8       0x30 /opt/devkitpro/libctru/lib/libctru.a(appInit.o)
                0x0010d0d8                __appInit
 .text.__libctru_exit
                0x0010d108       0x90 /opt/devkitpro/libctru/lib/libctru.a(ctru_exit.o)
                0x0010d108                __libctru_exit
 .text.error_cmp
                0x0010d198       0x24 /opt/devkitpro/libctru/lib/libctru.a(archive_dev.o)
 .text.archive_translate_error
                0x0010d1bc       0x50 /opt/devkitpro/libctru/lib/libctru.a(archive_dev.o)
 .text.archive_seek
                0x0010d20c       0xc0 /opt/devkitpro/libctru/lib/libctru.a(archive_dev.o)
 .text._archiveInit.part.0
                0x0010d2cc       0x78 /opt/devkitpro/libctru/lib/libctru.a(archive_dev.o)
 .text.archiveFindDevice.part.0
                0x0010d344      0x110 /opt/devkitpro/libctru/lib/libctru.a(archive_dev.o)
 .text.archive_utf16path
                0x0010d454      0x298 /opt/devkitpro/libctru/lib/libctru.a(archive_dev.o)
 .text._archiveUnmountDeviceStruct.part.0
                0x0010d6ec       0x98 /opt/devkitpro/libctru/lib/libctru.a(archive_dev.o)
 .text._archiveMountDevice
                0x0010d784      0x178 /opt/devkitpro/libctru/lib/libctru.a(archive_dev.o)
 .text.archive_diropen
                0x0010d8fc       0xf8 /opt/devkitpro/libctru/lib/libctru.a(archive_dev.o)
 .text.archive_fstat
                0x0010d9f4       0xac /opt/devkitpro/libctru/lib/libctru.a(archive_dev.o)
 .text.archive_fsync
                0x0010daa0       0x74 /opt/devkitpro/libctru/lib/libctru.a(archive_dev.o)
 .text.archive_close
                0x0010db14       0x74 /opt/devkitpro/libctru/lib/libctru.a(archive_dev.o)
 .text.archive_dirclose
                0x0010db88       0x78 /opt/devkitpro/libctru/lib/libctru.a(archive_dev.o)
 .text.sdmc_statvfs
                0x0010dc00       0xec /opt/devkitpro/libctru/lib/libctru.a(archive_dev.o)
 .text.archive_chdir
                0x0010dcec       0xf8 /opt/devkitpro/libctru/lib/libctru.a(archive_dev.o)
 .text.archive_ftruncate
                0x0010dde4       0x8c /opt/devkitpro/libctru/lib/libctru.a(archive_dev.o)
 .text.archive_read
                0x0010de70       0xbc /opt/devkitpro/libctru/lib/libctru.a(archive_dev.o)
 .text.archive_unlink
                0x0010df2c       0xa8 /opt/devkitpro/libctru/lib/libctru.a(archive_dev.o)
 .text.archive_rmdir
                0x0010dfd4       0xc0 /opt/devkitpro/libctru/lib/libctru.a(archive_dev.o)
 .text.archive_mkdir
                0x0010e094       0xd8 /opt/devkitpro/libctru/lib/libctru.a(archive_dev.o)
 .text.archive_stat
                0x0010e16c      0x1a0 /opt/devkitpro/libctru/lib/libctru.a(archive_dev.o)
 .text.archive_dirnext
                0x0010e30c      0x164 /opt/devkitpro/libctru/lib/libctru.a(archive_dev.o)
 .text.archive_write
                0x0010e470      0x13c /opt/devkitpro/libctru/lib/libctru.a(archive_dev.o)
 *fill*         0x0010e5ac        0x4 
 .text.archive_open
                0x0010e5b0      0x254 /opt/devkitpro/libctru/lib/libctru.a(archive_dev.o)
 .text.archive_rename
                0x0010e804      0x270 /opt/devkitpro/libctru/lib/libctru.a(archive_dev.o)
 .text.archiveMountSdmc
                0x0010ea74      0x1c8 /opt/devkitpro/libctru/lib/libctru.a(archive_dev.o)
                0x0010ea74                archiveMountSdmc
 .text.archiveUnmountAll
                0x0010ec3c       0x54 /opt/devkitpro/libctru/lib/libctru.a(archive_dev.o)
                0x0010ec3c                archiveUnmountAll
 .text.fsInit   0x0010ec90      0x104 /opt/devkitpro/libctru/lib/libctru.a(fs.o)
                0x0010ec90                fsInit
 .text.fsExit   0x0010ed94       0x3c /opt/devkitpro/libctru/lib/libctru.a(fs.o)
                0x0010ed94                fsExit
 .text.fsExemptFromSession
                0x0010edd0       0x68 /opt/devkitpro/libctru/lib/libctru.a(fs.o)
                0x0010edd0                fsExemptFromSession
 .text.fsUnexemptFromSession
                0x0010ee38       0x50 /opt/devkitpro/libctru/lib/libctru.a(fs.o)
                0x0010ee38                fsUnexemptFromSession
 .text.FSUSER_OpenFile
                0x0010ee88       0xcc /opt/devkitpro/libctru/lib/libctru.a(fs.o)
                0x0010ee88                FSUSER_OpenFile
 .text.FSUSER_DeleteFile
                0x0010ef54       0xb8 /opt/devkitpro/libctru/lib/libctru.a(fs.o)
                0x0010ef54                FSUSER_DeleteFile
 .text.FSUSER_RenameFile
                0x0010f00c       0xf4 /opt/devkitpro/libctru/lib/libctru.a(fs.o)
                0x0010f00c                FSUSER_RenameFile
 .text.FSUSER_DeleteDirectory
                0x0010f100       0xb8 /opt/devkitpro/libctru/lib/libctru.a(fs.o)
                0x0010f100                FSUSER_DeleteDirectory
 .text.FSUSER_CreateFile
                0x0010f1b8       0xd0 /opt/devkitpro/libctru/lib/libctru.a(fs.o)
                0x0010f1b8                FSUSER_CreateFile
 .text.FSUSER_CreateDirectory
                0x0010f288       0xc0 /opt/devkitpro/libctru/lib/libctru.a(fs.o)
                0x0010f288                FSUSER_CreateDirectory
 .text.FSUSER_RenameDirectory
                0x0010f348       0xf4 /opt/devkitpro/libctru/lib/libctru.a(fs.o)
                0x0010f348                FSUSER_RenameDirectory
 .text.FSUSER_OpenDirectory
                0x0010f43c       0xb4 /opt/devkitpro/libctru/lib/libctru.a(fs.o)
                0x0010f43c                FSUSER_OpenDirectory
 .text.FSUSER_OpenArchive
                0x0010f4f0       0x90 /opt/devkitpro/libctru/lib/libctru.a(fs.o)
                0x0010f4f0                FSUSER_OpenArchive
 .text.FSUSER_CloseArchive
                0x0010f580       0x8c /opt/devkitpro/libctru/lib/libctru.a(fs.o)
                0x0010f580                FSUSER_CloseArchive
 .text.FSUSER_GetSdmcArchiveResource
                0x0010f60c       0x74 /opt/devkitpro/libctru/lib/libctru.a(fs.o)
                0x0010f60c                FSUSER_GetSdmcArchiveResource
 .text.FSUSER_IsSdmcWritable
                0x0010f680       0x64 /opt/devkitpro/libctru/lib/libctru.a(fs.o)
                0x0010f680                FSUSER_IsSdmcWritable
 .text.FSFILE_Read
                0x0010f6e4       0x64 /opt/devkitpro/libctru/lib/libctru.a(fs.o)
                0x0010f6e4                FSFILE_Read
 .text.FSFILE_Write
                0x0010f748       0x6c /opt/devkitpro/libctru/lib/libctru.a(fs.o)
                0x0010f748                FSFILE_Write
 .text.FSFILE_GetSize
                0x0010f7b4       0x44 /opt/devkitpro/libctru/lib/libctru.a(fs.o)
                0x0010f7b4                FSFILE_GetSize
 .text.FSFILE_SetSize
                0x0010f7f8       0x28 /opt/devkitpro/libctru/lib/libctru.a(fs.o)
                0x0010f7f8                FSFILE_SetSize
 .text.FSFILE_Close
                0x0010f820       0x3c /opt/devkitpro/libctru/lib/libctru.a(fs.o)
                0x0010f820                FSFILE_Close
 .text.FSFILE_Flush
                0x0010f85c       0x24 /opt/devkitpro/libctru/lib/libctru.a(fs.o)
                0x0010f85c                FSFILE_Flush
 .text.FSDIR_Read
                0x0010f880       0x60 /opt/devkitpro/libctru/lib/libctru.a(fs.o)
                0x0010f880                FSDIR_Read
 .text.FSDIR_Close
                0x0010f8e0       0x3c /opt/devkitpro/libctru/lib/libctru.a(fs.o)
                0x0010f8e0                FSDIR_Close
 .text.rbtree_node_next
                0x0010f91c       0x60 /opt/devkitpro/libctru/lib/libctru.a(rbtree_iterator.o)
                0x0010f91c                rbtree_node_next
 .text.__aeabi_read_tp
                0x0010f97c        0xc /opt/devkitpro/libctru/lib/libctru.a(readtp.o)
                0x0010f97c                __aeabi_read_tp
 .text.__fixdfdi
                0x0010f988       0x2c /opt/devkitpro/devkitARM/lib/gcc/arm-none-eabi/15.2.0/armv6k/fpu/libgcc.a(_fixdfdi.o)
                0x0010f988                __aeabi_d2lz
                0x0010f988                __fixdfdi
 *fill*         0x0010f9b4        0x4 
 .text.__fixunsdfdi
                0x0010f9b8       0x40 /opt/devkitpro/devkitARM/lib/gcc/arm-none-eabi/15.2.0/armv6k/fpu/libgcc.a(_fixunsdfdi.o)
                0x0010f9b8                __aeabi_d2ulz
                0x0010f9b8                __fixunsdfdi
 .text.__udivmoddi4
                0x0010f9f8      0x130 /opt/devkitpro/devkitARM/lib/gcc/arm-none-eabi/15.2.0/armv6k/fpu/libgcc.a(_udivmoddi4.o)
                0x0010f9f8                __udivmoddi4
 .text.strncat  0x0010fb28       0xe4 /opt/devkitpro/devkitARM/lib/gcc/arm-none-eabi/15.2.0/../../../../arm-none-eabi/lib/armv6k/fpu/libg.a(libc_a-strncat.o)
                0x0010fb28                strncat
 .text.memcpy   0x0010fc0c      0x128 /opt/devkitpro/devkitARM/lib/gcc/arm-none-eabi/15.2.0/../../../../arm-none-eabi/lib/armv6k/fpu/libg.a(libc_a-memcpy-stub.o)
                0x0010fc0c                memcpy
 .text.strlen   0x0010fd34       0x8c /opt/devkitpro/devkitARM/lib/gcc/arm-none-eabi/15.2.0/../../../../arm-none-eabi/lib/armv6k/fpu/libg.a(libc_a-strlen.o)
                0x0010fd34                strlen
 .text.bsearch  0x0010fdc0       0x78 /opt/devkitpro/devkitARM/lib/gcc/arm-none-eabi/15.2.0/../../../../arm-none-eabi/lib/armv6k/fpu/libg.a(libc_a-bsearch.o)
                0x0010fdc0                bsearch
 .text._fopen_r
                0x0010fe38      0x134 /opt/devkitpro/devkitARM/lib/gcc/arm-none-eabi/15.2.0/../../../../arm-none-eabi/lib/armv6k/fpu/libg.a(libc_a-fopen.o)
                0x0010fe38                _fopen_r
 .text.fopen    0x0010ff6c       0x28 /opt/devkitpro/devkitARM/lib/gcc/arm-none-eabi/15.2.0/../../../../arm-none-eabi/lib/armv6k/fpu/libg.a(libc_a-fopen.o)
                0x0010ff6c                fopen
 .text.sulp     0x0010ff94       0x60 /opt/devkitpro/devkitARM/lib/gcc/arm-none-eabi/15.2.0/../../../../arm-none-eabi/lib/armv6k/fpu/libg.a(libc_a-strtod.o)
 *fill*         0x0010fff4        0x4 
 .text._strtod_l
                0x0010fff8     0x1428 /opt/devkitpro/devkitARM/lib/gcc/arm-none-eabi/15.2.0/../../../../arm-none-eabi/lib/armv6k/fpu/libg.a(libc_a-strtod.o)
                0x0010fff8                _strtod_l
 .text._strtod_r
                0x00111420       0x44 /opt/devkitpro/devkitARM/lib/gcc/arm-none-eabi/15.2.0/../../../../arm-none-eabi/lib/armv6k/fpu/libg.a(libc_a-strtod.o)
                0x00111420                _strtod_r
 *fill*         0x00111464        0x4 
 .text.strtof   0x00111468      0x110 /opt/devkitpro/devkitARM/lib/gcc/arm-none-eabi/15.2.0/../../../../arm-none-eabi/lib/armv6k/fpu/libg.a(libc_a-strtod.o)
                0x00111468                strtof
 .text.memalign
                0x00111578       0x28 /opt/devkitpro/devkitARM/lib/gcc/arm-none-eabi/15.2.0/../../../../arm-none-eabi/lib/armv6k/fpu/libg.a(libc_a-malign.o)
                0x00111578                memalign
 .text.rshift   0x001115a0       0xf4 /opt/devkitpro/devkitARM/lib/gcc/arm-none-eabi/15.2.0/../../../../arm-none-eabi/lib/armv6k/fpu/libg.a(libc_a-gdtoa-gethex.o)
 .text.__gethex
                0x00111694      0x8b4 /opt/devkitpro/devkitARM/lib/gcc/arm-none-eabi/15.2.0/../../../../arm-none-eabi/lib/armv6k/fpu/libg.a(libc_a-gdtoa-gethex.o)
                0x00111694                __gethex
 .text.snprintf
                0x00111f48       0xa0 /opt/devkitpro/devkitARM/lib/gcc/arm-none-eabi/15.2.0/../../../../arm-none-eabi/lib/armv6k/fpu/libg.a(libc_a-snprintf.o)
                0x00111f48                snprintf
 .text.printf   0x00111fe8       0x34 /opt/devkitpro/devkitARM/lib/gcc/arm-none-eabi/15.2.0/../../../../arm-none-eabi/lib/armv6k/fpu/libg.a(libc_a-printf.o)
                0x00111fe8                printf
 .text._strtoul_l.isra.0
                0x0011201c      0x1ec /opt/devkitpro/devkitARM/lib/gcc/arm-none-eabi/15.2.0/../../../../arm-none-eabi/lib/armv6k/fpu/libg.a(libc_a-strtoul.o)
 .text._strtoul_r
                0x00112208       0x38 /opt/devkitpro/devkitARM/lib/gcc/arm-none-eabi/15.2.0/../../../../arm-none-eabi/lib/armv6k/fpu/libg.a(libc_a-strtoul.o)
                0x00112208                _strtoul_r
 .text.strtoul  0x00112240       0x3c /opt/devkitpro/devkitARM/lib/gcc/arm-none-eabi/15.2.0/../../../../arm-none-eabi/lib/armv6k/fpu/libg.a(libc_a-strtoul.o)
                0x00112240                strtoul
 .text._memalign_r
                0x0011227c      0x16c /opt/devkitpro/devkitARM/lib/gcc/arm-none-eabi/15.2.0/../../../../arm-none-eabi/lib/armv6k/fpu/libg.a(libc_a-malignr.o)
                0x0011227c                _memalign_r
 .text.__errno  0x001123e8        0xc /opt/devkitpro/devkitARM/lib/gcc/arm-none-eabi/15.2.0/../../../../arm-none-eabi/lib/armv6k/fpu/libg.a(libc_a-errno.o)
                0x001123e8                __errno
 .text.__locale_mb_cur_max
                0x001123f4       0x24 /opt/devkitpro/devkitARM/lib/gcc/arm-none-eabi/15.2.0/../../../../arm-none-eabi/lib/armv6k/fpu/libg.a(libc_a-locale.o)
                0x001123f4                __locale_mb_cur_max
 .text.memset   0x00112418       0xe4 /opt/devkitpro/devkitARM/lib/gcc/arm-none-eabi/15.2.0/../../../../arm-none-eabi/lib/armv6k/fpu/libg.a(libc_a-memset.o)
                0x00112418                memset
 .text.__sflush_r
                0x001124fc      0x22c /opt/devkitpro/devkitARM/lib/gcc/arm-none-eabi/15.2.0/../../../../arm-none-eabi/lib/armv6k/fpu/libg.a(libc_a-fflush.o)
                0x001124fc                __sflush_r
 .text._fflush_r
                0x00112728       0xc4 /opt/devkitpro/devkitARM/lib/gcc/arm-none-eabi/15.2.0/../../../../arm-none-eabi/lib/armv6k/fpu/libg.a(libc_a-fflush.o)
                0x00112728                _fflush_r
 .text.fscanf   0x001127ec       0x3c /opt/devkitpro/devkitARM/lib/gcc/arm-none-eabi/15.2.0/../../../../arm-none-eabi/lib/armv6k/fpu/libg.a(libc_a-fscanf.o)
                0x001127ec                fscanf
 .text._malloc_r
                0x00112828      0x82c /opt/devkitpro/devkitARM/lib/gcc/arm-none-eabi/15.2.0/../../../../arm-none-eabi/lib/armv6k/fpu/libg.a(libc_a-mallocr.o)
                0x00112828                _malloc_r
 .text._malloc_trim_r
                0x00113054      0x114 /opt/devkitpro/devkitARM/lib/gcc/arm-none-eabi/15.2.0/../../../../arm-none-eabi/lib/armv6k/fpu/libg.a(libc_a-freer.o)
                0x00113054                _malloc_trim_r
 .text._free_r  0x00113168      0x314 /opt/devkitpro/devkitARM/lib/gcc/arm-none-eabi/15.2.0/../../../../arm-none-eabi/lib/armv6k/fpu/libg.a(libc_a-freer.o)
                0x00113168                _free_r
 .text.setvbuf  0x0011347c      0x294 /opt/devkitpro/devkitARM/lib/gcc/arm-none-eabi/15.2.0/../../../../arm-none-eabi/lib/armv6k/fpu/libg.a(libc_a-setvbuf.o)
                0x0011347c                setvbuf
 .text.stdio_exit_handler
                0x00113710       0x1c /opt/devkitpro/devkitARM/lib/gcc/arm-none-eabi/15.2.0/../../../../arm-none-eabi/lib/armv6k/fpu/libg.a(libc_a-findfp.o)
 .text.cleanup_stdio
                0x0011372c       0x5c /opt/devkitpro/devkitARM/lib/gcc/arm-none-eabi/15.2.0/../../../../arm-none-eabi/lib/armv6k/fpu/libg.a(libc_a-findfp.o)
 .text.global_stdio_init.part.0
                0x00113788      0x154 /opt/devkitpro/devkitARM/lib/gcc/arm-none-eabi/15.2.0/../../../../arm-none-eabi/lib/armv6k/fpu/libg.a(libc_a-findfp.o)
 .text.__sfp    0x001138dc      0x138 /opt/devkitpro/devkitARM/lib/gcc/arm-none-eabi/15.2.0/../../../../arm-none-eabi/lib/armv6k/fpu/libg.a(libc_a-findfp.o)
                0x001138dc                __sfp
 .text.__sinit  0x00113a14       0x5c /opt/devkitpro/devkitARM/lib/gcc/arm-none-eabi/15.2.0/../../../../arm-none-eabi/lib/armv6k/fpu/libg.a(libc_a-findfp.o)
                0x00113a14                __sinit
 .text.__sfp_lock_acquire
                0x00113a70        0xc /opt/devkitpro/devkitARM/lib/gcc/arm-none-eabi/15.2.0/../../../../arm-none-eabi/lib/armv6k/fpu/libg.a(libc_a-findfp.o)
                0x00113a70                __sfp_lock_acquire
 .text.__sfp_lock_release
                0x00113a7c        0xc /opt/devkitpro/devkitARM/lib/gcc/arm-none-eabi/15.2.0/../../../../arm-none-eabi/lib/armv6k/fpu/libg.a(libc_a-findfp.o)
                0x00113a7c                __sfp_lock_release
 .text.atoi     0x00113a88        0xc /opt/devkitpro/devkitARM/lib/gcc/arm-none-eabi/15.2.0/../../../../arm-none-eabi/lib/armv6k/fpu/libg.a(libc_a-atoi.o)
                0x00113a88                atoi
 .text._strtol_l.part.0
                0x00113a94      0x384 /opt/devkitpro/devkitARM/lib/gcc/arm-none-eabi/15.2.0/../../../../arm-none-eabi/lib/armv6k/fpu/libg.a(libc_a-strtol.o)
 .text._strtol_r
                0x00113e18       0x6c /opt/devkitpro/devkitARM/lib/gcc/arm-none-eabi/15.2.0/../../../../arm-none-eabi/lib/armv6k/fpu/libg.a(libc_a-strtol.o)
                0x00113e18                _strtol_r
 .text.strtol   0x00113e84       0x74 /opt/devkitpro/devkitARM/lib/gcc/arm-none-eabi/15.2.0/../../../../arm-none-eabi/lib/armv6k/fpu/libg.a(libc_a-strtol.o)
                0x00113e84                strtol
 .text.__libc_init_array
                0x00113ef8       0x84 /opt/devkitpro/devkitARM/lib/gcc/arm-none-eabi/15.2.0/../../../../arm-none-eabi/lib/armv6k/fpu/libg.a(libc_a-init.o)
                0x00113ef8                __libc_init_array
 .text.strncpy  0x00113f7c       0xd4 /opt/devkitpro/devkitARM/lib/gcc/arm-none-eabi/15.2.0/../../../../arm-none-eabi/lib/armv6k/fpu/libg.a(libc_a-strncpy.o)
                0x00113f7c                strncpy
 .text._fseek_r
                0x00114050       0x1c /opt/devkitpro/devkitARM/lib/gcc/arm-none-eabi/15.2.0/../../../../arm-none-eabi/lib/armv6k/fpu/libg.a(libc_a-fseek.o)
                0x00114050                _fseek_r
 .text.malloc   0x0011406c       0x40 /opt/devkitpro/devkitARM/lib/gcc/arm-none-eabi/15.2.0/../../../../arm-none-eabi/lib/armv6k/fpu/libg.a(libc_a-malloc.o)
                0x0011406c                malloc
 .text.free     0x001140ac       0x20 /opt/devkitpro/devkitARM/lib/gcc/arm-none-eabi/15.2.0/../../../../arm-none-eabi/lib/armv6k/fpu/libg.a(libc_a-malloc.o)
                0x001140ac                free
 .text.__sread  0x001140cc       0x44 /opt/devkitpro/devkitARM/lib/gcc/arm-none-eabi/15.2.0/../../../../arm-none-eabi/lib/armv6k/fpu/libg.a(libc_a-stdio.o)
                0x001140cc                __sread
 .text.__swrite
                0x00114110       0x68 /opt/devkitpro/devkitARM/lib/gcc/arm-none-eabi/15.2.0/../../../../arm-none-eabi/lib/armv6k/fpu/libg.a(libc_a-stdio.o)
                0x00114110                __swrite
 .text.__sseek  0x00114178       0x40 /opt/devkitpro/devkitARM/lib/gcc/arm-none-eabi/15.2.0/../../../../arm-none-eabi/lib/armv6k/fpu/libg.a(libc_a-stdio.o)
                0x00114178                __sseek
 .text.__sclose
                0x001141b8        0x8 /opt/devkitpro/devkitARM/lib/gcc/arm-none-eabi/15.2.0/../../../../arm-none-eabi/lib/armv6k/fpu/libg.a(libc_a-stdio.o)
                0x001141b8                __sclose
 .text.__malloc_lock
                0x001141c0        0xc /opt/devkitpro/devkitARM/lib/gcc/arm-none-eabi/15.2.0/../../../../arm-none-eabi/lib/armv6k/fpu/libg.a(libc_a-mlock.o)
                0x001141c0                __malloc_lock
 .text.__malloc_unlock
                0x001141cc        0xc /opt/devkitpro/devkitARM/lib/gcc/arm-none-eabi/15.2.0/../../../../arm-none-eabi/lib/armv6k/fpu/libg.a(libc_a-mlock.o)
                0x001141cc                __malloc_unlock
 .text._fseeko_r
                0x001141d8      0x588 /opt/devkitpro/devkitARM/lib/gcc/arm-none-eabi/15.2.0/../../../../arm-none-eabi/lib/armv6k/fpu/libg.a(libc_a-fseeko.o)
                0x001141d8                _fseeko_r
 .text._fclose_r
                0x00114760      0x148 /opt/devkitpro/devkitARM/lib/gcc/arm-none-eabi/15.2.0/../../../../arm-none-eabi/lib/armv6k/fpu/libg.a(libc_a-fclose.o)
                0x00114760                _fclose_r
 .text.fclose   0x001148a8       0x20 /opt/devkitpro/devkitARM/lib/gcc/arm-none-eabi/15.2.0/../../../../arm-none-eabi/lib/armv6k/fpu/libg.a(libc_a-fclose.o)
                0x001148a8                fclose
 .text.putchar  0x001148c8       0x24 /opt/devkitpro/devkitARM/lib/gcc/arm-none-eabi/15.2.0/../../../../arm-none-eabi/lib/armv6k/fpu/libg.a(libc_a-putchar.o)
                0x001148c8                putchar
 .text.fprintf  0x001148ec       0x3c /opt/devkitpro/devkitARM/lib/gcc/arm-none-eabi/15.2.0/../../../../arm-none-eabi/lib/armv6k/fpu/libg.a(libc_a-fprintf.o)
                0x001148ec                fprintf
 .text.__call_exitprocs
                0x00114928        0x4 /opt/devkitpro/devkitARM/lib/gcc/arm-none-eabi/15.2.0/../../../../arm-none-eabi/lib/armv6k/fpu/libg.a(libc_a-exit.o)
                0x00114928                __call_exitprocs
 .text.exit     0x0011492c       0x30 /opt/devkitpro/devkitARM/lib/gcc/arm-none-eabi/15.2.0/../../../../arm-none-eabi/lib/armv6k/fpu/libg.a(libc_a-exit.o)
                0x0011492c                exit
 .text.get_arg  0x0011495c      0x5e0 /opt/devkitpro/devkitARM/lib/gcc/arm-none-eabi/15.2.0/../../../../arm-none-eabi/lib/armv6k/fpu/libg.a(libc_a-svfprintf.o)
 *fill*         0x00114f3c        0x4 
 .text._svfprintf_r
                0x00114f40     0x345c /opt/devkitpro/devkitARM/lib/gcc/arm-none-eabi/15.2.0/../../../../arm-none-eabi/lib/armv6k/fpu/libg.a(libc_a-svfprintf.o)
                0x00114f40                _svfprintf_r
 .text.__sflags
                0x0011839c       0xb8 /opt/devkitpro/devkitARM/lib/gcc/arm-none-eabi/15.2.0/../../../../arm-none-eabi/lib/armv6k/fpu/libg.a(libc_a-flags.o)
                0x0011839c                __sflags
 .text.__utf8_wctomb
                0x00118454       0xf8 /opt/devkitpro/devkitARM/lib/gcc/arm-none-eabi/15.2.0/../../../../arm-none-eabi/lib/armv6k/fpu/libg.a(libc_a-wctomb_r.o)
                0x00118454                __utf8_wctomb
 .text.__libc_fini_array
                0x0011854c       0x3c /opt/devkitpro/devkitARM/lib/gcc/arm-none-eabi/15.2.0/../../../../arm-none-eabi/lib/armv6k/fpu/libg.a(libc_a-fini.o)
                0x0011854c                __libc_fini_array
 .text.strnlen  0x00118588       0x3c /opt/devkitpro/devkitARM/lib/gcc/arm-none-eabi/15.2.0/../../../../arm-none-eabi/lib/armv6k/fpu/libg.a(libc_a-strnlen.o)
                0x00118588                strnlen
 .text.strncmp  0x001185c4       0xd8 /opt/devkitpro/devkitARM/lib/gcc/arm-none-eabi/15.2.0/../../../../arm-none-eabi/lib/armv6k/fpu/libg.a(libc_a-strncmp.o)
                0x001185c4                strncmp
 .text.__match  0x0011869c       0x70 /opt/devkitpro/devkitARM/lib/gcc/arm-none-eabi/15.2.0/../../../../arm-none-eabi/lib/armv6k/fpu/libg.a(libc_a-gdtoa-hexnan.o)
                0x0011869c                __match
 .text.__hexnan
                0x0011870c      0x2a8 /opt/devkitpro/devkitARM/lib/gcc/arm-none-eabi/15.2.0/../../../../arm-none-eabi/lib/armv6k/fpu/libg.a(libc_a-gdtoa-hexnan.o)
                0x0011870c                __hexnan
 .text.lflush   0x001189b4       0x38 /opt/devkitpro/devkitARM/lib/gcc/arm-none-eabi/15.2.0/../../../../arm-none-eabi/lib/armv6k/fpu/libg.a(libc_a-refill.o)
 .text.__srefill_r
                0x001189ec      0x1a8 /opt/devkitpro/devkitARM/lib/gcc/arm-none-eabi/15.2.0/../../../../arm-none-eabi/lib/armv6k/fpu/libg.a(libc_a-refill.o)
                0x001189ec                __srefill_r
 *fill*         0x00118b94        0x4 
 .text.nan      0x00118b98       0x10 /opt/devkitpro/devkitARM/lib/gcc/arm-none-eabi/15.2.0/../../../../arm-none-eabi/lib/armv6k/fpu/libg.a(libm_a-s_nan.o)
                0x00118b98                nan
 .text.nanf     0x00118ba8        0xc /opt/devkitpro/devkitARM/lib/gcc/arm-none-eabi/15.2.0/../../../../arm-none-eabi/lib/armv6k/fpu/libg.a(libm_a-sf_nan.o)
                0x00118ba8                nanf
 *fill*         0x00118bb4        0x4 
 .text.frexp    0x00118bb8       0x88 /opt/devkitpro/devkitARM/lib/gcc/arm-none-eabi/15.2.0/../../../../arm-none-eabi/lib/armv6k/fpu/libg.a(libm_a-s_frexp.o)
                0x00118bb8                frexp
 .text.__assert_func
                0x00118c40       0x5c /opt/devkitpro/devkitARM/lib/gcc/arm-none-eabi/15.2.0/../../../../arm-none-eabi/lib/armv6k/fpu/libg.a(libc_a-assert.o)
                0x00118c40                __assert_func
 .text._Balloc  0x00118c9c       0x88 /opt/devkitpro/devkitARM/lib/gcc/arm-none-eabi/15.2.0/../../../../arm-none-eabi/lib/armv6k/fpu/libg.a(libc_a-mprec.o)
                0x00118c9c                _Balloc
 .text._Bfree   0x00118d24       0x1c /opt/devkitpro/devkitARM/lib/gcc/arm-none-eabi/15.2.0/../../../../arm-none-eabi/lib/armv6k/fpu/libg.a(libc_a-mprec.o)
                0x00118d24                _Bfree
 .text.__multadd
                0x00118d40       0xf4 /opt/devkitpro/devkitARM/lib/gcc/arm-none-eabi/15.2.0/../../../../arm-none-eabi/lib/armv6k/fpu/libg.a(libc_a-mprec.o)
                0x00118d40                __multadd
 .text.__s2b    0x00118e34      0x10c /opt/devkitpro/devkitARM/lib/gcc/arm-none-eabi/15.2.0/../../../../arm-none-eabi/lib/armv6k/fpu/libg.a(libc_a-mprec.o)
                0x00118e34                __s2b
 .text.__hi0bits
                0x00118f40       0x80 /opt/devkitpro/devkitARM/lib/gcc/arm-none-eabi/15.2.0/../../../../arm-none-eabi/lib/armv6k/fpu/libg.a(libc_a-mprec.o)
                0x00118f40                __hi0bits
 .text.__lo0bits
                0x00118fc0       0xf0 /opt/devkitpro/devkitARM/lib/gcc/arm-none-eabi/15.2.0/../../../../arm-none-eabi/lib/armv6k/fpu/libg.a(libc_a-mprec.o)
                0x00118fc0                __lo0bits
 .text.__i2b    0x001190b0       0xa4 /opt/devkitpro/devkitARM/lib/gcc/arm-none-eabi/15.2.0/../../../../arm-none-eabi/lib/armv6k/fpu/libg.a(libc_a-mprec.o)
                0x001190b0                __i2b
 .text.__multiply
                0x00119154      0x230 /opt/devkitpro/devkitARM/lib/gcc/arm-none-eabi/15.2.0/../../../../arm-none-eabi/lib/armv6k/fpu/libg.a(libc_a-mprec.o)
                0x00119154                __multiply
 .text.__pow5mult
                0x00119384      0x130 /opt/devkitpro/devkitARM/lib/gcc/arm-none-eabi/15.2.0/../../../../arm-none-eabi/lib/armv6k/fpu/libg.a(libc_a-mprec.o)
                0x00119384                __pow5mult
 .text.__lshift
                0x001194b4      0x138 /opt/devkitpro/devkitARM/lib/gcc/arm-none-eabi/15.2.0/../../../../arm-none-eabi/lib/armv6k/fpu/libg.a(libc_a-mprec.o)
                0x001194b4                __lshift
 .text.__mcmp   0x001195ec       0x58 /opt/devkitpro/devkitARM/lib/gcc/arm-none-eabi/15.2.0/../../../../arm-none-eabi/lib/armv6k/fpu/libg.a(libc_a-mprec.o)
                0x001195ec                __mcmp
 .text.__mdiff  0x00119644      0x218 /opt/devkitpro/devkitARM/lib/gcc/arm-none-eabi/15.2.0/../../../../arm-none-eabi/lib/armv6k/fpu/libg.a(libc_a-mprec.o)
                0x00119644                __mdiff
 .text.__ulp    0x0011985c       0x68 /opt/devkitpro/devkitARM/lib/gcc/arm-none-eabi/15.2.0/../../../../arm-none-eabi/lib/armv6k/fpu/libg.a(libc_a-mprec.o)
                0x0011985c                __ulp
 .text.__b2d    0x001198c4       0xd4 /opt/devkitpro/devkitARM/lib/gcc/arm-none-eabi/15.2.0/../../../../arm-none-eabi/lib/armv6k/fpu/libg.a(libc_a-mprec.o)
                0x001198c4                __b2d
 .text.__d2b    0x00119998      0x120 /opt/devkitpro/devkitARM/lib/gcc/arm-none-eabi/15.2.0/../../../../arm-none-eabi/lib/armv6k/fpu/libg.a(libc_a-mprec.o)
                0x00119998                __d2b
 .text.__ratio  0x00119ab8       0x78 /opt/devkitpro/devkitARM/lib/gcc/arm-none-eabi/15.2.0/../../../../arm-none-eabi/lib/armv6k/fpu/libg.a(libc_a-mprec.o)
                0x00119ab8                __ratio
 .text.__copybits
                0x00119b30       0x8c /opt/devkitpro/devkitARM/lib/gcc/arm-none-eabi/15.2.0/../../../../arm-none-eabi/lib/armv6k/fpu/libg.a(libc_a-mprec.o)
                0x00119b30                __copybits
 .text.__any_on
                0x00119bbc       0x5c /opt/devkitpro/devkitARM/lib/gcc/arm-none-eabi/15.2.0/../../../../arm-none-eabi/lib/armv6k/fpu/libg.a(libc_a-mprec.o)
                0x00119bbc                __any_on
 .text._fwalk_sglue
                0x00119c18       0x70 /opt/devkitpro/devkitARM/lib/gcc/arm-none-eabi/15.2.0/../../../../arm-none-eabi/lib/armv6k/fpu/libg.a(libc_a-fwalk.o)
                0x00119c18                _fwalk_sglue
 .text.get_arg  0x00119c88      0x5e0 /opt/devkitpro/devkitARM/lib/gcc/arm-none-eabi/15.2.0/../../../../arm-none-eabi/lib/armv6k/fpu/libg.a(libc_a-vfprintf.o)
 .text._vfprintf_r
                0x0011a268     0x3554 /opt/devkitpro/devkitARM/lib/gcc/arm-none-eabi/15.2.0/../../../../arm-none-eabi/lib/armv6k/fpu/libg.a(libc_a-vfprintf.o)
                0x0011a268                _vfprintf_r
 .text.__sbprintf
                0x0011d7bc       0xb4 /opt/devkitpro/devkitARM/lib/gcc/arm-none-eabi/15.2.0/../../../../arm-none-eabi/lib/armv6k/fpu/libg.a(libc_a-vfprintf.o)
 .text._wcrtomb_r
                0x0011d870       0xa0 /opt/devkitpro/devkitARM/lib/gcc/arm-none-eabi/15.2.0/../../../../arm-none-eabi/lib/armv6k/fpu/libg.a(libc_a-wcrtomb.o)
                0x0011d870                _wcrtomb_r
 .text.__ssprint_r
                0x0011d910       0xa4 /opt/devkitpro/devkitARM/lib/gcc/arm-none-eabi/15.2.0/../../../../arm-none-eabi/lib/armv6k/fpu/libg.a(libc_a-ssprint_r.o)
                0x0011d910                __ssprint_r
 .text.__utf8_mbtowc
                0x0011d9b4      0x340 /opt/devkitpro/devkitARM/lib/gcc/arm-none-eabi/15.2.0/../../../../arm-none-eabi/lib/armv6k/fpu/libg.a(libc_a-mbtowc_r.o)
                0x0011d9b4                __utf8_mbtowc
 .text.fiprintf
                0x0011dcf4       0x3c /opt/devkitpro/devkitARM/lib/gcc/arm-none-eabi/15.2.0/../../../../arm-none-eabi/lib/armv6k/fpu/libg.a(libc_a-fiprintf.o)
                0x0011dcf4                fiprintf
 .text.strchr   0x0011dd30      0x140 /opt/devkitpro/devkitARM/lib/gcc/arm-none-eabi/15.2.0/../../../../arm-none-eabi/lib/armv6k/fpu/libg.a(libc_a-strchr.o)
                0x0011dd30                strchr
 .text.abort    0x0011de70       0x14 /opt/devkitpro/devkitARM/lib/gcc/arm-none-eabi/15.2.0/../../../../arm-none-eabi/lib/armv6k/fpu/libg.a(libc_a-abort.o)
                0x0011de70                abort
 .text.__smakebuf_r
                0x0011de84      0x164 /opt/devkitpro/devkitARM/lib/gcc/arm-none-eabi/15.2.0/../../../../arm-none-eabi/lib/armv6k/fpu/libg.a(libc_a-makebuf.o)
                0x0011de84                __smakebuf_r
 .text.__swhatbuf_r
                0x0011dfe8       0x90 /opt/devkitpro/devkitARM/lib/gcc/arm-none-eabi/15.2.0/../../../../arm-none-eabi/lib/armv6k/fpu/libg.a(libc_a-makebuf.o)
                0x0011dfe8                __swhatbuf_r
 .text._calloc_r
                0x0011e078       0xd8 /opt/devkitpro/devkitARM/lib/gcc/arm-none-eabi/15.2.0/../../../../arm-none-eabi/lib/armv6k/fpu/libg.a(libc_a-callocr.o)
                0x0011e078                _calloc_r
 .text.__sprint_r
                0x0011e150       0x30 /opt/devkitpro/devkitARM/lib/gcc/arm-none-eabi/15.2.0/../../../../arm-none-eabi/lib/armv6k/fpu/libg.a(libc_a-sprint_r.o)
                0x0011e150                __sprint_r
 .text.get_arg  0x0011e180       0x50 /opt/devkitpro/devkitARM/lib/gcc/arm-none-eabi/15.2.0/../../../../arm-none-eabi/lib/armv6k/fpu/libg.a(libc_a-vfscanf.o)
 .text.__svfscanf_r
                0x0011e1d0     0x2bc4 /opt/devkitpro/devkitARM/lib/gcc/arm-none-eabi/15.2.0/../../../../arm-none-eabi/lib/armv6k/fpu/libg.a(libc_a-vfscanf.o)
                0x0011e1d0                __svfscanf_r
 .text._vfscanf_r
                0x00120d94       0x40 /opt/devkitpro/devkitARM/lib/gcc/arm-none-eabi/15.2.0/../../../../arm-none-eabi/lib/armv6k/fpu/libg.a(libc_a-vfscanf.o)
                0x00120d94                _vfscanf_r
 .text._putc_r  0x00120dd4       0xfc /opt/devkitpro/devkitARM/lib/gcc/arm-none-eabi/15.2.0/../../../../arm-none-eabi/lib/armv6k/fpu/libg.a(libc_a-putc.o)
                0x00120dd4                _putc_r
 .text.quorem   0x00120ed0      0x1c0 /opt/devkitpro/devkitARM/lib/gcc/arm-none-eabi/15.2.0/../../../../arm-none-eabi/lib/armv6k/fpu/libg.a(libc_a-dtoa.o)
 .text._dtoa_r  0x00121090     0x1420 /opt/devkitpro/devkitARM/lib/gcc/arm-none-eabi/15.2.0/../../../../arm-none-eabi/lib/armv6k/fpu/libg.a(libc_a-dtoa.o)
                0x00121090                _dtoa_r
 .text.__swbuf_r
                0x001224b0      0x124 /opt/devkitpro/devkitARM/lib/gcc/arm-none-eabi/15.2.0/../../../../arm-none-eabi/lib/armv6k/fpu/libg.a(libc_a-wbuf.o)
                0x001224b0                __swbuf_r
 .text.memchr   0x001225d4       0xe8 /opt/devkitpro/devkitARM/lib/gcc/arm-none-eabi/15.2.0/../../../../arm-none-eabi/lib/armv6k/fpu/libg.a(libc_a-memchr-stub.o)
                0x001225d4                memchr
 .text._wcsrtombs_r
                0x001226bc       0x28 /opt/devkitpro/devkitARM/lib/gcc/arm-none-eabi/15.2.0/../../../../arm-none-eabi/lib/armv6k/fpu/libg.a(libc_a-wcsrtombs.o)
                0x001226bc                _wcsrtombs_r
 .text.__swsetup_r
                0x001226e4      0x140 /opt/devkitpro/devkitARM/lib/gcc/arm-none-eabi/15.2.0/../../../../arm-none-eabi/lib/armv6k/fpu/libg.a(libc_a-wsetup.o)
                0x001226e4                __swsetup_r
 .text._localeconv_r
                0x00122824       0x24 /opt/devkitpro/devkitARM/lib/gcc/arm-none-eabi/15.2.0/../../../../arm-none-eabi/lib/armv6k/fpu/libg.a(libc_a-localeconv.o)
                0x00122824                _localeconv_r
 .text.__ssputs_r
                0x00122848      0x12c /opt/devkitpro/devkitARM/lib/gcc/arm-none-eabi/15.2.0/../../../../arm-none-eabi/lib/armv6k/fpu/libg.a(libc_a-ssputs_r.o)
                0x00122848                __ssputs_r
 .text.get_arg  0x00122974      0x5e0 /opt/devkitpro/devkitARM/lib/gcc/arm-none-eabi/15.2.0/../../../../arm-none-eabi/lib/armv6k/fpu/libg.a(libc_a-vfiprintf.o)
 .text._vfiprintf_r
                0x00122f54     0x22f8 /opt/devkitpro/devkitARM/lib/gcc/arm-none-eabi/15.2.0/../../../../arm-none-eabi/lib/armv6k/fpu/libg.a(libc_a-vfiprintf.o)
                0x00122f54                _vfiprintf_r
 .text.__sbprintf
                0x0012524c       0xb4 /opt/devkitpro/devkitARM/lib/gcc/arm-none-eabi/15.2.0/../../../../arm-none-eabi/lib/armv6k/fpu/libg.a(libc_a-vfiprintf.o)
 .text._wcsnrtombs_l
                0x00125300      0x15c /opt/devkitpro/devkitARM/lib/gcc/arm-none-eabi/15.2.0/../../../../arm-none-eabi/lib/armv6k/fpu/libg.a(libc_a-wcsnrtombs.o)
                0x00125300                _wcsnrtombs_l
 .text._wcsnrtombs_r
                0x0012545c       0x64 /opt/devkitpro/devkitARM/lib/gcc/arm-none-eabi/15.2.0/../../../../arm-none-eabi/lib/armv6k/fpu/libg.a(libc_a-wcsnrtombs.o)
                0x0012545c                _wcsnrtombs_r
 .text.sprintf  0x001254c0       0x68 /opt/devkitpro/devkitARM/lib/gcc/arm-none-eabi/15.2.0/../../../../arm-none-eabi/lib/armv6k/fpu/libg.a(libc_a-sprintf.o)
                0x001254c0                sprintf
 .text.stpncpy  0x00125528       0xdc /opt/devkitpro/devkitARM/lib/gcc/arm-none-eabi/15.2.0/../../../../arm-none-eabi/lib/armv6k/fpu/libg.a(libc_a-stpncpy.o)
                0x00125528                stpncpy
 .text._fread_r
                0x00125604      0x334 /opt/devkitpro/devkitARM/lib/gcc/arm-none-eabi/15.2.0/../../../../arm-none-eabi/lib/armv6k/fpu/libg.a(libc_a-fread.o)
                0x00125604                _fread_r
 .text.iswspace
                0x00125938        0x8 /opt/devkitpro/devkitARM/lib/gcc/arm-none-eabi/15.2.0/../../../../arm-none-eabi/lib/armv6k/fpu/libg.a(libc_a-iswspace.o)
                0x00125938                iswspace
 .text._strtoull_l.isra.0
                0x00125940      0x264 /opt/devkitpro/devkitARM/lib/gcc/arm-none-eabi/15.2.0/../../../../arm-none-eabi/lib/armv6k/fpu/libg.a(libc_a-strtoull.o)
 .text._strtoull_r
                0x00125ba4       0x38 /opt/devkitpro/devkitARM/lib/gcc/arm-none-eabi/15.2.0/../../../../arm-none-eabi/lib/armv6k/fpu/libg.a(libc_a-strtoull.o)
                0x00125ba4                _strtoull_r
 .text.__submore
                0x00125bdc       0xb8 /opt/devkitpro/devkitARM/lib/gcc/arm-none-eabi/15.2.0/../../../../arm-none-eabi/lib/armv6k/fpu/libg.a(libc_a-ungetc.o)
                0x00125bdc                __submore
 .text._ungetc_r
                0x00125c94      0x230 /opt/devkitpro/devkitARM/lib/gcc/arm-none-eabi/15.2.0/../../../../arm-none-eabi/lib/armv6k/fpu/libg.a(libc_a-ungetc.o)
                0x00125c94                _ungetc_r
 .text._mbrtowc_r
                0x00125ec4       0xc4 /opt/devkitpro/devkitARM/lib/gcc/arm-none-eabi/15.2.0/../../../../arm-none-eabi/lib/armv6k/fpu/libg.a(libc_a-mbrtowc.o)
                0x00125ec4                _mbrtowc_r
 .text.__sfvwrite_r
                0x00125f88      0x4a4 /opt/devkitpro/devkitARM/lib/gcc/arm-none-eabi/15.2.0/../../../../arm-none-eabi/lib/armv6k/fpu/libg.a(libc_a-fvwrite.o)
                0x00125f88                __sfvwrite_r
 .text._raise_r
                0x0012642c       0x9c /opt/devkitpro/devkitARM/lib/gcc/arm-none-eabi/15.2.0/../../../../arm-none-eabi/lib/armv6k/fpu/libg.a(libc_a-signal.o)
                0x0012642c                _raise_r
 .text.raise    0x001264c8       0x20 /opt/devkitpro/devkitARM/lib/gcc/arm-none-eabi/15.2.0/../../../../arm-none-eabi/lib/armv6k/fpu/libg.a(libc_a-signal.o)
                0x001264c8                raise
 .text.__sccl   0x001264e8       0xf8 /opt/devkitpro/devkitARM/lib/gcc/arm-none-eabi/15.2.0/../../../../arm-none-eabi/lib/armv6k/fpu/libg.a(libc_a-sccl.o)
                0x001264e8                __sccl
 .text._strtoll_l.isra.0
                0x001265e0      0x47c /opt/devkitpro/devkitARM/lib/gcc/arm-none-eabi/15.2.0/../../../../arm-none-eabi/lib/armv6k/fpu/libg.a(libc_a-strtoll.o)
 .text._strtoll_r
                0x00126a5c       0x38 /opt/devkitpro/devkitARM/lib/gcc/arm-none-eabi/15.2.0/../../../../arm-none-eabi/lib/armv6k/fpu/libg.a(libc_a-strtoll.o)
                0x00126a5c                _strtoll_r
 .text.realloc  0x00126a94       0x28 /opt/devkitpro/devkitARM/lib/gcc/arm-none-eabi/15.2.0/../../../../arm-none-eabi/lib/armv6k/fpu/libg.a(libc_a-realloc.o)
                0x00126a94                realloc
 .text.memmove  0x00126abc      0x1a8 /opt/devkitpro/devkitARM/lib/gcc/arm-none-eabi/15.2.0/../../../../arm-none-eabi/lib/armv6k/fpu/libg.a(libc_a-memmove.o)
                0x00126abc                memmove
 .text._realloc_r
                0x00126c64      0x4f0 /opt/devkitpro/devkitARM/lib/gcc/arm-none-eabi/15.2.0/../../../../arm-none-eabi/lib/armv6k/fpu/libg.a(libc_a-reallocr.o)
                0x00126c64                _realloc_r
 .text.iswspace_l
                0x00127154       0x38 /opt/devkitpro/devkitARM/lib/gcc/arm-none-eabi/15.2.0/../../../../arm-none-eabi/lib/armv6k/fpu/libg.a(libc_a-iswspace_l.o)
                0x00127154                iswspace_l
 .text.category
                0x0012718c       0x90 /opt/devkitpro/devkitARM/lib/gcc/arm-none-eabi/15.2.0/../../../../arm-none-eabi/lib/armv6k/fpu/libg.a(libc_a-categories.o)
                0x0012718c                category
 .text._exit    0x0012721c       0x20 /opt/devkitpro/devkitARM/lib/gcc/arm-none-eabi/15.2.0/../../../../arm-none-eabi/lib/armv6k/fpu/libsysbase.a(libsysbase_libsysbase_a-_exit.o)
                0x0012721c                _exit
 .text.chdir    0x0012723c      0x140 /opt/devkitpro/devkitARM/lib/gcc/arm-none-eabi/15.2.0/../../../../arm-none-eabi/lib/armv6k/fpu/libsysbase.a(libsysbase_libsysbase_a-chdir.o)
                0x0012723c                chdir
 .text._concatenate_path
                0x0012737c      0x1c8 /opt/devkitpro/devkitARM/lib/gcc/arm-none-eabi/15.2.0/../../../../arm-none-eabi/lib/armv6k/fpu/libsysbase.a(libsysbase_libsysbase_a-concatenate.o)
                0x0012737c                _concatenate_path
 .text._fstat_r
                0x00127544       0x9c /opt/devkitpro/devkitARM/lib/gcc/arm-none-eabi/15.2.0/../../../../arm-none-eabi/lib/armv6k/fpu/libsysbase.a(libsysbase_libsysbase_a-fstat.o)
                0x00127544                _fstat_r
 .text._getpid_r
                0x001275e0       0x14 /opt/devkitpro/devkitARM/lib/gcc/arm-none-eabi/15.2.0/../../../../arm-none-eabi/lib/armv6k/fpu/libsysbase.a(libsysbase_libsysbase_a-getpid.o)
                0x001275e0                _getpid_r
 .text.__getreent
                0x001275f4       0x2c /opt/devkitpro/devkitARM/lib/gcc/arm-none-eabi/15.2.0/../../../../arm-none-eabi/lib/armv6k/fpu/libsysbase.a(libsysbase_libsysbase_a-getreent.o)
                0x001275f4                __getreent
 .text.__release_handle
                0x00127620       0xa0 /opt/devkitpro/devkitARM/lib/gcc/arm-none-eabi/15.2.0/../../../../arm-none-eabi/lib/armv6k/fpu/libsysbase.a(libsysbase_libsysbase_a-handle_manager.o)
                0x00127620                __release_handle
 .text.__alloc_handle
                0x001276c0       0xb0 /opt/devkitpro/devkitARM/lib/gcc/arm-none-eabi/15.2.0/../../../../arm-none-eabi/lib/armv6k/fpu/libsysbase.a(libsysbase_libsysbase_a-handle_manager.o)
                0x001276c0                __alloc_handle
 .text.__get_handle
                0x00127770       0x58 /opt/devkitpro/devkitARM/lib/gcc/arm-none-eabi/15.2.0/../../../../arm-none-eabi/lib/armv6k/fpu/libsysbase.a(libsysbase_libsysbase_a-handle_manager.o)
                0x00127770                __get_handle
 .text._close_r
                0x001277c8      0x110 /opt/devkitpro/devkitARM/lib/gcc/arm-none-eabi/15.2.0/../../../../arm-none-eabi/lib/armv6k/fpu/libsysbase.a(libsysbase_libsysbase_a-handle_manager.o)
                0x001277c8                _close_r
 .text.null_write
                0x001278d8        0x8 /opt/devkitpro/devkitARM/lib/gcc/arm-none-eabi/15.2.0/../../../../arm-none-eabi/lib/armv6k/fpu/libsysbase.a(libsysbase_libsysbase_a-iosupport.o)
 .text.setDefaultDevice
                0x001278e0       0x18 /opt/devkitpro/devkitARM/lib/gcc/arm-none-eabi/15.2.0/../../../../arm-none-eabi/lib/armv6k/fpu/libsysbase.a(libsysbase_libsysbase_a-iosupport.o)
                0x001278e0                setDefaultDevice
 .text.FindDevice
                0x001278f8       0x98 /opt/devkitpro/devkitARM/lib/gcc/arm-none-eabi/15.2.0/../../../../arm-none-eabi/lib/armv6k/fpu/libsysbase.a(libsysbase_libsysbase_a-iosupport.o)
                0x001278f8                FindDevice
 .text.RemoveDevice
                0x00127990       0x24 /opt/devkitpro/devkitARM/lib/gcc/arm-none-eabi/15.2.0/../../../../arm-none-eabi/lib/armv6k/fpu/libsysbase.a(libsysbase_libsysbase_a-iosupport.o)
                0x00127990                RemoveDevice
 .text.AddDevice
                0x001279b4       0x88 /opt/devkitpro/devkitARM/lib/gcc/arm-none-eabi/15.2.0/../../../../arm-none-eabi/lib/armv6k/fpu/libsysbase.a(libsysbase_libsysbase_a-iosupport.o)
                0x001279b4                AddDevice
 .text.GetDeviceOpTab
                0x00127a3c       0x20 /opt/devkitpro/devkitARM/lib/gcc/arm-none-eabi/15.2.0/../../../../arm-none-eabi/lib/armv6k/fpu/libsysbase.a(libsysbase_libsysbase_a-iosupport.o)
                0x00127a3c                GetDeviceOpTab
 .text._isatty_r
                0x00127a5c        0x8 /opt/devkitpro/devkitARM/lib/gcc/arm-none-eabi/15.2.0/../../../../arm-none-eabi/lib/armv6k/fpu/libsysbase.a(libsysbase_libsysbase_a-isatty.o)
                0x00127a5c                _isatty_r
 .text._kill_r  0x00127a64       0x14 /opt/devkitpro/devkitARM/lib/gcc/arm-none-eabi/15.2.0/../../../../arm-none-eabi/lib/armv6k/fpu/libsysbase.a(libsysbase_libsysbase_a-kill.o)
                0x00127a64                _kill_r
 .text._lseek_r
                0x00127a78       0x94 /opt/devkitpro/devkitARM/lib/gcc/arm-none-eabi/15.2.0/../../../../arm-none-eabi/lib/armv6k/fpu/libsysbase.a(libsysbase_libsysbase_a-lseek.o)
                0x00127a78                _lseek_r
 .text.mkdir    0x00127b0c       0x68 /opt/devkitpro/devkitARM/lib/gcc/arm-none-eabi/15.2.0/../../../../arm-none-eabi/lib/armv6k/fpu/libsysbase.a(libsysbase_libsysbase_a-mkdir.o)
                0x00127b0c                mkdir
 .text._open_r  0x00127b74       0xc0 /opt/devkitpro/devkitARM/lib/gcc/arm-none-eabi/15.2.0/../../../../arm-none-eabi/lib/armv6k/fpu/libsysbase.a(libsysbase_libsysbase_a-open.o)
                0x00127b74                _open_r
 .text._read_r  0x00127c34       0x94 /opt/devkitpro/devkitARM/lib/gcc/arm-none-eabi/15.2.0/../../../../arm-none-eabi/lib/armv6k/fpu/libsysbase.a(libsysbase_libsysbase_a-read.o)
                0x00127c34                _read_r
 .text._sbrk_r  0x00127cc8       0x78 /opt/devkitpro/devkitARM/lib/gcc/arm-none-eabi/15.2.0/../../../../arm-none-eabi/lib/armv6k/fpu/libsysbase.a(libsysbase_libsysbase_a-sbrk.o)
                0x00127cc8                _sbrk_r
 .text.__libc_lock_acquire
                0x00127d40       0x1c /opt/devkitpro/devkitARM/lib/gcc/arm-none-eabi/15.2.0/../../../../arm-none-eabi/lib/armv6k/fpu/libsysbase.a(libsysbase_libsysbase_a-syscall_support.o)
                0x00127d40                __libc_lock_acquire
 .text.__libc_lock_release
                0x00127d5c       0x1c /opt/devkitpro/devkitARM/lib/gcc/arm-none-eabi/15.2.0/../../../../arm-none-eabi/lib/armv6k/fpu/libsysbase.a(libsysbase_libsysbase_a-syscall_support.o)
                0x00127d5c                __libc_lock_release
 .text.__libc_lock_acquire_recursive
                0x00127d78       0x1c /opt/devkitpro/devkitARM/lib/gcc/arm-none-eabi/15.2.0/../../../../arm-none-eabi/lib/armv6k/fpu/libsysbase.a(libsysbase_libsysbase_a-syscall_support.o)
                0x00127d78                __libc_lock_acquire_recursive
 .text.__libc_lock_release_recursive
                0x00127d94       0x1c /opt/devkitpro/devkitARM/lib/gcc/arm-none-eabi/15.2.0/../../../../arm-none-eabi/lib/armv6k/fpu/libsysbase.a(libsysbase_libsysbase_a-syscall_support.o)
                0x00127d94                __libc_lock_release_recursive
 .text._write_r
                0x00127db0       0x94 /opt/devkitpro/devkitARM/lib/gcc/arm-none-eabi/15.2.0/../../../../arm-none-eabi/lib/armv6k/fpu/libsysbase.a(libsysbase_libsysbase_a-write.o)
                0x00127db0                _write_r
 .text.strrchr  0x00127e44       0x48 /opt/devkitpro/devkitARM/lib/gcc/arm-none-eabi/15.2.0/../../../../arm-none-eabi/lib/armv6k/fpu/libg.a(libc_a-strrchr.o)
                0x00127e44                strrchr
 *(.glue_7)
 .glue_7        0x00127e8c        0x0 linker stubs
 *(.glue_7t)
 .glue_7t       0x00127e8c        0x0 linker stubs
 *(.stub)
 *(.gnu.warning)
 *(.gnu.linkonce.t*)
                0x00127e8c                        . = ALIGN (0x4)
 *(.fini)
 .fini          0x00127e8c        0xc /opt/devkitpro/devkitARM/lib/gcc/arm-none-eabi/15.2.0/armv6k/fpu/crti.o
                0x00127e8c                _fini
 .fini          0x00127e98        0xc /opt/devkitpro/devkitARM/lib/gcc/arm-none-eabi/15.2.0/armv6k/fpu/crtn.o
                0x00127ea4                        . = ALIGN (0x4)

.vfp11_veneer   0x00127ea4        0x0
 .vfp11_veneer  0x00127ea4        0x0 linker stubs

.v4_bx          0x00127ea4        0x0
 .v4_bx         0x00127ea4        0x0 linker stubs

.iplt           0x00127ea4        0x0
 .iplt          0x00127ea4        0x0 /opt/devkitpro/devkitARM/lib/gcc/arm-none-eabi/15.2.0/../../../../arm-none-eabi/lib/armv6k/fpu/3dsx_crt0.o
                0x00128000                        . = ALIGN (0x1000)

.rodata         0x00128000     0x7f90
 *(.rodata)
 .rodata        0x00128000      0x690 lang.o
 .rodata        0x00128690       0x48 main.o
 .rodata        0x001286d8      0x190 wheather.o
 .rodata        0x00128868        0xc /opt/devkitpro/libctru/lib/libctru.a(archive_dev.o)
 *(.roda)
 *(.rodata.*)
 .rodata.str1.4
                0x00128874     0x2818 cities.o
                                 0x4d (size before relaxing)
 .rodata.str1.4
                0x0012b08c        0x0 lang.o
                               0x19a4 (size before relaxing)
 .rodata.str1.4
                0x0012b08c        0x0 main.o
                                0x60b (size before relaxing)
 .rodata.str1.4
                0x0012b08c        0x0 wheather.o
                                0x5ee (size before relaxing)
 .rodata.consolePrintChar
                0x0012b08c        0x6 /opt/devkitpro/libctru/lib/libctru.a(console.o)
 .rodata.con_write
                0x0012b092      0x23c /opt/devkitpro/libctru/lib/libctru.a(console.o)
 .rodata.str1.4
                0x0012b2ce        0x0 /opt/devkitpro/libctru/lib/libctru.a(console.o)
                                 0x10 (size before relaxing)
 *fill*         0x0012b2ce        0x2 
 .rodata.dotab_stdout
                0x0012b2d0       0x80 /opt/devkitpro/libctru/lib/libctru.a(console.o)
 .rodata.grayScale
                0x0012b350       0x18 /opt/devkitpro/libctru/lib/libctru.a(console.o)
 .rodata.colorCube
                0x0012b368        0x6 /opt/devkitpro/libctru/lib/libctru.a(console.o)
 *fill*         0x0012b36e        0x2 
 .rodata.colorTable
                0x0012b370       0x30 /opt/devkitpro/libctru/lib/libctru.a(console.o)
 .rodata.aptEventHandler
                0x0012b3a0        0xb /opt/devkitpro/libctru/lib/libctru.a(apt.o)
 .rodata.aptWaitForWakeUp.isra.0
                0x0012b3ab       0x11 /opt/devkitpro/libctru/lib/libctru.a(apt.o)
 .rodata.morton_y.2
                0x0012b3bc        0x8 /opt/devkitpro/libctru/lib/libctru.a(apt.o)
 .rodata.morton_x.3
                0x0012b3c4        0x8 /opt/devkitpro/libctru/lib/libctru.a(apt.o)
 .rodata.s_sleepWakeEvents.4
                0x0012b3cc        0x8 /opt/devkitpro/libctru/lib/libctru.a(apt.o)
 .rodata.str1.4
                0x0012b3d4        0x0 /opt/devkitpro/libctru/lib/libctru.a(apt.o)
                                 0x16 (size before relaxing)
 .rodata.serviceNameTable.5
                0x0012b3d4        0xc /opt/devkitpro/libctru/lib/libctru.a(apt.o)
 .rodata.gspInit.str1.4
                0x0012b3e0        0x0 /opt/devkitpro/libctru/lib/libctru.a(gspgpu.o)
                                  0x9 (size before relaxing)
 .rodata.hidInit.str1.4
                0x0012b3e0        0x0 /opt/devkitpro/libctru/lib/libctru.a(hid.o)
                                 0x15 (size before relaxing)
 .rodata.httpcInit.str1.4
                0x0012b3e0        0x0 /opt/devkitpro/libctru/lib/libctru.a(httpc.o)
                                  0x7 (size before relaxing)
 .rodata.irrstInit.str1.4
                0x0012b3e0        0x0 /opt/devkitpro/libctru/lib/libctru.a(irrst.o)
                                  0x7 (size before relaxing)
 .rodata.socInit.str1.4
                0x0012b3e0        0x0 /opt/devkitpro/libctru/lib/libctru.a(soc_init.o)
                                  0xe (size before relaxing)
 .rodata.str1.4
                0x0012b3e0        0x0 /opt/devkitpro/libctru/lib/libctru.a(soc_init.o)
                                  0x4 (size before relaxing)
 .rodata.__system_initArgv.str1.4
                0x0012b3e0        0x0 /opt/devkitpro/libctru/lib/libctru.a(initArgv.o)
                                  0xa (size before relaxing)
 .rodata.default_font_bin
                0x0012b3e0      0x800 /opt/devkitpro/libctru/lib/libctru.a(default_font.bin.o)
                0x0012b3e0                default_font_bin
                0x0012bbe0                default_font_bin_end
 .rodata.srvInit.str1.4
                0x0012bbe0        0x0 /opt/devkitpro/libctru/lib/libctru.a(srv.o)
                                  0x5 (size before relaxing)
 .rodata.ptmSysmInit.str1.4
                0x0012bbe0        0x0 /opt/devkitpro/libctru/lib/libctru.a(ptmsysm.o)
                                  0x9 (size before relaxing)
 .rodata._net_error_code_map
                0x0012bbe0       0x4d /opt/devkitpro/libctru/lib/libctru.a(soc_common.o)
 .rodata.archive_utf16path.str1.4
                0x0012bc2d        0x0 /opt/devkitpro/libctru/lib/libctru.a(archive_dev.o)
                                  0x2 (size before relaxing)
 .rodata._archiveUnmountDeviceStruct.part.0.str1.4
                0x0012bc2d        0x0 /opt/devkitpro/libctru/lib/libctru.a(archive_dev.o)
                                  0x2 (size before relaxing)
 .rodata._archiveMountDevice.str1.4
                0x0012bc2d        0x0 /opt/devkitpro/libctru/lib/libctru.a(archive_dev.o)
                                  0xc (size before relaxing)
 .rodata.archiveMountSdmc.str1.4
                0x0012bc2d        0x0 /opt/devkitpro/libctru/lib/libctru.a(archive_dev.o)
                                  0x5 (size before relaxing)
 *fill*         0x0012bc2d        0x3 
 .rodata.error_table
                0x0012bc30       0x30 /opt/devkitpro/libctru/lib/libctru.a(archive_dev.o)
 .rodata.str1.4
                0x0012bc60        0x0 /opt/devkitpro/libctru/lib/libctru.a(archive_dev.o)
                                  0x8 (size before relaxing)
 .rodata.archive_devoptab
                0x0012bc60       0x80 /opt/devkitpro/libctru/lib/libctru.a(archive_dev.o)
 .rodata.fsInit.str1.4
                0x0012bce0        0x0 /opt/devkitpro/libctru/lib/libctru.a(fs.o)
                                  0x8 (size before relaxing)
 .rodata._strtod_l.str1.4
                0x0012bce0        0x0 /opt/devkitpro/devkitARM/lib/gcc/arm-none-eabi/15.2.0/../../../../arm-none-eabi/lib/armv6k/fpu/libg.a(libc_a-strtod.o)
                                 0x15 (size before relaxing)
 .rodata._strtod_l
                0x0012bce0       0x61 /opt/devkitpro/devkitARM/lib/gcc/arm-none-eabi/15.2.0/../../../../arm-none-eabi/lib/armv6k/fpu/libg.a(libc_a-strtod.o)
 *fill*         0x0012bd41        0x3 
 .rodata.fpinan.0
                0x0012bd44       0x14 /opt/devkitpro/devkitARM/lib/gcc/arm-none-eabi/15.2.0/../../../../arm-none-eabi/lib/armv6k/fpu/libg.a(libc_a-strtod.o)
 .rodata.fpi.1  0x0012bd58       0x14 /opt/devkitpro/devkitARM/lib/gcc/arm-none-eabi/15.2.0/../../../../arm-none-eabi/lib/armv6k/fpu/libg.a(libc_a-strtod.o)
 *fill*         0x0012bd6c        0x4 
 .rodata.tinytens
                0x0012bd70       0x28 /opt/devkitpro/devkitARM/lib/gcc/arm-none-eabi/15.2.0/../../../../arm-none-eabi/lib/armv6k/fpu/libg.a(libc_a-strtod.o)
 .rodata.__gethex.str1.4
                0x0012bd98        0x0 /opt/devkitpro/devkitARM/lib/gcc/arm-none-eabi/15.2.0/../../../../arm-none-eabi/lib/armv6k/fpu/libg.a(libc_a-gdtoa-gethex.o)
                                 0x94 (size before relaxing)
 .rodata.__hexdig
                0x0012bd98      0x100 /opt/devkitpro/devkitARM/lib/gcc/arm-none-eabi/15.2.0/../../../../arm-none-eabi/lib/armv6k/fpu/libg.a(libc_a-gdtoa-gethex.o)
                0x0012bd98                __hexdig
 .rodata.str1.4
                0x0012be98        0x0 /opt/devkitpro/devkitARM/lib/gcc/arm-none-eabi/15.2.0/../../../../arm-none-eabi/lib/armv6k/fpu/libg.a(libc_a-locale.o)
                                 0x4c (size before relaxing)
 .rodata.get_arg
                0x0012be98       0x34 /opt/devkitpro/devkitARM/lib/gcc/arm-none-eabi/15.2.0/../../../../arm-none-eabi/lib/armv6k/fpu/libg.a(libc_a-svfprintf.o)
 .rodata._svfprintf_r.str1.1
                0x0012becc       0x40 /opt/devkitpro/devkitARM/lib/gcc/arm-none-eabi/15.2.0/../../../../arm-none-eabi/lib/armv6k/fpu/libg.a(libc_a-svfprintf.o)
                                 0x3b (size before relaxing)
 .rodata._svfprintf_r
                0x0012bf0c       0xb6 /opt/devkitpro/devkitARM/lib/gcc/arm-none-eabi/15.2.0/../../../../arm-none-eabi/lib/armv6k/fpu/libg.a(libc_a-svfprintf.o)
 *fill*         0x0012bfc2        0x2 
 .rodata.zeroes.0
                0x0012bfc4       0x10 /opt/devkitpro/devkitARM/lib/gcc/arm-none-eabi/15.2.0/../../../../arm-none-eabi/lib/armv6k/fpu/libg.a(libc_a-svfprintf.o)
 .rodata.blanks.1
                0x0012bfd4       0x10 /opt/devkitpro/devkitARM/lib/gcc/arm-none-eabi/15.2.0/../../../../arm-none-eabi/lib/armv6k/fpu/libg.a(libc_a-svfprintf.o)
 .rodata._ctype_
                0x0012bfe4      0x101 /opt/devkitpro/devkitARM/lib/gcc/arm-none-eabi/15.2.0/../../../../arm-none-eabi/lib/armv6k/fpu/libg.a(libc_a-ctype_.o)
                0x0012bfe4                _ctype_
 .rodata.__assert_func.str1.4
                0x0012c0e5        0x0 /opt/devkitpro/devkitARM/lib/gcc/arm-none-eabi/15.2.0/../../../../arm-none-eabi/lib/armv6k/fpu/libg.a(libc_a-assert.o)
                                 0x43 (size before relaxing)
 .rodata.__multadd.str1.4
                0x0012c0e5        0x0 /opt/devkitpro/devkitARM/lib/gcc/arm-none-eabi/15.2.0/../../../../arm-none-eabi/lib/armv6k/fpu/libg.a(libc_a-mprec.o)
                                 0x89 (size before relaxing)
 *fill*         0x0012c0e5        0x3 
 .rodata.p05.0  0x0012c0e8        0xc /opt/devkitpro/devkitARM/lib/gcc/arm-none-eabi/15.2.0/../../../../arm-none-eabi/lib/armv6k/fpu/libg.a(libc_a-mprec.o)
 *fill*         0x0012c0f4        0x4 
 .rodata.__mprec_bigtens
                0x0012c0f8       0x28 /opt/devkitpro/devkitARM/lib/gcc/arm-none-eabi/15.2.0/../../../../arm-none-eabi/lib/armv6k/fpu/libg.a(libc_a-mprec.o)
                0x0012c0f8                __mprec_bigtens
 .rodata.__mprec_tens